W/Trace   (  654): Unexpected value from nativeGetEnabledTags: 0
W/Trace   ( 1032): Unexpected value from nativeGetEnabledTags: 0
W/Trace   ( 1032): Unexpected value from nativeGetEnabledTags: 0
W/Trace   ( 1032): Unexpected value from nativeGetEnabledTags: 0
W/Trace   ( 1032): Unexpected value from nativeGetEnabledTags: 0
W/Trace   ( 1032): Unexpected value from nativeGetEnabledTags: 0
W/Trace   ( 1032): Unexpected value from nativeGetEnabledTags: 0
W/Trace   ( 1032): Unexpected value from nativeGetEnabledTags: 0
W/Trace   ( 1032): Unexpected value from nativeGetEnabledTags: 0
W/Trace   ( 1032): Unexpected value from nativeGetEnabledTags: 0
W/Trace   ( 1032): Unexpected value from nativeGetEnabledTags: 0
W/Trace   ( 1032): Unexpected value from nativeGetEnabledTags: 0
W/Trace   ( 1032): Unexpected value from nativeGetEnabledTags: 0
W/Trace   ( 1091): Unexpected value from nativeGetEnabledTags: 0
W/Trace   ( 1091): Unexpected value from nativeGetEnabledTags: 0
W/Trace   ( 1091): Unexpected value from nativeGetEnabledTags: 0
D/PowerManagerService(  560): releaseWakeLockInternal: lock=1110977400, flags=0x0
D/PowerManagerService(  560): updateWakeLockSummaryLocked: mWakefulness=Awake, mWakeLockSummary=0x23
D/PowerManagerService(  560): newScreenState = 2
D/PowerManagerDisplayController(  560): requestPowerState: screenState=2, useProximitySensor=false, screenBrightness=128, screenAutoBrightnessAdjustment=0.0, useAutoBrightness=false, useEcoBrightness=false, blockScreenOn=false, waitForNegativeProximity=false
I/PowerManagerService(  560): setBrightness mButtonLight, screenBrightness=128
D/PowerManagerService(  560): updateScreenStateLocked: mDisplayReady=true, newScreenState=2, mWakefulness=1, mWakeLockSummary=0x23, mUserActivitySummary=0x5, mBootCompleted=true
D/PowerManagerService(  560): handleSandman: canDream=true, mWakefulness=Awake
W/Trace   ( 1091): Unexpected value from nativeGetEnabledTags: 0
W/Trace   ( 3365): Unexpected value from nativeGetEnabledTags: 0
W/Trace   ( 3365): Unexpected value from nativeGetEnabledTags: 0
W/Trace   ( 3365): Unexpected value from nativeGetEnabledTags: 0
W/Trace   ( 3365): Unexpected value from nativeGetEnabledTags: 0
W/Trace   ( 3365): Unexpected value from nativeGetEnabledTags: 0
W/Trace   ( 3365): Unexpected value from nativeGetEnabledTags: 0
W/Trace   ( 3365): Unexpected value from nativeGetEnabledTags: 0
W/Trace   ( 3365): Unexpected value from nativeGetEnabledTags: 0
I/SurfaceTextureClient( 3365): [STC::queueBuffer] (this:0x5d8e0410) fps:1.05, dur:1897.77, max:1812.55, min:85.21
I/BufferQueue(  131): [com.joey.expresscall/com.joey.expresscall.login.JVLoginActivity](this:0x41c0d2b0,api:1) [queue] fps:1.05, dur:1897.61, max:1812.67, min:84.95
W/Trace   ( 3365): Unexpected value from nativeGetEnabledTags: 0
W/Trace   ( 3365): Unexpected value from nativeGetEnabledTags: 0
I/BufferQueue(  131): [com.joey.expresscall/com.joey.expresscall.login.JVLoginActivity](this:0x41c0d2b0,api:1) [release] fps:1.05, dur:1897.34, max:1826.03, min:71.31
W/Trace   (  560): Unexpected value from nativeGetEnabledTags: 0
D/KeyguardUpdateMonitor(  560): sendKeyguardVisibilityChanged(true)
D/KeyguardUpdateMonitor(  560): handleKeyguardVisibilityChanged(1)
D/KeyguardViewMediator(  560): handleMessage enter msg name=SET_HIDDEN
D/KeyguardViewMediator(  560): handleMessage exit msg name=SET_HIDDEN
W/Trace   (  560): Unexpected value from nativeGetEnabledTags: 0
V/ActivityManager(  560): getTasks: max=1, flags=0, receiver=null
V/ActivityManager(  560): com.joey.expresscall/.login.JVLoginActivity: task=TaskRecord{42b95890 #5 A com.joey.expresscall U 0}
V/ActivityManager(  560): We have pending thumbnails: null
W/Trace   ( 3365): Unexpected value from nativeGetEnabledTags: 0
W/Trace   ( 3365): Unexpected value from nativeGetEnabledTags: 0
W/Trace   ( 3365): Unexpected value from nativeGetEnabledTags: 0
W/Trace   ( 3365): Unexpected value from nativeGetEnabledTags: 0
W/Trace   ( 3365): Unexpected value from nativeGetEnabledTags: 0
W/Trace   ( 3365): Unexpected value from nativeGetEnabledTags: 0
W/Trace   ( 3365): Unexpected value from nativeGetEnabledTags: 0
W/Trace   ( 3365): Unexpected value from nativeGetEnabledTags: 0
W/Trace   ( 3365): Unexpected value from nativeGetEnabledTags: 0
W/Trace   ( 3365): Unexpected value from nativeGetEnabledTags: 0
I/SurfaceFlinger(  131): [SurfaceFlinger] fps:37.578674,dur:1410.37,max:479.15,min:10.84
D/dalvikvm( 3365): GC_CONCURRENT freed 418K, 69% free 3718K/11892K, paused 5ms+1ms, total 35ms
V/ActivityManager(  560): getTasks: max=1, flags=0, receiver=null
V/ActivityManager(  560): com.joey.expresscall/.login.JVLoginActivity: task=TaskRecord{42b95890 #5 A com.joey.expresscall U 0}
D/ADB_SERVICES(  171): adb fdevent_process list (17) (16) (19) 
D/ADB_SERVICES(  171): adb socket read list (16) (19) 
D/ADB_SERVICES(  171): read_data=129387
D/ADB_SERVICES(  171): max_read_time=0.000405 max_send_time=0.001136 
V/ActivityManager(  560): We have pending thumbnails: null
D/ADB_SERVICES(  171): adb local_socket_ready list (16) (19) 
W/Trace   ( 3365): Unexpected value from nativeGetEnabledTags: 0
W/Trace   ( 3365): Unexpected value from nativeGetEnabledTags: 0
W/Trace   ( 3365): Unexpected value from nativeGetEnabledTags: 0
W/Trace   ( 3365): Unexpected value from nativeGetEnabledTags: 0
W/Trace   ( 3365): Unexpected value from nativeGetEnabledTags: 0
W/Trace   ( 3365): Unexpected value from nativeGetEnabledTags: 0
W/Trace   ( 3365): Unexpected value from nativeGetEnabledTags: 0
W/Trace   ( 3365): Unexpected value from nativeGetEnabledTags: 0
I/SurfaceTextureClient( 3365): [STC::queueBuffer] (this:0x5d8e0410) fps:1.98, dur:1012.22, max:511.50, min:500.72
I/BufferQueue(  131): [com.joey.expresscall/com.joey.expresscall.login.JVLoginActivity](this:0x41c0d2b0,api:1) [queue] fps:1.98, dur:1012.61, max:511.60, min:501.00
I/BufferQueue(  131): [com.joey.expresscall/com.joey.expresscall.login.JVLoginActivity](this:0x41c0d2b0,api:1) [release] fps:1.98, dur:1008.09, max:512.67, min:495.41
D/NetworkControllerGemini(  654): refreshViews(0), DataConnected=false simColorId = -1
D/NetworkControllerGemini(  654): refreshViews(0), set parameters to signal cluster view.
D/NetworkControllerGemini(  654): refreshViews(0), tempPhoneSignalIconId.0 = 2130837558  tempPhoneSignalIconId.1 = 0  tempMobileActivityIconId= 0  tempDataTypeIconId= 0
D/SignalClusterViewGemini(  654): setMobileDataIndicators(0), visible=true, strengthIcon[0] ~ [1] 2130837558 ~ 0
D/SignalClusterViewGemini(  654): setShowSimIndicator(0), showSimIndicator=false simIndicatorResource = 0
D/SignalClusterViewGemini(  654): setDataConnected(0), dataConnected=false
D/SignalClusterViewGemini(  654): setDataNetType3G(0), dataNetType=null
D/SignalClusterViewGemini(  654): apply : mShowSimIndicator = false mSimIndicatorResource = 0 mShowSimIndicatorGemini = false mSimIndicatorResourceGemini = 0
D/SignalClusterViewGemini(  654): apply, mMobileVisible=true mMobileActivityId=0 mMobileTypeId=0 mMobileStrengthId[0] = 2130837558 mMobileStrengthId[1] = 0
D/SignalClusterViewGemini(  654): isSimInserted(0), SimInserted=false
D/SignalClusterViewGemini(  654): apply, mMobileVisibleGemini=true mMobileActivityIdGemini=0 mMobileTypeIdGemini=2130837912 mMobileStrengthIdGemini[0] = 2130837961 mMobileStrengthIdGemini[1] = 0
D/SignalClusterViewGemini(  654): isSimInserted(1), SimInserted=true
D/SignalClusterViewGemini(  654): mDataNetTypeGemini =Type_G resId= 2130837554 simColorId = 3
D/SignalClusterViewGemini(  654): apply, mMobileVisible=true, mWifiVisible=true, mIsAirplaneMode=false
D/SignalClusterViewGemini(  654): isSimInserted(0), SimInserted=false
D/SignalClusterViewGemini(  654): isSimInserted(1), SimInserted=true
D/SignalClusterViewGemini(  654): isSimInserted(1), SimInserted=true
D/NetworkControllerGemini(  654): refreshViews(1), DataConnected=false simColorId = 3
D/SignalClusterViewGemini(  654): setShowSimIndicator(1), showSimIndicator=false simIndicatorResource = 0
D/SignalClusterViewGemini(  654): setDataConnected(1), dataConnected=false
D/SignalClusterViewGemini(  654): setDataNetType3G(1), dataNetType=Type_G
D/SignalClusterViewGemini(  654): apply : mShowSimIndicator = false mSimIndicatorResource = 0 mShowSimIndicatorGemini = false mSimIndicatorResourceGemini = 0
D/SignalClusterViewGemini(  654): apply, mMobileVisibleGemini=true mMobileActivityIdGemini=0 mMobileTypeIdGemini=2130837912 mMobileStrengthIdGemini[0] = 2130837961 mMobileStrengthIdGemini[1] = 0
D/SignalClusterViewGemini(  654): isSimInserted(1), SimInserted=true
D/SignalClusterViewGemini(  654): mDataNetTypeGemini =Type_G resId= 2130837554 simColorId = 3
D/SignalClusterViewGemini(  654): apply, mMobileVisible=false, mWifiVisible=true, mIsAirplaneMode=false
D/SignalClusterViewGemini(  654): isSimInserted(0), SimInserted=false
D/SignalClusterViewGemini(  654): isSimInserted(1), SimInserted=true
D/SignalClusterViewGemini(  654): isSimInserted(1), SimInserted=true
W/Trace   (  654): Unexpected value from nativeGetEnabledTags: 0
W/Trace   (  654): Unexpected value from nativeGetEnabledTags: 0
W/Trace   (  654): Unexpected value from nativeGetEnabledTags: 0
W/Trace   (  654): Unexpected value from nativeGetEnabledTags: 0
W/Trace   (  654): Unexpected value from nativeGetEnabledTags: 0
W/Trace   (  654): Unexpected value from nativeGetEnabledTags: 0
W/Trace   (  654): Unexpected value from nativeGetEnabledTags: 0
W/Trace   (  654): Unexpected value from nativeGetEnabledTags: 0
W/Trace   (  654): Unexpected value from nativeGetEnabledTags: 0
W/Trace   (  654): Unexpected value from nativeGetEnabledTags: 0
W/Trace   (  654): Unexpected value from nativeGetEnabledTags: 0
W/Trace   (  654): Unexpected value from nativeGetEnabledTags: 0
I/SurfaceTextureClient(  654): [STC::queueBuffer] (this:0x5e2f6d10) fps:1.00, dur:2005.67, max:1217.52, min:788.15
I/BufferQueue(  131): [StatusBar](this:0x41bff9e0,api:1) [queue] fps:1.00, dur:2006.05, max:1218.09, min:787.95
W/Trace   (  654): Unexpected value from nativeGetEnabledTags: 0
W/Trace   (  654): Unexpected value from nativeGetEnabledTags: 0
I/BufferQueue(  131): [StatusBar](this:0x41bff9e0,api:1) [release] fps:0.83, dur:1210.59, max:1210.59, min:1210.59
E/Fence   ( 3365): dequeueBuffer_DEPRECATED: fence 56 didn't signal in 300 ms
W/Trace   ( 3365): Unexpected value from nativeGetEnabledTags: 0
W/Trace   ( 3365): Unexpected value from nativeGetEnabledTags: 0
D/NotificationService(  560): Timeout pkg=com.joey.expresscall callback=android.app.ITransientNotification$Stub$Proxy@429b7e20
D/IPCThreadState(  560): [DN #5] BR_CLEAR_DEATH_NOTIFICATION_DONE cookie 0x63e01d38
I/BufferQueue(  131): [Toast](this:0x41c15500,api:2) disconnect: api=2
I/SurfaceTexture(  131): [Toast] [virtual android::status_t android::SurfaceTexture::forceAuxConversionLocked()] mCurrentTexture:0, mCurrentBuf:0x41c04090
I/BufferQueue(  131): [Toast](this:0x41c15500,api:0) getReleasedBuffers: returning mask 0xffffffff
I/SurfaceTexture(  131): [Toast](this:0x41bfaf70,api:0) destroying EGLImage dpy=0x1 img=0x41c014a8
W/Trace   (  560): Unexpected value from nativeGetEnabledTags: 0
D/KeyguardUpdateMonitor(  560): sendKeyguardVisibilityChanged(true)
D/KeyguardUpdateMonitor(  560): handleKeyguardVisibilityChanged(1)
D/KeyguardViewMediator(  560): handleMessage enter msg name=SET_HIDDEN
D/KeyguardViewMediator(  560): handleMessage exit msg name=SET_HIDDEN
W/Trace   (  560): Unexpected value from nativeGetEnabledTags: 0
I/SurfaceTextureClient(  131): [STC::queueBuffer] (this:0x418b5828) fps:18.96, dur:2215.36, max:1474.00, min:12.14
I/BufferQueue(  131): [FramebufferSurface](this:0x418b8008,api:1) [release] fps:18.96, dur:2215.43, max:1474.11, min:12.14
I/BufferQueue(  131): [FramebufferSurface](this:0x418b8008,api:1) [queue] fps:18.96, dur:2215.48, max:1474.18, min:12.14
W/Trace   ( 3365): Unexpected value from nativeGetEnabledTags: 0
W/Trace   ( 3365): Unexpected value from nativeGetEnabledTags: 0
W/Trace   ( 3365): Unexpected value from nativeGetEnabledTags: 0
W/Trace   ( 3365): Unexpected value from nativeGetEnabledTags: 0
W/Trace   ( 3365): Unexpected value from nativeGetEnabledTags: 0
W/Trace   ( 3365): Unexpected value from nativeGetEnabledTags: 0
W/Trace   ( 3365): Unexpected value from nativeGetEnabledTags: 0
W/Trace   ( 3365): Unexpected value from nativeGetEnabledTags: 0
W/Trace   ( 3365): Unexpected value from nativeGetEnabledTags: 0
W/Trace   ( 3365): Unexpected value from nativeGetEnabledTags: 0
I/SurfaceFlinger(  131): [SurfaceFlinger] fps:6.938755,dur:1008.83,max:495.44,min:13.62
V/ActivityManager(  560): getTasks: max=1, flags=0, receiver=null
V/ActivityManager(  560): com.joey.expresscall/.login.JVLoginActivity: task=TaskRecord{42b95890 #5 A com.joey.expresscall U 0}
V/ActivityManager(  560): We have pending thumbnails: null
V/ActivityManager(  560): getTasks: max=1, flags=0, receiver=null
V/ActivityManager(  560): com.joey.expresscall/.login.JVLoginActivity: task=TaskRecord{42b95890 #5 A com.joey.expresscall U 0}
V/ActivityManager(  560): We have pending thumbnails: null
W/Trace   (  560): Unexpected value from nativeGetEnabledTags: 0
D/KeyguardUpdateMonitor(  560): sendKeyguardVisibilityChanged(true)
D/KeyguardUpdateMonitor(  560): handleKeyguardVisibilityChanged(1)
D/KeyguardViewMediator(  560): handleMessage enter msg name=SET_HIDDEN
D/KeyguardViewMediator(  560): handleMessage exit msg name=SET_HIDDEN
D/IPCThreadState(  560): [DN #5] BR_CLEAR_DEATH_NOTIFICATION_DONE cookie 0x61315350
W/Trace   (  560): Unexpected value from nativeGetEnabledTags: 0
W/Trace   (  560): Unexpected value from nativeGetEnabledTags: 0
D/KeyguardUpdateMonitor(  560): sendKeyguardVisibilityChanged(true)
D/KeyguardUpdateMonitor(  560): handleKeyguardVisibilityChanged(1)
D/KeyguardViewMediator(  560): handleMessage enter msg name=SET_HIDDEN
D/KeyguardViewMediator(  560): handleMessage exit msg name=SET_HIDDEN
I/BufferQueue(  131): [Toast](this:0x41c15500,api:0) consumerDisconnect
I/BufferQueue(  131): [Toast](this:0x41c15500,api:0) ~BufferQueue
D/PowerManagerService(  560): userActivityNoUpdateLocked: eventTime=819791, event=0, flags=0x0, uid=1000
D/PowerManagerNotifier(  560): onUserActivity: event=0, uid=1000
D/PowerManagerService(  560): updateUserActivitySummaryLocked: mWakefulness=Awake, mUserActivitySummary=0x5, nextTimeout=827791 (in 7998 ms)
D/PowerManagerService(  560): newScreenState = 2
D/PowerManagerDisplayController(  560): requestPowerState: screenState=2, useProximitySensor=false, screenBrightness=128, screenAutoBrightnessAdjustment=0.0, useAutoBrightness=false, useEcoBrightness=false, blockScreenOn=false, waitForNegativeProximity=false
I/PowerManagerService(  560): setBrightness mButtonLight, screenBrightness=128
D/PowerManagerService(  560): updateScreenStateLocked: mDisplayReady=true, newScreenState=2, mWakefulness=1, mWakeLockSummary=0x23, mUserActivitySummary=0x5, mBootCompleted=true
D/PowerManagerService(  560): handleSandman: canDream=true, mWakefulness=Awake
D/PowerManagerService(  560): releaseWakeLockInternal: lock=1109799240, flags=0x0
D/PowerManagerService(  560): userActivityNoUpdateLocked: eventTime=819795, event=0, flags=0x1, uid=1000
D/PowerManagerNotifier(  560): onUserActivity: event=0, uid=1000
D/PowerManagerService(  560): updateWakeLockSummaryLocked: mWakefulness=Awake, mWakeLockSummary=0x0
D/PowerManagerService(  560): updateUserActivitySummaryLocked: mWakefulness=Awake, mUserActivitySummary=0x5, nextTimeout=827791 (in 7995 ms)
D/PowerManagerService(  560): newScreenState = 2
D/PowerManagerDisplayController(  560): requestPowerState: screenState=2, useProximitySensor=false, screenBrightness=128, screenAutoBrightnessAdjustment=0.0, useAutoBrightness=false, useEcoBrightness=false, blockScreenOn=false, waitForNegativeProximity=false
I/PowerManagerService(  560): setBrightness mButtonLight, screenBrightness=128
D/PowerManagerService(  560): updateScreenStateLocked: mDisplayReady=true, newScreenState=2, mWakefulness=1, mWakeLockSummary=0x0, mUserActivitySummary=0x5, mBootCompleted=true
D/PowerManagerService(  560): handleSandman: canDream=true, mWakefulness=Awake
W/Trace   (  560): Unexpected value from nativeGetEnabledTags: 0
W/Trace   ( 3365): Unexpected value from nativeGetEnabledTags: 0
W/Trace   ( 3365): Unexpected value from nativeGetEnabledTags: 0
W/Trace   ( 3365): Unexpected value from nativeGetEnabledTags: 0
W/Trace   ( 3365): Unexpected value from nativeGetEnabledTags: 0
W/Trace   ( 3365): Unexpected value from nativeGetEnabledTags: 0
W/Trace   ( 3365): Unexpected value from nativeGetEnabledTags: 0
W/Trace   ( 3365): Unexpected value from nativeGetEnabledTags: 0
W/Trace   ( 3365): Unexpected value from nativeGetEnabledTags: 0
W/Trace   ( 3365): Unexpected value from nativeGetEnabledTags: 0
W/Trace   ( 3365): Unexpected value from nativeGetEnabledTags: 0
