V/ActivityManager(  560): We have pending thumbnails: null
W/Trace   ( 3365): Unexpected value from nativeGetEnabledTags: 0
W/Trace   ( 3365): Unexpected value from nativeGetEnabledTags: 0
W/Trace   ( 3365): Unexpected value from nativeGetEnabledTags: 0
W/Trace   ( 3365): Unexpected value from nativeGetEnabledTags: 0
W/Trace   ( 3365): Unexpected value from nativeGetEnabledTags: 0
W/Trace   ( 3365): Unexpected value from nativeGetEnabledTags: 0
W/Trace   ( 3365): Unexpected value from nativeGetEnabledTags: 0
W/Trace   ( 3365): Unexpected value from nativeGetEnabledTags: 0
I/SurfaceTextureClient( 3365): [STC::queueBuffer] (this:0x5d8e0410) fps:2.02, dur:1487.35, max:496.82, min:494.16
I/BufferQueue(  131): [com.joey.expresscall/com.joey.expresscall.login.JVLoginActivity](this:0x41c0d2b0,api:1) [queue] fps:2.02, dur:1486.92, max:496.19, min:494.56
W/Trace   ( 3365): Unexpected value from nativeGetEnabledTags: 0
W/Trace   ( 3365): Unexpected value from nativeGetEnabledTags: 0
I/BufferQueue(  131): [com.joey.expresscall/com.joey.expresscall.login.JVLoginActivity](this:0x41c0d2b0,api:1) [release] fps:2.02, dur:1487.11, max:496.91, min:494.42
I/SurfaceFlinger(  131): [SurfaceFlinger] fps:2.689771,dur:1487.12,max:496.97,min:150.53
V/ActivityManager(  560): getTasks: max=1, flags=0, receiver=null
V/ActivityManager(  560): com.joey.expresscall/.login.JVLoginActivity: task=TaskRecord{42b95890 #5 A com.joey.expresscall U 0}
V/ActivityManager(  560): We have pending thumbnails: null
D/NetworkControllerGemini(  654): refreshViews(0), DataConnected=false simColorId = -1
D/NetworkControllerGemini(  654): refreshViews(0), set parameters to signal cluster view.
D/NetworkControllerGemini(  654): refreshViews(0), tempPhoneSignalIconId.0 = 2130837558  tempPhoneSignalIconId.1 = 0  tempMobileActivityIconId= 0  tempDataTypeIconId= 0
D/SignalClusterViewGemini(  654): setMobileDataIndicators(0), visible=true, strengthIcon[0] ~ [1] 2130837558 ~ 0
D/SignalClusterViewGemini(  654): setShowSimIndicator(0), showSimIndicator=false simIndicatorResource = 0
D/SignalClusterViewGemini(  654): setDataConnected(0), dataConnected=false
D/SignalClusterViewGemini(  654): setDataNetType3G(0), dataNetType=null
D/SignalClusterViewGemini(  654): apply : mShowSimIndicator = false mSimIndicatorResource = 0 mShowSimIndicatorGemini = false mSimIndicatorResourceGemini = 0
D/SignalClusterViewGemini(  654): apply, mMobileVisible=true mMobileActivityId=0 mMobileTypeId=0 mMobileStrengthId[0] = 2130837558 mMobileStrengthId[1] = 0
D/SignalClusterViewGemini(  654): isSimInserted(0), SimInserted=false
D/SignalClusterViewGemini(  654): apply, mMobileVisibleGemini=true mMobileActivityIdGemini=0 mMobileTypeIdGemini=2130837912 mMobileStrengthIdGemini[0] = 2130837961 mMobileStrengthIdGemini[1] = 0
D/SignalClusterViewGemini(  654): isSimInserted(1), SimInserted=true
D/SignalClusterViewGemini(  654): mDataNetTypeGemini =Type_G resId= 2130837554 simColorId = 3
D/SignalClusterViewGemini(  654): apply, mMobileVisible=true, mWifiVisible=true, mIsAirplaneMode=false
D/SignalClusterViewGemini(  654): isSimInserted(0), SimInserted=false
D/SignalClusterViewGemini(  654): isSimInserted(1), SimInserted=true
D/SignalClusterViewGemini(  654): isSimInserted(1), SimInserted=true
D/NetworkControllerGemini(  654): refreshViews(1), DataConnected=false simColorId = 3
D/SignalClusterViewGemini(  654): setShowSimIndicator(1), showSimIndicator=false simIndicatorResource = 0
D/SignalClusterViewGemini(  654): setDataConnected(1), dataConnected=false
D/SignalClusterViewGemini(  654): setDataNetType3G(1), dataNetType=Type_G
D/SignalClusterViewGemini(  654): apply : mShowSimIndicator = false mSimIndicatorResource = 0 mShowSimIndicatorGemini = false mSimIndicatorResourceGemini = 0
D/SignalClusterViewGemini(  654): apply, mMobileVisibleGemini=true mMobileActivityIdGemini=0 mMobileTypeIdGemini=2130837912 mMobileStrengthIdGemini[0] = 2130837961 mMobileStrengthIdGemini[1] = 0
D/SignalClusterViewGemini(  654): isSimInserted(1), SimInserted=true
D/SignalClusterViewGemini(  654): mDataNetTypeGemini =Type_G resId= 2130837554 simColorId = 3
D/SignalClusterViewGemini(  654): apply, mMobileVisible=false, mWifiVisible=true, mIsAirplaneMode=false
D/SignalClusterViewGemini(  654): isSimInserted(0), SimInserted=false
D/SignalClusterViewGemini(  654): isSimInserted(1), SimInserted=true
D/SignalClusterViewGemini(  654): isSimInserted(1), SimInserted=true
W/Trace   (  654): Unexpected value from nativeGetEnabledTags: 0
W/Trace   (  654): Unexpected value from nativeGetEnabledTags: 0
W/Trace   (  654): Unexpected value from nativeGetEnabledTags: 0
W/Trace   (  654): Unexpected value from nativeGetEnabledTags: 0
W/Trace   (  654): Unexpected value from nativeGetEnabledTags: 0
W/Trace   (  654): Unexpected value from nativeGetEnabledTags: 0
W/Trace   (  654): Unexpected value from nativeGetEnabledTags: 0
W/Trace   (  654): Unexpected value from nativeGetEnabledTags: 0
W/Trace   (  654): Unexpected value from nativeGetEnabledTags: 0
W/Trace   (  654): Unexpected value from nativeGetEnabledTags: 0
W/Trace   (  654): Unexpected value from nativeGetEnabledTags: 0
W/Trace   (  654): Unexpected value from nativeGetEnabledTags: 0
I/SurfaceTextureClient(  654): [STC::queueBuffer] (this:0x5e2f6d10) fps:0.99, dur:1011.23, max:1011.23, min:1011.23
I/BufferQueue(  131): [StatusBar](this:0x41bff9e0,api:1) [queue] fps:0.99, dur:1011.23, max:1011.23, min:1011.23
W/Trace   (  654): Unexpected value from nativeGetEnabledTags: 0
W/Trace   (  654): Unexpected value from nativeGetEnabledTags: 0
I/BufferQueue(  131): [StatusBar](this:0x41bff9e0,api:1) [release] fps:0.97, dur:1025.84, max:1025.84, min:1025.84
D/Settings/BW( 1190): ReadCodeTask:file size: 4096
D/dalvikvm( 1190): GC_CONCURRENT freed 401K, 19% free 2665K/3288K, paused 2ms+2ms, total 22ms
W/Trace   ( 3365): Unexpected value from nativeGetEnabledTags: 0
W/Trace   ( 3365): Unexpected value from nativeGetEnabledTags: 0
W/Trace   ( 3365): Unexpected value from nativeGetEnabledTags: 0
W/Trace   ( 3365): Unexpected value from nativeGetEnabledTags: 0
W/Trace   ( 3365): Unexpected value from nativeGetEnabledTags: 0
W/Trace   ( 3365): Unexpected value from nativeGetEnabledTags: 0
W/Trace   ( 3365): Unexpected value from nativeGetEnabledTags: 0
W/Trace   ( 3365): Unexpected value from nativeGetEnabledTags: 0
W/Trace   ( 3365): Unexpected value from nativeGetEnabledTags: 0
W/Trace   ( 3365): Unexpected value from nativeGetEnabledTags: 0
D/StateMachine(  560): handleMessage: E msg.what=131155
D/StateMachine(  560): processMsg: ConnectedState
D/WifiStateMachine(  560): ConnectedState{ what=131155 when=-4ms arg1=1 target=Handler (com.android.internal.util.StateMachine$SmHandler) {423de070} }
D/StateMachine(  560): processMsg: L2ConnectedState
D/WifiStateMachine(  560): L2ConnectedState{ what=131155 when=-4ms arg1=1 target=Handler (com.android.internal.util.StateMachine$SmHandler) {423de070} }
D/WifiNative-wlan0(  560): doString: SIGNAL_POLL
D/WifiCommon(  560): [wlan0] SET "SIGNAL_POLL"
D/wpa_supplicant(  819): RX ctrl_iface - hexdump(len=11): 53 49 47 4e 41 4c 5f 50 4f 4c 4c
D/wpa_supplicant(  819): wlan0: Control interface command 'SIGNAL_POLL'
D/wpa_supplicant(  819): nl80211: survey data missing!
I/WifiStateMachine(  560): fetchRssiAndLinkSpeedNative, newRssi:-33, newLinkSpeed:135
D/StateMachine(  560): handleMessage: X
V/ActivityManager(  560): getTasks: max=1, flags=0, receiver=null
V/ActivityManager(  560): com.joey.expresscall/.login.JVLoginActivity: task=TaskRecord{42b95890 #5 A com.joey.expresscall U 0}
V/ActivityManager(  560): We have pending thumbnails: null
W/Trace   ( 3365): Unexpected value from nativeGetEnabledTags: 0
W/Trace   ( 3365): Unexpected value from nativeGetEnabledTags: 0
W/Trace   ( 3365): Unexpected value from nativeGetEnabledTags: 0
W/Trace   ( 3365): Unexpected value from nativeGetEnabledTags: 0
W/Trace   ( 3365): Unexpected value from nativeGetEnabledTags: 0
W/Trace   ( 3365): Unexpected value from nativeGetEnabledTags: 0
W/Trace   ( 3365): Unexpected value from nativeGetEnabledTags: 0
W/Trace   ( 3365): Unexpected value from nativeGetEnabledTags: 0
I/SurfaceTextureClient( 3365): [STC::queueBuffer] (this:0x5d8e0410) fps:1.98, dur:1009.32, max:510.10, min:499.22
I/BufferQueue(  131): [com.joey.expresscall/com.joey.expresscall.login.JVLoginActivity](this:0x41c0d2b0,api:1) [queue] fps:1.98, dur:1009.53, max:509.85, min:499.68
W/Trace   ( 3365): Unexpected value from nativeGetEnabledTags: 0
W/Trace   ( 3365): Unexpected value from nativeGetEnabledTags: 0
I/BufferQueue(  131): [com.joey.expresscall/com.joey.expresscall.login.JVLoginActivity](this:0x41c0d2b0,api:1) [release] fps:1.98, dur:1008.63, max:511.29, min:497.34
I/SurfaceFlinger(  131): [SurfaceFlinger] fps:2.974344,dur:1008.63,max:497.40,min:184.96
W/Trace   ( 3365): Unexpected value from nativeGetEnabledTags: 0
W/Trace   ( 3365): Unexpected value from nativeGetEnabledTags: 0
W/Trace   ( 3365): Unexpected value from nativeGetEnabledTags: 0
W/Trace   ( 3365): Unexpected value from nativeGetEnabledTags: 0
W/Trace   ( 3365): Unexpected value from nativeGetEnabledTags: 0
W/Trace   ( 3365): Unexpected value from nativeGetEnabledTags: 0
W/Trace   ( 3365): Unexpected value from nativeGetEnabledTags: 0
W/Trace   ( 3365): Unexpected value from nativeGetEnabledTags: 0
W/Trace   ( 3365): Unexpected value from nativeGetEnabledTags: 0
W/Trace   ( 3365): Unexpected value from nativeGetEnabledTags: 0
W/ADB_SERVICES(  171): create_local_service_socket() name=shell:cat /proc/meminfo
W/ADB_SERVICES( 3568): adb: unable to open /proc/3568/oom_adj
D/ADB_SERVICES(  171):  closing because is_eof=1 r=1 s->fde.force_eof=0
V/ActivityManager(  560): getTasks: max=1, flags=0, receiver=null
V/ActivityManager(  560): com.joey.expresscall/.login.JVLoginActivity: task=TaskRecord{42b95890 #5 A com.joey.expresscall U 0}
V/ActivityManager(  560): We have pending thumbnails: null
W/ADB_SERVICES(  171): create_local_service_socket() name=shell:ps
W/ADB_SERVICES( 3569): adb: unable to open /proc/3569/oom_adj
D/ADB_SERVICES(  171):  closing because is_eof=1 r=1 s->fde.force_eof=0
V/ActivityManager(  560): getTasks: max=1, flags=0, receiver=null
V/ActivityManager(  560): com.joey.expresscall/.login.JVLoginActivity: task=TaskRecord{42b95890 #5 A com.joey.expresscall U 0}
V/ActivityManager(  560): We have pending thumbnails: null
W/Trace   ( 3365): Unexpected value from nativeGetEnabledTags: 0
W/Trace   ( 3365): Unexpected value from nativeGetEnabledTags: 0
W/Trace   ( 3365): Unexpected value from nativeGetEnabledTags: 0
W/Trace   ( 3365): Unexpected value from nativeGetEnabledTags: 0
W/Trace   ( 3365): Unexpected value from nativeGetEnabledTags: 0
W/Trace   ( 3365): Unexpected value from nativeGetEnabledTags: 0
W/Trace   ( 3365): Unexpected value from nativeGetEnabledTags: 0
W/Trace   ( 3365): Unexpected value from nativeGetEnabledTags: 0
I/SurfaceTextureClient( 3365): [STC::queueBuffer] (this:0x5d8e0410) fps:1.98, dur:1009.76, max:514.37, min:495.39
I/BufferQueue(  131): [com.joey.expresscall/com.joey.expresscall.login.JVLoginActivity](this:0x41c0d2b0,api:1) [queue] fps:1.98, dur:1009.57, max:514.66, min:494.91
W/Trace   ( 3365): Unexpected value from nativeGetEnabledTags: 0
W/Trace   ( 3365): Unexpected value from nativeGetEnabledTags: 0
I/BufferQueue(  131): [com.joey.expresscall/com.joey.expresscall.login.JVLoginActivity](this:0x41c0d2b0,api:1) [release] fps:1.98, dur:1008.35, max:512.70, min:495.66
I/SurfaceFlinger(  131): [SurfaceFlinger] fps:1.983384,dur:1008.38,max:512.79,min:495.59
W/Trace   ( 3365): Unexpected value from nativeGetEnabledTags: 0
W/Trace   ( 3365): Unexpected value from nativeGetEnabledTags: 0
W/Trace   ( 3365): Unexpected value from nativeGetEnabledTags: 0
W/Trace   ( 3365): Unexpected value from nativeGetEnabledTags: 0
W/Trace   ( 3365): Unexpected value from nativeGetEnabledTags: 0
W/Trace   ( 3365): Unexpected value from nativeGetEnabledTags: 0
W/Trace   ( 3365): Unexpected value from nativeGetEnabledTags: 0
W/Trace   ( 3365): Unexpected value from nativeGetEnabledTags: 0
W/Trace   ( 3365): Unexpected value from nativeGetEnabledTags: 0
W/Trace   ( 3365): Unexpected value from nativeGetEnabledTags: 0
V/ActivityManager(  560): getTasks: max=1, flags=0, receiver=null
V/ActivityManager(  560): com.joey.expresscall/.login.JVLoginActivity: task=TaskRecord{42b95890 #5 A com.joey.expresscall U 0}
D/ADB_SERVICES(  171): adb fdevent_process list (17) (16) (19) 
D/ADB_SERVICES(  171): adb socket read list (16) (19) 
D/ADB_SERVICES(  171): read_data=38790
D/ADB_SERVICES(  171): max_read_time=0.000071 max_send_time=0.000177 
V/ActivityManager(  560): We have pending thumbnails: null
D/ADB_SERVICES(  171): adb local_socket_ready list (16) (19) 
W/Trace   ( 3365): Unexpected value from nativeGetEnabledTags: 0
W/Trace   ( 3365): Unexpected value from nativeGetEnabledTags: 0
W/Trace   ( 3365): Unexpected value from nativeGetEnabledTags: 0
W/Trace   ( 3365): Unexpected value from nativeGetEnabledTags: 0
W/Trace   ( 3365): Unexpected value from nativeGetEnabledTags: 0
W/Trace   ( 3365): Unexpected value from nativeGetEnabledTags: 0
W/Trace   ( 3365): Unexpected value from nativeGetEnabledTags: 0
W/Trace   ( 3365): Unexpected value from nativeGetEnabledTags: 0
W/Trace   ( 3365): Unexpected value from nativeGetEnabledTags: 0
W/Trace   ( 3365): Unexpected value from nativeGetEnabledTags: 0
V/ActivityManager(  560): getTasks: max=1, flags=0, receiver=null
V/ActivityManager(  560): com.joey.expresscall/.login.JVLoginActivity: task=TaskRecord{42b95890 #5 A com.joey.expresscall U 0}
V/ActivityManager(  560): We have pending thumbnails: null
W/Trace   ( 3365): Unexpected value from nativeGetEnabledTags: 0
W/Trace   ( 3365): Unexpected value from nativeGetEnabledTags: 0
W/Trace   ( 3365): Unexpected value from nativeGetEnabledTags: 0
W/Trace   ( 3365): Unexpected value from nativeGetEnabledTags: 0
W/Trace   ( 3365): Unexpected value from nativeGetEnabledTags: 0
W/Trace   ( 3365): Unexpected value from nativeGetEnabledTags: 0
W/Trace   ( 3365): Unexpected value from nativeGetEnabledTags: 0
W/Trace   ( 3365): Unexpected value from nativeGetEnabledTags: 0
I/SurfaceTextureClient( 3365): [STC::queueBuffer] (this:0x5d8e0410) fps:2.00, dur:1501.43, max:511.09, min:493.38
I/BufferQueue(  131): [com.joey.expresscall/com.joey.expresscall.login.JVLoginActivity](this:0x41c0d2b0,api:1) [queue] fps:2.00, dur:1501.37, max:511.29, min:493.09
W/Trace   ( 3365): Unexpected value from nativeGetEnabledTags: 0
W/Trace   ( 3365): Unexpected value from nativeGetEnabledTags: 0
I/BufferQueue(  131): [com.joey.expresscall/com.joey.expresscall.login.JVLoginActivity](this:0x41c0d2b0,api:1) [release] fps:1.99, dur:1503.96, max:512.74, min:495.50
I/SurfaceFlinger(  131): [SurfaceFlinger] fps:1.994768,dur:1503.93,max:512.82,min:495.39
D/StateMachine(  560): handleMessage: E msg.what=131155
D/StateMachine(  560): processMsg: ConnectedState
D/WifiStateMachine(  560): ConnectedState{ what=131155 when=-4ms arg1=1 target=Handler (com.android.internal.util.StateMachine$SmHandler) {423de070} }
D/StateMachine(  560): processMsg: L2ConnectedState
D/WifiStateMachine(  560): L2ConnectedState{ what=131155 when=-5ms arg1=1 target=Handler (com.android.internal.util.StateMachine$SmHandler) {423de070} }
D/WifiNative-wlan0(  560): doString: SIGNAL_POLL
D/WifiCommon(  560): [wlan0] SET "SIGNAL_POLL"
D/wpa_supplicant(  819): RX ctrl_iface - hexdump(len=11): 53 49 47 4e 41 4c 5f 50 4f 4c 4c
D/wpa_supplicant(  819): wlan0: Control interface command 'SIGNAL_POLL'
D/wpa_supplicant(  819): nl80211: survey data missing!
I/WifiStateMachine(  560): fetchRssiAndLinkSpeedNative, newRssi:-33, newLinkSpeed:135
D/StateMachine(  560): handleMessage: X
V/ActivityManager(  560): getTasks: max=1, flags=0, receiver=null
V/ActivityManager(  560): com.joey.expresscall/.login.JVLoginActivity: task=TaskRecord{42b95890 #5 A com.joey.expresscall U 0}
V/ActivityManager(  560): We have pending thumbnails: null
W/Trace   ( 3365): Unexpected value from nativeGetEnabledTags: 0
W/Trace   ( 3365): Unexpected value from nativeGetEnabledTags: 0
W/Trace   ( 3365): Unexpected value from nativeGetEnabledTags: 0
W/Trace   ( 3365): Unexpected value from nativeGetEnabledTags: 0
W/Trace   ( 3365): Unexpected value from nativeGetEnabledTags: 0
W/Trace   ( 3365): Unexpected value from nativeGetEnabledTags: 0
W/Trace   ( 3365): Unexpected value from nativeGetEnabledTags: 0
W/Trace   ( 3365): Unexpected value from nativeGetEnabledTags: 0
W/Trace   ( 3365): Unexpected value from nativeGetEnabledTags: 0
W/Trace   ( 3365): Unexpected value from nativeGetEnabledTags: 0
W/Trace   ( 3365): Unexpected value from nativeGetEnabledTags: 0
W/Trace   ( 3365): Unexpected value from nativeGetEnabledTags: 0
W/Trace   ( 3365): Unexpected value from nativeGetEnabledTags: 0
W/Trace   ( 3365): Unexpected value from nativeGetEnabledTags: 0
W/Trace   ( 3365): Unexpected value from nativeGetEnabledTags: 0
W/Trace   ( 3365): Unexpected value from nativeGetEnabledTags: 0
W/Trace   ( 3365): Unexpected value from nativeGetEnabledTags: 0
W/Trace   ( 3365): Unexpected value from nativeGetEnabledTags: 0
W/Trace   ( 3365): Unexpected value from nativeGetEnabledTags: 0
W/Trace   ( 3365): Unexpected value from nativeGetEnabledTags: 0
V/ActivityManager(  560): Broadcast sticky: Intent { act=android.intent.action.SIG_STR flg=0x10 (has extras) } ordered=false userid=-1
D/NetworkControllerGemini(  654): PhoneStateListener:onSignalStrengthsChanged, sim2 before.
D/NetworkControllerGemini(  654): PhoneStateListener:onSignalStrengthsChanged, signalStrength=4
D/NetworkControllerGemini(  654): updateDataNetType(1), DataNetType=1.
D/NetworkControllerGemini(  654): updateDataNetType(1), simColorId=3
D/TelephonyManagerEx(  654): isNetworkRoaming
D/NetworkControllerGemini(  654): updateDataNetType(1), DataNetType3G=Type_G tempDataTypeIconId= 2130837912.
D/NetworkControllerGemini(  654): isSimInserted(1), SimInserted=true
D/NetworkControllerGemini(  654): updateTelephonySignalStrength(1), regState=1
D/NetworkControllerGemini(  654): updateTelephonySignalStrength(1), hasService=true
D/TelephonyManagerEx(  654): isNetworkRoaming
D/NetworkControllerGemini(  654): updateTelephonySignalStrength(1), isRoaming=false, mInetCondition=0
D/NetworkControllerGemini(  654): updateTelephonySignalStrength(1), simColorId=3
D/NetworkControllerGemini(  654): updateTelephonySignalStrength(1), tempDataNetType = Type_G , simColorId=3  tempPhoneSignalIconId[0] = 2130837961  tempPhoneSignalIconId[1] = 0
D/NetworkControllerGemini(  654):  updateTelephonySignalStrength(1) tempSIMCUSignVisible= true
D/NetworkControllerGemini(  654): updateTelephonySignalStrength(1) mSIMCUSignVisible = true
W/Trace   (  729): Unexpected value from nativeGetEnabledTags: 0
D/Bluetooth HS/HF(  729): [BT][HFG] [API] mStateReceiver.onReceive(android.intent.action.SIG_STR)
D/Bluetooth HS/HF(  729): [BT][HFG] [API] mHandler.handleMessage(10)
W/Trace   (  729): Unexpected value from nativeGetEnabledTags: 0
D/NetworkControllerGemini(  654): refreshViews(1), DataConnected=false simColorId = 3
D/SignalClusterViewGemini(  654): setShowSimIndicator(1), showSimIndicator=false simIndicatorResource = 0
D/SignalClusterViewGemini(  654): setDataConnected(1), dataConnected=false
D/SignalClusterViewGemini(  654): setDataNetType3G(1), dataNetType=Type_G
D/SignalClusterViewGemini(  654): apply : mShowSimIndicator = false mSimIndicatorResource = 0 mShowSimIndicatorGemini = false mSimIndicatorResourceGemini = 0
D/SignalClusterViewGemini(  654): apply, mMobileVisibleGemini=true mMobileActivityIdGemini=0 mMobileTypeIdGemini=2130837912 mMobileStrengthIdGemini[0] = 2130837961 mMobileStrengthIdGemini[1] = 0
D/SignalClusterViewGemini(  654): isSimInserted(1), SimInserted=true
D/SignalClusterViewGemini(  654): mDataNetTypeGemini =Type_G resId= 2130837554 simColorId = 3
D/SignalClusterViewGemini(  654): apply, mMobileVisible=false, mWifiVisible=true, mIsAirplaneMode=false
D/SignalClusterViewGemini(  654): isSimInserted(0), SimInserted=false
D/SignalClusterViewGemini(  654): isSimInserted(1), SimInserted=true
D/SignalClusterViewGemini(  654): isSimInserted(1), SimInserted=true
D/NetworkControllerGemini(  654): PhoneStateListener:onSignalStrengthsChanged, sim2 after.
V/ActivityManager(  560): getTasks: max=1, flags=0, receiver=null
V/ActivityManager(  560): com.joey.expresscall/.login.JVLoginActivity: task=TaskRecord{42b95890 #5 A com.joey.expresscall U 0}
V/ActivityManager(  560): We have pending thumbnails: null
W/Trace   (  654): Unexpected value from nativeGetEnabledTags: 0
W/Trace   (  654): Unexpected value from nativeGetEnabledTags: 0
W/Trace   (  654): Unexpected value from nativeGetEnabledTags: 0
W/Trace   (  654): Unexpected value from nativeGetEnabledTags: 0
W/Trace   (  654): Unexpected value from nativeGetEnabledTags: 0
W/Trace   (  654): Unexpected value from nativeGetEnabledTags: 0
W/Trace   (  654): Unexpected value from nativeGetEnabledTags: 0
W/Trace   (  654): Unexpected value from nativeGetEnabledTags: 0
W/Trace   (  654): Unexpected value from nativeGetEnabledTags: 0
W/Trace   (  654): Unexpected value from nativeGetEnabledTags: 0
W/Trace   (  654): Unexpected value from nativeGetEnabledTags: 0
W/Trace   (  654): Unexpected value from nativeGetEnabledTags: 0
I/SurfaceTextureClient(  654): [STC::queueBuffer] (this:0x5e2f6d10) fps:0.23, dur:4368.78, max:4368.78, min:4368.78
I/BufferQueue(  131): [StatusBar](this:0x41bff9e0,api:1) [queue] fps:0.23, dur:4370.21, max:4370.21, min:4370.21
W/Trace   (  654): Unexpected value from nativeGetEnabledTags: 0
W/Trace   (  654): Unexpected value from nativeGetEnabledTags: 0
I/BufferQueue(  131): [StatusBar](this:0x41bff9e0,api:1) [release] fps:0.23, dur:4356.73, max:4356.73, min:4356.73
I/SurfaceFlinger(  131): [SurfaceFlinger] fps:2.938994,dur:1020.76,max:495.63,min:29.71
V/ActivityManager(  560): getTasks: max=1, flags=0, receiver=null
V/ActivityManager(  560): com.joey.expresscall/.login.JVLoginActivity: task=TaskRecord{42b95890 #5 A com.joey.expresscall U 0}
V/ActivityManager(  560): We have pending thumbnails: null
D/PowerManagerService(  560): handleUserActivityTimeout
D/PowerManagerService(  560): updateUserActivitySummaryLocked: mWakefulness=Awake, mUserActivitySummary=0x1, nextTimeout=845566 (in 44992 ms)
D/PowerManagerService(  560): newScreenState = 2
D/PowerManagerDisplayController(  560): requestPowerState: screenState=2, useProximitySensor=false, screenBrightness=128, screenAutoBrightnessAdjustment=0.0, useAutoBrightness=false, useEcoBrightness=false, blockScreenOn=false, waitForNegativeProximity=false
D/LightsService(  560): setLight_native: light=2, colorARGB=0x0, flashMode=0, onMS=0, offMS=0, brightnessMode=0
D/lights  (  560): write_int open fd=238
I/PowerManagerService(  560): setBrightness mButtonLight 0.
D/PowerManagerService(  560): updateScreenStateLocked: mDisplayReady=true, newScreenState=2, mWakefulness=1, mWakeLockSummary=0x0, mUserActivitySummary=0x1, mBootCompleted=true
D/PowerManagerService(  560): handleSandman: canDream=true, mWakefulness=Awake
W/Trace   ( 3365): Unexpected value from nativeGetEnabledTags: 0
W/Trace   ( 3365): Unexpected value from nativeGetEnabledTags: 0
W/Trace   ( 3365): Unexpected value from nativeGetEnabledTags: 0
W/Trace   ( 3365): Unexpected value from nativeGetEnabledTags: 0
W/Trace   ( 3365): Unexpected value from nativeGetEnabledTags: 0
W/Trace   ( 3365): Unexpected value from nativeGetEnabledTags: 0
W/Trace   ( 3365): Unexpected value from nativeGetEnabledTags: 0
W/Trace   ( 3365): Unexpected value from nativeGetEnabledTags: 0
I/SurfaceTextureClient( 3365): [STC::queueBuffer] (this:0x5d8e0410) fps:2.00, dur:1503.70, max:513.21, min:492.98
I/BufferQueue(  131): [com.joey.expresscall/com.joey.expresscall.login.JVLoginActivity](this:0x41c0d2b0,api:1) [queue] fps:2.00, dur:1503.76, max:513.50, min:492.93
W/Trace   ( 3365): Unexpected value from nativeGetEnabledTags: 0
W/Trace   ( 3365): Unexpected value from nativeGetEnabledTags: 0
I/BufferQueue(  131): [com.joey.expresscall/com.joey.expresscall.login.JVLoginActivity](this:0x41c0d2b0,api:1) [release] fps:2.00, dur:1503.62, max:512.51, min:495.49
D/NetworkControllerGemini(  654): refreshViews(0), DataConnected=false simColorId = -1
D/NetworkControllerGemini(  654): refreshViews(0), set parameters to signal cluster view.
D/NetworkControllerGemini(  654): refreshViews(0), tempPhoneSignalIconId.0 = 2130837558  tempPhoneSignalIconId.1 = 0  tempMobileActivityIconId= 0  tempDataTypeIconId= 0
D/SignalClusterViewGemini(  654): setMobileDataIndicators(0), visible=true, strengthIcon[0] ~ [1] 2130837558 ~ 0
D/SignalClusterViewGemini(  654): setShowSimIndicator(0), showSimIndicator=false simIndicatorResource = 0
D/SignalClusterViewGemini(  654): setDataConnected(0), dataConnected=false
D/SignalClusterViewGemini(  654): setDataNetType3G(0), dataNetType=null
D/SignalClusterViewGemini(  654): apply : mShowSimIndicator = false mSimIndicatorResource = 0 mShowSimIndicatorGemini = false mSimIndicatorResourceGemini = 0
D/SignalClusterViewGemini(  654): apply, mMobileVisible=true mMobileActivityId=0 mMobileTypeId=0 mMobileStrengthId[0] = 2130837558 mMobileStrengthId[1] = 0
D/SignalClusterViewGemini(  654): isSimInserted(0), SimInserted=false
D/SignalClusterViewGemini(  654): apply, mMobileVisibleGemini=true mMobileActivityIdGemini=0 mMobileTypeIdGemini=2130837912 mMobileStrengthIdGemini[0] = 2130837961 mMobileStrengthIdGemini[1] = 0
D/SignalClusterViewGemini(  654): isSimInserted(1), SimInserted=true
D/SignalClusterViewGemini(  654): mDataNetTypeGemini =Type_G resId= 2130837554 simColorId = 3
D/SignalClusterViewGemini(  654): apply, mMobileVisible=true, mWifiVisible=true, mIsAirplaneMode=false
D/SignalClusterViewGemini(  654): isSimInserted(0), SimInserted=false
D/SignalClusterViewGemini(  654): isSimInserted(1), SimInserted=true
D/SignalClusterViewGemini(  654): isSimInserted(1), SimInserted=true
D/NetworkControllerGemini(  654): refreshViews(1), DataConnected=false simColorId = 3
D/SignalClusterViewGemini(  654): setShowSimIndicator(1), showSimIndicator=false simIndicatorResource = 0
D/SignalClusterViewGemini(  654): setDataConnected(1), dataConnected=false
D/SignalClusterViewGemini(  654): setDataNetType3G(1), dataNetType=Type_G
D/SignalClusterViewGemini(  654): apply : mShowSimIndicator = false mSimIndicatorResource = 0 mShowSimIndicatorGemini = false mSimIndicatorResourceGemini = 0
D/SignalClusterViewGemini(  654): apply, mMobileVisibleGemini=true mMobileActivityIdGemini=0 mMobileTypeIdGemini=2130837912 mMobileStrengthIdGemini[0] = 2130837961 mMobileStrengthIdGemini[1] = 0
D/SignalClusterViewGemini(  654): isSimInserted(1), SimInserted=true
D/SignalClusterViewGemini(  654): mDataNetTypeGemini =Type_G resId= 2130837554 simColorId = 3
D/SignalClusterViewGemini(  654): apply, mMobileVisible=false, mWifiVisible=true, mIsAirplaneMode=false
D/SignalClusterViewGemini(  654): isSimInserted(0), SimInserted=false
D/SignalClusterViewGemini(  654): isSimInserted(1), SimInserted=true
D/SignalClusterViewGemini(  654): isSimInserted(1), SimInserted=true
W/Trace   (  654): Unexpected value from nativeGetEnabledTags: 0
W/Trace   (  654): Unexpected value from nativeGetEnabledTags: 0
W/Trace   (  654): Unexpected value from nativeGetEnabledTags: 0
W/Trace   (  654): Unexpected value from nativeGetEnabledTags: 0
W/Trace   (  654): Unexpected value from nativeGetEnabledTags: 0
W/Trace   (  654): Unexpected value from nativeGetEnabledTags: 0
W/Trace   (  654): Unexpected value from nativeGetEnabledTags: 0
W/Trace   (  654): Unexpected value from nativeGetEnabledTags: 0
W/Trace   (  654): Unexpected value from nativeGetEnabledTags: 0
W/Trace   (  654): Unexpected value from nativeGetEnabledTags: 0
W/Trace   (  654): Unexpected value from nativeGetEnabledTags: 0
W/Trace   (  654): Unexpected value from nativeGetEnabledTags: 0
W/Trace   (  654): Unexpected value from nativeGetEnabledTags: 0
W/Trace   (  654): Unexpected value from nativeGetEnabledTags: 0
D/dalvikvm(  654): GC_CONCURRENT freed 1805K, 24% free 8196K/10656K, paused 13ms+2ms, total 56ms
W/Trace   ( 3365): Unexpected value from nativeGetEnabledTags: 0
W/Trace   ( 3365): Unexpected value from nativeGetEnabledTags: 0
W/Trace   ( 3365): Unexpected value from nativeGetEnabledTags: 0
W/Trace   ( 3365): Unexpected value from nativeGetEnabledTags: 0
W/Trace   ( 3365): Unexpected value from nativeGetEnabledTags: 0
W/Trace   ( 3365): Unexpected value from nativeGetEnabledTags: 0
W/Trace   ( 3365): Unexpected value from nativeGetEnabledTags: 0
W/Trace   ( 3365): Unexpected value from nativeGetEnabledTags: 0
W/Trace   ( 3365): Unexpected value from nativeGetEnabledTags: 0
W/Trace   ( 3365): Unexpected value from nativeGetEnabledTags: 0
V/ActivityManager(  560): getTasks: max=1, flags=0, receiver=null
V/ActivityManager(  560): com.joey.expresscall/.login.JVLoginActivity: task=TaskRecord{42b95890 #5 A com.joey.expresscall U 0}
V/ActivityManager(  560): We have pending thumbnails: null
W/Trace   ( 3365): Unexpected value from nativeGetEnabledTags: 0
W/Trace   ( 3365): Unexpected value from nativeGetEnabledTags: 0
W/Trace   ( 3365): Unexpected value from nativeGetEnabledTags: 0
W/Trace   ( 3365): Unexpected value from nativeGetEnabledTags: 0
W/Trace   ( 3365): Unexpected value from nativeGetEnabledTags: 0
W/Trace   ( 3365): Unexpected value from nativeGetEnabledTags: 0
W/Trace   ( 3365): Unexpected value from nativeGetEnabledTags: 0
W/Trace   ( 3365): Unexpected value from nativeGetEnabledTags: 0
W/Trace   ( 3365): Unexpected value from nativeGetEnabledTags: 0
W/Trace   ( 3365): Unexpected value from nativeGetEnabledTags: 0
I/SurfaceFlinger(  131): [SurfaceFlinger] fps:2.712658,dur:1474.57,max:497.55,min:185.13
V/ActivityManager(  560): getTasks: max=1, flags=0, receiver=null
V/ActivityManager(  560): com.joey.expresscall/.login.JVLoginActivity: task=TaskRecord{42b95890 #5 A com.joey.expresscall U 0}
V/ActivityManager(  560): We have pending thumbnails: null
W/Trace   ( 3365): Unexpected value from nativeGetEnabledTags: 0
W/Trace   ( 3365): Unexpected value from nativeGetEnabledTags: 0
W/Trace   ( 3365): Unexpected value from nativeGetEnabledTags: 0
W/Trace   ( 3365): Unexpected value from nativeGetEnabledTags: 0
W/Trace   ( 3365): Unexpected value from nativeGetEnabledTags: 0
W/Trace   ( 3365): Unexpected value from nativeGetEnabledTags: 0
W/Trace   ( 3365): Unexpected value from nativeGetEnabledTags: 0
W/Trace   ( 3365): Unexpected value from nativeGetEnabledTags: 0
I/SurfaceTextureClient( 3365): [STC::queueBuffer] (this:0x5d8e0410) fps:1.99, dur:1505.71, max:512.58, min:494.34
I/BufferQueue(  131): [com.joey.expresscall/com.joey.expresscall.login.JVLoginActivity](this:0x41c0d2b0,api:1) [queue] fps:1.99, dur:1505.69, max:512.82, min:494.08
W/Trace   ( 3365): Unexpected value from nativeGetEnabledTags: 0
W/Trace   ( 3365): Unexpected value from nativeGetEnabledTags: 0
I/BufferQueue(  131): [com.joey.expresscall/com.joey.expresscall.login.JVLoginActivity](this:0x41c0d2b0,api:1) [release] fps:1.99, dur:1504.63, max:512.84, min:494.22
D/StateMachine(  560): handleMessage: E msg.what=131155
D/StateMachine(  560): processMsg: ConnectedState
D/WifiStateMachine(  560): ConnectedState{ what=131155 when=-4ms arg1=1 target=Handler (com.android.internal.util.StateMachine$SmHandler) {423de070} }
D/StateMachine(  560): processMsg: L2ConnectedState
D/WifiStateMachine(  560): L2ConnectedState{ what=131155 when=-5ms arg1=1 target=Handler (com.android.internal.util.StateMachine$SmHandler) {423de070} }
D/WifiNative-wlan0(  560): doString: SIGNAL_POLL
D/WifiCommon(  560): [wlan0] SET "SIGNAL_POLL"
D/wpa_supplicant(  819): RX ctrl_iface - hexdump(len=11): 53 49 47 4e 41 4c 5f 50 4f 4c 4c
D/wpa_supplicant(  819): wlan0: Control interface command 'SIGNAL_POLL'
D/wpa_supplicant(  819): nl80211: survey data missing!
I/WifiStateMachine(  560): fetchRssiAndLinkSpeedNative, newRssi:-33, newLinkSpeed:135
D/StateMachine(  560): handleMessage: X
V/ActivityManager(  560): getTasks: max=1, flags=0, receiver=null
V/ActivityManager(  560): com.joey.expresscall/.login.JVLoginActivity: task=TaskRecord{42b95890 #5 A com.joey.expresscall U 0}
V/ActivityManager(  560): We have pending thumbnails: null
W/Trace   ( 3365): Unexpected value from nativeGetEnabledTags: 0
W/Trace   ( 3365): Unexpected value from nativeGetEnabledTags: 0
W/Trace   ( 3365): Unexpected value from nativeGetEnabledTags: 0
W/Trace   ( 3365): Unexpected value from nativeGetEnabledTags: 0
W/Trace   ( 3365): Unexpected value from nativeGetEnabledTags: 0
W/Trace   ( 3365): Unexpected value from nativeGetEnabledTags: 0
W/Trace   ( 3365): Unexpected value from nativeGetEnabledTags: 0
W/Trace   ( 3365): Unexpected value from nativeGetEnabledTags: 0
W/Trace   ( 3365): Unexpected value from nativeGetEnabledTags: 0
W/Trace   ( 3365): Unexpected value from nativeGetEnabledTags: 0
I/SurfaceFlinger(  131): [SurfaceFlinger] fps:1.983823,dur:1008.15,max:512.91,min:495.24
D/NetworkControllerGemini(  654): refreshViews(0), DataConnected=false simColorId = -1
D/NetworkControllerGemini(  654): refreshViews(0), set parameters to signal cluster view.
D/NetworkControllerGemini(  654): refreshViews(0), tempPhoneSignalIconId.0 = 2130837558  tempPhoneSignalIconId.1 = 0  tempMobileActivityIconId= 0  tempDataTypeIconId= 0
D/SignalClusterViewGemini(  654): setMobileDataIndicators(0), visible=true, strengthIcon[0] ~ [1] 2130837558 ~ 0
D/SignalClusterViewGemini(  654): setShowSimIndicator(0), showSimIndicator=false simIndicatorResource = 0
D/SignalClusterViewGemini(  654): setDataConnected(0), dataConnected=false
D/SignalClusterViewGemini(  654): setDataNetType3G(0), dataNetType=null
D/skia    (  654): Flag is not 10
D/SignalClusterViewGemini(  654): apply : mShowSimIndicator = false mSimIndicatorResource = 0 mShowSimIndicatorGemini = false mSimIndicatorResourceGemini = 0
D/SignalClusterViewGemini(  654): apply, mMobileVisible=true mMobileActivityId=0 mMobileTypeId=0 mMobileStrengthId[0] = 2130837558 mMobileStrengthId[1] = 0
D/SignalClusterViewGemini(  654): isSimInserted(0), SimInserted=false
D/SignalClusterViewGemini(  654): apply, mMobileVisibleGemini=true mMobileActivityIdGemini=0 mMobileTypeIdGemini=2130837912 mMobileStrengthIdGemini[0] = 2130837961 mMobileStrengthIdGemini[1] = 0
D/SignalClusterViewGemini(  654): isSimInserted(1), SimInserted=true
D/SignalClusterViewGemini(  654): mDataNetTypeGemini =Type_G resId= 2130837554 simColorId = 3
D/SignalClusterViewGemini(  654): apply, mMobileVisible=true, mWifiVisible=true, mIsAirplaneMode=false
D/SignalClusterViewGemini(  654): isSimInserted(0), SimInserted=false
D/SignalClusterViewGemini(  654): isSimInserted(1), SimInserted=true
D/SignalClusterViewGemini(  654): isSimInserted(1), SimInserted=true
D/NetworkControllerGemini(  654): refreshViews(1), DataConnected=false simColorId = 3
D/SignalClusterViewGemini(  654): setShowSimIndicator(1), showSimIndicator=false simIndicatorResource = 0
D/SignalClusterViewGemini(  654): setDataConnected(1), dataConnected=false
D/SignalClusterViewGemini(  654): setDataNetType3G(1), dataNetType=Type_G
D/SignalClusterViewGemini(  654): apply : mShowSimIndicator = false mSimIndicatorResource = 0 mShowSimIndicatorGemini = false mSimIndicatorResourceGemini = 0
D/SignalClusterViewGemini(  654): apply, mMobileVisibleGemini=true mMobileActivityIdGemini=0 mMobileTypeIdGemini=2130837912 mMobileStrengthIdGemini[0] = 2130837961 mMobileStrengthIdGemini[1] = 0
D/SignalClusterViewGemini(  654): isSimInserted(1), SimInserted=true
D/SignalClusterViewGemini(  654): mDataNetTypeGemini =Type_G resId= 2130837554 simColorId = 3
D/SignalClusterViewGemini(  654): apply, mMobileVisible=false, mWifiVisible=true, mIsAirplaneMode=false
D/SignalClusterViewGemini(  654): isSimInserted(0), SimInserted=false
D/SignalClusterViewGemini(  654): isSimInserted(1), SimInserted=true
D/SignalClusterViewGemini(  654): isSimInserted(1), SimInserted=true
W/Trace   (  654): Unexpected value from nativeGetEnabledTags: 0
W/Trace   (  654): Unexpected value from nativeGetEnabledTags: 0
W/Trace   (  654): Unexpected value from nativeGetEnabledTags: 0
W/Trace   (  654): Unexpected value from nativeGetEnabledTags: 0
W/Trace   (  654): Unexpected value from nativeGetEnabledTags: 0
W/Trace   (  654): Unexpected value from nativeGetEnabledTags: 0
W/Trace   (  654): Unexpected value from nativeGetEnabledTags: 0
W/Trace   (  654): Unexpected value from nativeGetEnabledTags: 0
W/Trace   (  654): Unexpected value from nativeGetEnabledTags: 0
W/Trace   (  654): Unexpected value from nativeGetEnabledTags: 0
W/Trace   (  654): Unexpected value from nativeGetEnabledTags: 0
W/Trace   (  654): Unexpected value from nativeGetEnabledTags: 0
I/SurfaceTextureClient(  654): [STC::queueBuffer] (this:0x5e2f6d10) fps:0.75, dur:2670.49, max:2002.01, min:668.49
I/BufferQueue(  131): [StatusBar](this:0x41bff9e0,api:1) [queue] fps:0.75, dur:2669.07, max:2002.06, min:667.01
W/Trace   (  654): Unexpected value from nativeGetEnabledTags: 0
W/Trace   (  654): Unexpected value from nativeGetEnabledTags: 0
I/BufferQueue(  131): [StatusBar](this:0x41bff9e0,api:1) [release] fps:0.75, dur:2667.66, max:1999.61, min:668.05
W/Trace   ( 3365): Unexpected value from nativeGetEnabledTags: 0
W/Trace   ( 3365): Unexpected value from nativeGetEnabledTags: 0
W/Trace   ( 3365): Unexpected value from nativeGetEnabledTags: 0
W/Trace   ( 3365): Unexpected value from nativeGetEnabledTags: 0
W/Trace   ( 3365): Unexpected value from nativeGetEnabledTags: 0
W/Trace   ( 3365): Unexpected value from nativeGetEnabledTags: 0
W/Trace   ( 3365): Unexpected value from nativeGetEnabledTags: 0
W/Trace   ( 3365): Unexpected value from nativeGetEnabledTags: 0
W/Trace   ( 3365): Unexpected value from nativeGetEnabledTags: 0
W/Trace   ( 3365): Unexpected value from nativeGetEnabledTags: 0
V/ActivityManager(  560): getTasks: max=1, flags=0, receiver=null
V/ActivityManager(  560): com.joey.expresscall/.login.JVLoginActivity: task=TaskRecord{42b95890 #5 A com.joey.expresscall U 0}
V/ActivityManager(  560): We have pending thumbnails: null
W/ADB_SERVICES(  171): create_local_service_socket() name=shell:cat /proc/meminfo
W/ADB_SERVICES( 3571): adb: unable to open /proc/3571/oom_adj
D/ADB_SERVICES(  171):  closing because is_eof=1 r=1 s->fde.force_eof=0
W/ADB_SERVICES(  171): create_local_service_socket() name=shell:ps
W/ADB_SERVICES( 3572): adb: unable to open /proc/3572/oom_adj
D/ADB_SERVICES(  171):  closing because is_eof=1 r=-1 s->fde.force_eof=0
V/ActivityManager(  560): getTasks: max=1, flags=0, receiver=null
V/ActivityManager(  560): com.joey.expresscall/.login.JVLoginActivity: task=TaskRecord{42b95890 #5 A com.joey.expresscall U 0}
D/ADB_SERVICES(  171): adb fdevent_process list (17) (16) (19) 
D/ADB_SERVICES(  171): adb socket read list (16) (19) 
D/ADB_SERVICES(  171): read_data=44433
D/ADB_SERVICES(  171): max_read_time=0.000335 max_send_time=0.000068 
V/ActivityManager(  560): We have pending thumbnails: null
D/ADB_SERVICES(  171): adb local_socket_ready list (16) (19) 
W/Trace   ( 3365): Unexpected value from nativeGetEnabledTags: 0
W/Trace   ( 3365): Unexpected value from nativeGetEnabledTags: 0
W/Trace   ( 3365): Unexpected value from nativeGetEnabledTags: 0
W/Trace   ( 3365): Unexpected value from nativeGetEnabledTags: 0
W/Trace   ( 3365): Unexpected value from nativeGetEnabledTags: 0
W/Trace   ( 3365): Unexpected value from nativeGetEnabledTags: 0
W/Trace   ( 3365): Unexpected value from nativeGetEnabledTags: 0
W/Trace   ( 3365): Unexpected value from nativeGetEnabledTags: 0
I/SurfaceTextureClient( 3365): [STC::queueBuffer] (this:0x5d8e0410) fps:2.00, dur:1503.69, max:515.32, min:493.41
I/BufferQueue(  131): [com.joey.expresscall/com.joey.expresscall.login.JVLoginActivity](this:0x41c0d2b0,api:1) [queue] fps:2.00, dur:1503.73, max:515.61, min:493.17
W/Trace   ( 3365): Unexpected value from nativeGetEnabledTags: 0
W/Trace   ( 3365): Unexpected value from nativeGetEnabledTags: 0
I/BufferQueue(  131): [com.joey.expresscall/com.joey.expresscall.login.JVLoginActivity](this:0x41c0d2b0,api:1) [release] fps:1.99, dur:1504.01, max:514.53, min:494.17
I/SurfaceFlinger(  131): [SurfaceFlinger] fps:2.973744,dur:1008.83,max:514.67,min:184.93
D/NetworkControllerGemini(  654): refreshViews(0), DataConnected=false simColorId = -1
D/NetworkControllerGemini(  654): refreshViews(0), set parameters to signal cluster view.
D/NetworkControllerGemini(  654): refreshViews(0), tempPhoneSignalIconId.0 = 2130837558  tempPhoneSignalIconId.1 = 0  tempMobileActivityIconId= 0  tempDataTypeIconId= 0
D/SignalClusterViewGemini(  654): setMobileDataIndicators(0), visible=true, strengthIcon[0] ~ [1] 2130837558 ~ 0
D/SignalClusterViewGemini(  654): setShowSimIndicator(0), showSimIndicator=false simIndicatorResource = 0
D/SignalClusterViewGemini(  654): setDataConnected(0), dataConnected=false
D/SignalClusterViewGemini(  654): setDataNetType3G(0), dataNetType=null
D/SignalClusterViewGemini(  654): apply : mShowSimIndicator = false mSimIndicatorResource = 0 mShowSimIndicatorGemini = false mSimIndicatorResourceGemini = 0
D/SignalClusterViewGemini(  654): apply, mMobileVisible=true mMobileActivityId=0 mMobileTypeId=0 mMobileStrengthId[0] = 2130837558 mMobileStrengthId[1] = 0
D/SignalClusterViewGemini(  654): isSimInserted(0), SimInserted=false
D/SignalClusterViewGemini(  654): apply, mMobileVisibleGemini=true mMobileActivityIdGemini=0 mMobileTypeIdGemini=2130837912 mMobileStrengthIdGemini[0] = 2130837961 mMobileStrengthIdGemini[1] = 0
D/SignalClusterViewGemini(  654): isSimInserted(1), SimInserted=true
D/SignalClusterViewGemini(  654): mDataNetTypeGemini =Type_G resId= 2130837554 simColorId = 3
D/SignalClusterViewGemini(  654): apply, mMobileVisible=true, mWifiVisible=true, mIsAirplaneMode=false
D/SignalClusterViewGemini(  654): isSimInserted(0), SimInserted=false
D/SignalClusterViewGemini(  654): isSimInserted(1), SimInserted=true
D/SignalClusterViewGemini(  654): isSimInserted(1), SimInserted=true
D/NetworkControllerGemini(  654): refreshViews(1), DataConnected=false simColorId = 3
D/SignalClusterViewGemini(  654): setShowSimIndicator(1), showSimIndicator=false simIndicatorResource = 0
D/SignalClusterViewGemini(  654): setDataConnected(1), dataConnected=false
D/SignalClusterViewGemini(  654): setDataNetType3G(1), dataNetType=Type_G
D/SignalClusterViewGemini(  654): apply : mShowSimIndicator = false mSimIndicatorResource = 0 mShowSimIndicatorGemini = false mSimIndicatorResourceGemini = 0
D/SignalClusterViewGemini(  654): apply, mMobileVisibleGemini=true mMobileActivityIdGemini=0 mMobileTypeIdGemini=2130837912 mMobileStrengthIdGemini[0] = 2130837961 mMobileStrengthIdGemini[1] = 0
D/SignalClusterViewGemini(  654): isSimInserted(1), SimInserted=true
D/SignalClusterViewGemini(  654): mDataNetTypeGemini =Type_G resId= 2130837554 simColorId = 3
D/SignalClusterViewGemini(  654): apply, mMobileVisible=false, mWifiVisible=true, mIsAirplaneMode=false
D/SignalClusterViewGemini(  654): isSimInserted(0), SimInserted=false
D/SignalClusterViewGemini(  654): isSimInserted(1), SimInserted=true
D/SignalClusterViewGemini(  654): isSimInserted(1), SimInserted=true
W/Trace   (  654): Unexpected value from nativeGetEnabledTags: 0
W/Trace   (  654): Unexpected value from nativeGetEnabledTags: 0
W/Trace   (  654): Unexpected value from nativeGetEnabledTags: 0
W/Trace   (  654): Unexpected value from nativeGetEnabledTags: 0
W/Trace   (  654): Unexpected value from nativeGetEnabledTags: 0
W/Trace   (  654): Unexpected value from nativeGetEnabledTags: 0
W/Trace   (  654): Unexpected value from nativeGetEnabledTags: 0
W/Trace   (  654): Unexpected value from nativeGetEnabledTags: 0
W/Trace   (  654): Unexpected value from nativeGetEnabledTags: 0
W/Trace   (  654): Unexpected value from nativeGetEnabledTags: 0
W/Trace   (  654): Unexpected value from nativeGetEnabledTags: 0
W/Trace   (  654): Unexpected value from nativeGetEnabledTags: 0
I/SurfaceTextureClient(  654): [STC::queueBuffer] (this:0x5e2f6d10) fps:0.99, dur:1011.86, max:1011.86, min:1011.86
I/BufferQueue(  131): [StatusBar](this:0x41bff9e0,api:1) [queue] fps:0.99, dur:1011.93, max:1011.93, min:1011.93
W/Trace   (  654): Unexpected value from nativeGetEnabledTags: 0
W/Trace   (  654): Unexpected value from nativeGetEnabledTags: 0
I/BufferQueue(  131): [StatusBar](this:0x41bff9e0,api:1) [release] fps:0.97, dur:1025.68, max:1025.68, min:1025.68
W/Trace   ( 3365): Unexpected value from nativeGetEnabledTags: 0
W/Trace   ( 3365): Unexpected value from nativeGetEnabledTags: 0
W/Trace   ( 3365): Unexpected value from nativeGetEnabledTags: 0
W/Trace   ( 3365): Unexpected value from nativeGetEnabledTags: 0
W/Trace   ( 3365): Unexpected value from nativeGetEnabledTags: 0
W/Trace   ( 3365): Unexpected value from nativeGetEnabledTags: 0
W/Trace   ( 3365): Unexpected value from nativeGetEnabledTags: 0
W/Trace   ( 3365): Unexpected value from nativeGetEnabledTags: 0
W/Trace   ( 3365): Unexpected value from nativeGetEnabledTags: 0
W/Trace   ( 3365): Unexpected value from nativeGetEnabledTags: 0
V/ActivityManager(  560): getTasks: max=1, flags=0, receiver=null
V/ActivityManager(  560): com.joey.expresscall/.login.JVLoginActivity: task=TaskRecord{42b95890 #5 A com.joey.expresscall U 0}
V/ActivityManager(  560): We have pending thumbnails: null
W/Trace   ( 3365): Unexpected value from nativeGetEnabledTags: 0
W/Trace   ( 3365): Unexpected value from nativeGetEnabledTags: 0
W/Trace   ( 3365): Unexpected value from nativeGetEnabledTags: 0
W/Trace   ( 3365): Unexpected value from nativeGetEnabledTags: 0
W/Trace   ( 3365): Unexpected value from nativeGetEnabledTags: 0
W/Trace   ( 3365): Unexpected value from nativeGetEnabledTags: 0
W/Trace   ( 3365): Unexpected value from nativeGetEnabledTags: 0
W/Trace   ( 3365): Unexpected value from nativeGetEnabledTags: 0
W/Trace   ( 3365): Unexpected value from nativeGetEnabledTags: 0
W/Trace   ( 3365): Unexpected value from nativeGetEnabledTags: 0
V/ActivityManager(  560): getTasks: max=1, flags=0, receiver=null
V/ActivityManager(  560): com.joey.expresscall/.login.JVLoginActivity: task=TaskRecord{42b95890 #5 A com.joey.expresscall U 0}
V/ActivityManager(  560): We have pending thumbnails: null
D/NetworkControllerGemini(  654): refreshViews(0), DataConnected=false simColorId = -1
D/NetworkControllerGemini(  654): refreshViews(0), set parameters to signal cluster view.
D/NetworkControllerGemini(  654): refreshViews(0), tempPhoneSignalIconId.0 = 2130837558  tempPhoneSignalIconId.1 = 0  tempMobileActivityIconId= 0  tempDataTypeIconId= 0
D/SignalClusterViewGemini(  654): setMobileDataIndicators(0), visible=true, strengthIcon[0] ~ [1] 2130837558 ~ 0
D/SignalClusterViewGemini(  654): setShowSimIndicator(0), showSimIndicator=false simIndicatorResource = 0
D/SignalClusterViewGemini(  654): setDataConnected(0), dataConnected=false
D/SignalClusterViewGemini(  654): setDataNetType3G(0), dataNetType=null
D/skia    (  654): Flag is not 10
D/SignalClusterViewGemini(  654): apply : mShowSimIndicator = false mSimIndicatorResource = 0 mShowSimIndicatorGemini = false mSimIndicatorResourceGemini = 0
D/SignalClusterViewGemini(  654): apply, mMobileVisible=true mMobileActivityId=0 mMobileTypeId=0 mMobileStrengthId[0] = 2130837558 mMobileStrengthId[1] = 0
D/SignalClusterViewGemini(  654): isSimInserted(0), SimInserted=false
D/SignalClusterViewGemini(  654): apply, mMobileVisibleGemini=true mMobileActivityIdGemini=0 mMobileTypeIdGemini=2130837912 mMobileStrengthIdGemini[0] = 2130837961 mMobileStrengthIdGemini[1] = 0
D/SignalClusterViewGemini(  654): isSimInserted(1), SimInserted=true
D/SignalClusterViewGemini(  654): mDataNetTypeGemini =Type_G resId= 2130837554 simColorId = 3
D/SignalClusterViewGemini(  654): apply, mMobileVisible=true, mWifiVisible=true, mIsAirplaneMode=false
D/SignalClusterViewGemini(  654): isSimInserted(0), SimInserted=false
D/SignalClusterViewGemini(  654): isSimInserted(1), SimInserted=true
D/SignalClusterViewGemini(  654): isSimInserted(1), SimInserted=true
D/NetworkControllerGemini(  654): refreshViews(1), DataConnected=false simColorId = 3
D/SignalClusterViewGemini(  654): setShowSimIndicator(1), showSimIndicator=false simIndicatorResource = 0
D/SignalClusterViewGemini(  654): setDataConnected(1), dataConnected=false
D/SignalClusterViewGemini(  654): setDataNetType3G(1), dataNetType=Type_G
D/SignalClusterViewGemini(  654): apply : mShowSimIndicator = false mSimIndicatorResource = 0 mShowSimIndicatorGemini = false mSimIndicatorResourceGemini = 0
D/SignalClusterViewGemini(  654): apply, mMobileVisibleGemini=true mMobileActivityIdGemini=0 mMobileTypeIdGemini=2130837912 mMobileStrengthIdGemini[0] = 2130837961 mMobileStrengthIdGemini[1] = 0
D/SignalClusterViewGemini(  654): isSimInserted(1), SimInserted=true
D/SignalClusterViewGemini(  654): mDataNetTypeGemini =Type_G resId= 2130837554 simColorId = 3
D/SignalClusterViewGemini(  654): apply, mMobileVisible=false, mWifiVisible=true, mIsAirplaneMode=false
D/SignalClusterViewGemini(  654): isSimInserted(0), SimInserted=false
D/SignalClusterViewGemini(  654): isSimInserted(1), SimInserted=true
D/SignalClusterViewGemini(  654): isSimInserted(1), SimInserted=true
W/Trace   (  654): Unexpected value from nativeGetEnabledTags: 0
