D/SignalClusterViewGemini(  788): apply, mMobileVisibleGemini=true mMobileActivityIdGemini=0 mMobileTypeIdGemini=2130837912 mMobileStrengthIdGemini[0] = 2130837961 mMobileStrengthIdGemini[1] = 0
D/SignalClusterViewGemini(  788): isSimInserted(1), SimInserted=true
D/SignalClusterViewGemini(  788): mDataNetTypeGemini =Type_G resId= 2130837554 simColorId = 3
D/SignalClusterViewGemini(  788): apply, mMobileVisible=false, mWifiVisible=true, mIsAirplaneMode=false
D/SignalClusterViewGemini(  788): isSimInserted(0), SimInserted=false
D/SignalClusterViewGemini(  788): isSimInserted(1), SimInserted=true
D/SignalClusterViewGemini(  788): isSimInserted(1), SimInserted=true
W/Trace   (  788): Unexpected value from nativeGetEnabledTags: 0
W/Trace   (  788): Unexpected value from nativeGetEnabledTags: 0
W/Trace   (  788): Unexpected value from nativeGetEnabledTags: 0
W/Trace   (  788): Unexpected value from nativeGetEnabledTags: 0
W/Trace   (  788): Unexpected value from nativeGetEnabledTags: 0
W/Trace   (  788): Unexpected value from nativeGetEnabledTags: 0
W/Trace   (  788): Unexpected value from nativeGetEnabledTags: 0
W/Trace   (  788): Unexpected value from nativeGetEnabledTags: 0
W/Trace   (  788): Unexpected value from nativeGetEnabledTags: 0
W/Trace   (  788): Unexpected value from nativeGetEnabledTags: 0
W/Trace   (  788): Unexpected value from nativeGetEnabledTags: 0
W/Trace   (  788): Unexpected value from nativeGetEnabledTags: 0
W/Trace   (  788): Unexpected value from nativeGetEnabledTags: 0
W/Trace   (  788): Unexpected value from nativeGetEnabledTags: 0
V/ActivityManager(  663): getTasks: max=1, flags=0, receiver=null
V/ActivityManager(  663): com.joey.expresscall/.test.ECInterfaceTest: task=TaskRecord{4237d740 #63 A com.joey.expresscall U 0}
V/ActivityManager(  663): We have pending thumbnails: null
W/Trace   ( 9069): Unexpected value from nativeGetEnabledTags: 0
W/Trace   ( 9069): Unexpected value from nativeGetEnabledTags: 0
V/AlarmManager(  663): Native set alarm :Alarm{424a72d8 type 3 android}
I/AlarmManager(  663): reset poweroff alarm none
V/ActivityManager(  663): Broadcast: Intent { act=com.tencent.mm.TrafficStatsReceiver flg=0x14 (has extras) } ordered=true userid=0
D/PowerManagerService(  663): acquireWakeLockInternal: lock=1102592808, flags=0x1, tag="AlarmManager", ws={WorkSource: uids=[10077]}, uid=1000, pid=663
D/PowerManagerService(  663): updateWakeLockSummaryLocked: mWakefulness=Awake, mWakeLockSummary=0x1
D/PowerManagerService(  663): newScreenState = 2
D/PowerManagerDisplayController(  663): requestPowerState: screenState=2, useProximitySensor=false, screenBrightness=128, screenAutoBrightnessAdjustment=0.0, useAutoBrightness=false, useEcoBrightness=false, blockScreenOn=false, waitForNegativeProximity=false
I/PowerManagerService(  663): setBrightness mButtonLight, screenBrightness=128
D/PowerManagerService(  663): updateScreenStateLocked: mDisplayReady=true, newScreenState=2, mWakefulness=1, mWakeLockSummary=0x1, mUserActivitySummary=0x5, mBootCompleted=true
D/PowerManagerService(  663): handleSandman: canDream=true, mWakefulness=Awake
W/Trace   ( 9323): Unexpected value from nativeGetEnabledTags: 0
D/PowerManagerService(  663): releaseWakeLockInternal: lock=1102592808, flags=0x0
D/PowerManagerService(  663): updateWakeLockSummaryLocked: mWakefulness=Awake, mWakeLockSummary=0x0
D/PowerManagerService(  663): newScreenState = 2
D/PowerManagerDisplayController(  663): requestPowerState: screenState=2, useProximitySensor=false, screenBrightness=128, screenAutoBrightnessAdjustment=0.0, useAutoBrightness=false, useEcoBrightness=false, blockScreenOn=false, waitForNegativeProximity=false
I/PowerManagerService(  663): setBrightness mButtonLight, screenBrightness=128
D/PowerManagerService(  663): updateScreenStateLocked: mDisplayReady=true, newScreenState=2, mWakefulness=1, mWakeLockSummary=0x0, mUserActivitySummary=0x5, mBootCompleted=true
D/PowerManagerService(  663): handleSandman: canDream=true, mWakefulness=Awake
D/dalvikvm( 9323): GC_CONCURRENT freed 417K, 29% free 3247K/4556K, paused 3ms+2ms, total 28ms
W/Trace   ( 9323): Unexpected value from nativeGetEnabledTags: 0
W/Trace   ( 9069): Unexpected value from nativeGetEnabledTags: 0
W/Trace   ( 9069): Unexpected value from nativeGetEnabledTags: 0
V/ActivityManager(  663): getTasks: max=1, flags=0, receiver=null
V/ActivityManager(  663): com.joey.expresscall/.test.ECInterfaceTest: task=TaskRecord{4237d740 #63 A com.joey.expresscall U 0}
D/ADB_SERVICES(  181): adb fdevent_process list (17) (16) (19) 
D/ADB_SERVICES(  181): adb socket read list (16) (19) 
D/ADB_SERVICES(  181): read_data=113441
D/ADB_SERVICES(  181): max_read_time=0.000210 max_send_time=0.000175 
V/ActivityManager(  663): We have pending thumbnails: null
D/ADB_SERVICES(  181): adb local_socket_ready list (16) (19) 
W/Trace   (  788): Unexpected value from nativeGetEnabledTags: 0
W/Trace   (  788): Unexpected value from nativeGetEnabledTags: 0
W/Trace   (  788): Unexpected value from nativeGetEnabledTags: 0
W/Trace   (  788): Unexpected value from nativeGetEnabledTags: 0
W/Trace   (  788): Unexpected value from nativeGetEnabledTags: 0
W/Trace   (  788): Unexpected value from nativeGetEnabledTags: 0
W/Trace   (  788): Unexpected value from nativeGetEnabledTags: 0
W/Trace   (  788): Unexpected value from nativeGetEnabledTags: 0
I/SurfaceTextureClient(  788): [STC::queueBuffer] (this:0x5e363390) fps:1.31, dur:1521.67, max:995.91, min:525.76
I/BufferQueue(  131): [StatusBar](this:0x41fdf8f8,api:1) [queue] fps:1.31, dur:1521.89, max:996.87, min:525.02
W/Trace   (  788): Unexpected value from nativeGetEnabledTags: 0
W/Trace   (  788): Unexpected value from nativeGetEnabledTags: 0
I/BufferQueue(  131): [StatusBar](this:0x41fdf8f8,api:1) [release] fps:1.31, dur:1521.68, max:995.94, min:525.74
I/SurfaceFlinger(  131): [SurfaceFlinger] fps:1.314349,dur:1521.67,max:996.17,min:525.49
D/StateMachine(  663): handleMessage: E msg.what=131155
D/StateMachine(  663): processMsg: ConnectedState
D/WifiStateMachine(  663): ConnectedState{ what=131155 when=-4ms arg1=15 target=Handler (com.android.internal.util.StateMachine$SmHandler) {41c1f138} }
D/StateMachine(  663): processMsg: L2ConnectedState
D/WifiStateMachine(  663): L2ConnectedState{ what=131155 when=-5ms arg1=15 target=Handler (com.android.internal.util.StateMachine$SmHandler) {41c1f138} }
D/WifiNative-wlan0(  663): doString: SIGNAL_POLL
D/WifiCommon(  663): [wlan0] SET "SIGNAL_POLL"
D/wpa_supplicant( 1076): RX ctrl_iface - hexdump(len=11): 53 49 47 4e 41 4c 5f 50 4f 4c 4c
D/wpa_supplicant( 1076): wlan0: Control interface command 'SIGNAL_POLL'
D/wpa_supplicant( 1076): nl80211: survey data missing!
I/WifiStateMachine(  663): fetchRssiAndLinkSpeedNative, newRssi:-36, newLinkSpeed:135
D/StateMachine(  663): handleMessage: X
V/ActivityManager(  663): getTasks: max=1, flags=0, receiver=null
V/ActivityManager(  663): com.joey.expresscall/.test.ECInterfaceTest: task=TaskRecord{4237d740 #63 A com.joey.expresscall U 0}
V/ActivityManager(  663): We have pending thumbnails: null
W/Trace   ( 9069): Unexpected value from nativeGetEnabledTags: 0
W/Trace   ( 9069): Unexpected value from nativeGetEnabledTags: 0
W/Trace   (  788): Unexpected value from nativeGetEnabledTags: 0
W/Trace   (  788): Unexpected value from nativeGetEnabledTags: 0
W/Trace   (  788): Unexpected value from nativeGetEnabledTags: 0
W/Trace   (  788): Unexpected value from nativeGetEnabledTags: 0
W/Trace   (  788): Unexpected value from nativeGetEnabledTags: 0
W/Trace   (  788): Unexpected value from nativeGetEnabledTags: 0
W/Trace   (  788): Unexpected value from nativeGetEnabledTags: 0
W/Trace   (  788): Unexpected value from nativeGetEnabledTags: 0
W/Trace   (  788): Unexpected value from nativeGetEnabledTags: 0
W/Trace   (  788): Unexpected value from nativeGetEnabledTags: 0
D/InputReader(  663): AP_PROF:AppLaunch_dispatchPtr:Down:32437921
I/AP_PROF (  663): unable to open /proc/mtprof/status entry
D/PowerManagerService(  663): userActivityFromNative
W/Trace   (15160): Unexpected value from nativeGetEnabledTags: 0
D/PowerManagerService(  663): userActivityNoUpdateLocked: eventTime=32437921, event=2, flags=0x0, uid=1000
D/PowerManagerNotifier(  663): onUserActivity: event=2, uid=1000
D/PowerManagerService(  663): updateUserActivitySummaryLocked: mWakefulness=Awake, mUserActivitySummary=0x5, nextTimeout=32445921 (in 7996 ms)
D/PowerManagerService(  663): newScreenState = 2
D/PowerManagerDisplayController(  663): requestPowerState: screenState=2, useProximitySensor=false, screenBrightness=128, screenAutoBrightnessAdjustment=0.0, useAutoBrightness=false, useEcoBrightness=false, blockScreenOn=false, waitForNegativeProximity=false
I/PowerManagerService(  663): setBrightness mButtonLight, screenBrightness=128
D/PowerManagerService(  663): updateScreenStateLocked: mDisplayReady=true, newScreenState=2, mWakefulness=1, mWakeLockSummary=0x0, mUserActivitySummary=0x5, mBootCompleted=true
W/Trace   (15160): Unexpected value from nativeGetEnabledTags: 0
D/PowerManagerService(  663): handleSandman: canDream=true, mWakefulness=Awake
W/Trace   (15160): Unexpected value from nativeGetEnabledTags: 0
W/Trace   (15160): Unexpected value from nativeGetEnabledTags: 0
W/Trace   (15160): Unexpected value from nativeGetEnabledTags: 0
W/Trace   (15160): Unexpected value from nativeGetEnabledTags: 0
W/Trace   (15160): Unexpected value from nativeGetEnabledTags: 0
W/Trace   (15160): Unexpected value from nativeGetEnabledTags: 0
W/Trace   (15160): Unexpected value from nativeGetEnabledTags: 0
W/Trace   (15160): Unexpected value from nativeGetEnabledTags: 0
W/Trace   (15160): Unexpected value from nativeGetEnabledTags: 0
W/Trace   (15160): Unexpected value from nativeGetEnabledTags: 0
D/InputReader(  663): AP_PROF:AppLaunch_dispatchPtr:Up:32438016
W/Trace   (15160): Unexpected value from nativeGetEnabledTags: 0
W/Trace   (15160): Unexpected value from nativeGetEnabledTags: 0
W/Trace   (15160): Unexpected value from nativeGetEnabledTags: 0
W/Trace   ( 9069): Unexpected value from nativeGetEnabledTags: 0
W/Trace   ( 9069): Unexpected value from nativeGetEnabledTags: 0
W/Trace   (15160): Unexpected value from nativeGetEnabledTags: 0
W/Trace   (15160): Unexpected value from nativeGetEnabledTags: 0
W/Trace   (15160): Unexpected value from nativeGetEnabledTags: 0
W/Trace   (15160): Unexpected value from nativeGetEnabledTags: 0
W/Trace   (15160): Unexpected value from nativeGetEnabledTags: 0
W/Trace   (15160): Unexpected value from nativeGetEnabledTags: 0
W/Trace   (15160): Unexpected value from nativeGetEnabledTags: 0
W/Trace   (15160): Unexpected value from nativeGetEnabledTags: 0
W/Trace   (15160): Unexpected value from nativeGetEnabledTags: 0
I/SurfaceTextureClient(15160): [STC::queueBuffer] (this:0x5c909aa0) fps:0.72, dur:4155.43, max:4121.56, min:16.20
I/BufferQueue(  131): [com.joey.expresscall/com.joey.expresscall.test.ECInterfaceTest](this:0x41cae430,api:1) [queue] fps:0.72, dur:4156.20, max:4122.44, min:16.21
W/Trace   (15160): Unexpected value from nativeGetEnabledTags: 0
W/Trace   (15160): Unexpected value from nativeGetEnabledTags: 0
I/BufferQueue(  131): [com.joey.expresscall/com.joey.expresscall.test.ECInterfaceTest](this:0x41cae430,api:1) [release] fps:1.19, dur:4187.57, max:4118.56, min:17.13
I/System.out( 9483): [CDS]rx timeout:3600000
V/Provider/Settings(15160):  from settings cache , name = sound_effects_enabled , value = 0
D/dalvikvm(15160): create interp thread : stack size=32KB
D/dalvikvm(15160): create new thread
D/dalvikvm(15160): new thread created
D/dalvikvm(15160): update thread list
D/dalvikvm(15160): threadid=15: interp stack at 0x5e6ab000
D/dalvikvm(15160): threadid=15: created from interp
D/dalvikvm(15160): start new thread
D/dalvikvm(15160): threadid=15: notify debugger
D/dalvikvm(15160): threadid=15 (Thread-1322): calling run()
V/HttpCommImp(15160): Post string = {"Request":{"fileId":"bye.wav","fileType":"wav","token":"189105176191463925928903","phoneArray":["18663753236","15610131752"]}}
I/httpComm(15160): url = http://jdsc2015.xicp.net/SYH/record/call.do
E/MyLog   (15160): append without file
D/FrameworkListener(  127): dispatchCommand data = (getaddrinfo jdsc2015.xicp.net ^ 1024 0 1 0)
D/libc-netbsd(  127): getaddrinfo: jdsc2015.xicp.net NO result from proxy 
D/libc-netbsd(  127): res_queryN name = jdsc2015.xicp.net, class = 1, type = 1
D/libc-netbsd(  127): res_queryN name = jdsc2015.xicp.net succeed
D/SocketClient(  127): SocketClient sendDatalocked done: 222
D/SocketClient(  127): SocketClient sendDatalocked done: 
D/SocketClient(  127): SocketClient sendDatalocked done: 
D/SocketClient(  127): SocketClient sendDatalocked done: 
D/SocketClient(  127): SocketClient sendDatalocked done: 
D/SocketClient(  127): SocketClient sendDatalocked done: 
D/SocketClient(  127): SocketClient sendDatalocked done: 
D/libc-netbsd(15160): getaddrinfo: jdsc2015.xicp.net get result from proxy >>
I/System.out(15160): propertyValue:true
I/System.out(15160): [socket][3] connection /103.44.145.247:80;LocalPort=60818(20000)
I/System.out(15160): [CDS]connect[/103.44.145.247:80] tm:20
D/Posix   (15160): [Posix_connect Debug]Process com.joey.expresscall :80 
W/Trace   (15160): Unexpected value from nativeGetEnabledTags: 0
W/Trace   (15160): Unexpected value from nativeGetEnabledTags: 0
W/Trace   (15160): Unexpected value from nativeGetEnabledTags: 0
W/Trace   (15160): Unexpected value from nativeGetEnabledTags: 0
W/Trace   (15160): Unexpected value from nativeGetEnabledTags: 0
W/Trace   (15160): Unexpected value from nativeGetEnabledTags: 0
W/Trace   (15160): Unexpected value from nativeGetEnabledTags: 0
W/Trace   (15160): Unexpected value from nativeGetEnabledTags: 0
W/Trace   (15160): Unexpected value from nativeGetEnabledTags: 0
W/Trace   (15160): Unexpected value from nativeGetEnabledTags: 0
I/System.out(15160): [socket][/192.168.3.9:60818] connected
I/System.out(15160): [CDS]rx timeout:20000
W/System.err(15160): rto value is too small:0
I/System.out(15160): >doSendRequest
I/System.out(15160): <doSendRequest
D/NetworkControllerGemini(  788): refreshViews(0), DataConnected=false simColorId = -1
D/NetworkControllerGemini(  788): refreshViews(0), set parameters to signal cluster view.
D/NetworkControllerGemini(  788): refreshViews(0), tempPhoneSignalIconId.0 = 2130837558  tempPhoneSignalIconId.1 = 0  tempMobileActivityIconId= 0  tempDataTypeIconId= 0
D/SignalClusterViewGemini(  788): setMobileDataIndicators(0), visible=true, strengthIcon[0] ~ [1] 2130837558 ~ 0
D/SignalClusterViewGemini(  788): setShowSimIndicator(0), showSimIndicator=false simIndicatorResource = 0
D/SignalClusterViewGemini(  788): setDataConnected(0), dataConnected=false
D/SignalClusterViewGemini(  788): setDataNetType3G(0), dataNetType=null
D/SignalClusterViewGemini(  788): apply : mShowSimIndicator = false mSimIndicatorResource = 0 mShowSimIndicatorGemini = false mSimIndicatorResourceGemini = 0
D/SignalClusterViewGemini(  788): apply, mMobileVisible=true mMobileActivityId=0 mMobileTypeId=0 mMobileStrengthId[0] = 2130837558 mMobileStrengthId[1] = 0
D/SignalClusterViewGemini(  788): isSimInserted(0), SimInserted=false
D/SignalClusterViewGemini(  788): apply, mMobileVisibleGemini=true mMobileActivityIdGemini=0 mMobileTypeIdGemini=2130837912 mMobileStrengthIdGemini[0] = 2130837961 mMobileStrengthIdGemini[1] = 0
D/SignalClusterViewGemini(  788): isSimInserted(1), SimInserted=true
D/SignalClusterViewGemini(  788): mDataNetTypeGemini =Type_G resId= 2130837554 simColorId = 3
D/SignalClusterViewGemini(  788): apply, mMobileVisible=true, mWifiVisible=true, mIsAirplaneMode=false
D/SignalClusterViewGemini(  788): isSimInserted(0), SimInserted=false
D/SignalClusterViewGemini(  788): isSimInserted(1), SimInserted=true
D/SignalClusterViewGemini(  788): isSimInserted(1), SimInserted=true
D/NetworkControllerGemini(  788): refreshViews(1), DataConnected=false simColorId = 3
D/SignalClusterViewGemini(  788): setShowSimIndicator(1), showSimIndicator=false simIndicatorResource = 0
D/SignalClusterViewGemini(  788): setDataConnected(1), dataConnected=false
D/SignalClusterViewGemini(  788): setDataNetType3G(1), dataNetType=Type_G
D/SignalClusterViewGemini(  788): apply : mShowSimIndicator = false mSimIndicatorResource = 0 mShowSimIndicatorGemini = false mSimIndicatorResourceGemini = 0
D/SignalClusterViewGemini(  788): apply, mMobileVisibleGemini=true mMobileActivityIdGemini=0 mMobileTypeIdGemini=2130837912 mMobileStrengthIdGemini[0] = 2130837961 mMobileStrengthIdGemini[1] = 0
D/SignalClusterViewGemini(  788): isSimInserted(1), SimInserted=true
D/SignalClusterViewGemini(  788): mDataNetTypeGemini =Type_G resId= 2130837554 simColorId = 3
D/SignalClusterViewGemini(  788): apply, mMobileVisible=false, mWifiVisible=true, mIsAirplaneMode=false
D/SignalClusterViewGemini(  788): isSimInserted(0), SimInserted=false
D/SignalClusterViewGemini(  788): isSimInserted(1), SimInserted=true
D/SignalClusterViewGemini(  788): isSimInserted(1), SimInserted=true
W/Trace   (  788): Unexpected value from nativeGetEnabledTags: 0
W/Trace   (  788): Unexpected value from nativeGetEnabledTags: 0
W/Trace   (  788): Unexpected value from nativeGetEnabledTags: 0
W/Trace   (  788): Unexpected value from nativeGetEnabledTags: 0
W/Trace   (  788): Unexpected value from nativeGetEnabledTags: 0
W/Trace   (  788): Unexpected value from nativeGetEnabledTags: 0
W/Trace   (  788): Unexpected value from nativeGetEnabledTags: 0
W/Trace   (  788): Unexpected value from nativeGetEnabledTags: 0
W/Trace   (  788): Unexpected value from nativeGetEnabledTags: 0
W/Trace   (  788): Unexpected value from nativeGetEnabledTags: 0
W/Trace   (  788): Unexpected value from nativeGetEnabledTags: 0
W/Trace   (  788): Unexpected value from nativeGetEnabledTags: 0
I/SurfaceTextureClient(  788): [STC::queueBuffer] (this:0x5e363390) fps:1.95, dur:1026.42, max:536.06, min:490.36
I/BufferQueue(  131): [StatusBar](this:0x41fdf8f8,api:1) [queue] fps:1.95, dur:1025.52, max:536.05, min:489.47
W/Trace   (  788): Unexpected value from nativeGetEnabledTags: 0
W/Trace   (  788): Unexpected value from nativeGetEnabledTags: 0
I/BufferQueue(  131): [StatusBar](this:0x41fdf8f8,api:1) [release] fps:1.96, dur:1019.24, max:527.67, min:491.57
I/SurfaceFlinger(  131): [SurfaceFlinger] fps:3.925056,dur:1019.09,max:491.49,min:66.62
V/ActivityManager(  663): getTasks: max=1, flags=0, receiver=null
V/ActivityManager(  663): com.joey.expresscall/.test.ECInterfaceTest: task=TaskRecord{4237d740 #63 A com.joey.expresscall U 0}
V/ActivityManager(  663): We have pending thumbnails: null
W/Trace   ( 9069): Unexpected value from nativeGetEnabledTags: 0
W/Trace   ( 9069): Unexpected value from nativeGetEnabledTags: 0
V/ActivityManager(  663): getTasks: max=1, flags=0, receiver=null
V/ActivityManager(  663): com.joey.expresscall/.test.ECInterfaceTest: task=TaskRecord{4237d740 #63 A com.joey.expresscall U 0}
V/ActivityManager(  663): We have pending thumbnails: null
W/Trace   (  788): Unexpected value from nativeGetEnabledTags: 0
W/Trace   (  788): Unexpected value from nativeGetEnabledTags: 0
W/Trace   (  788): Unexpected value from nativeGetEnabledTags: 0
W/Trace   (  788): Unexpected value from nativeGetEnabledTags: 0
W/Trace   (  788): Unexpected value from nativeGetEnabledTags: 0
W/Trace   (  788): Unexpected value from nativeGetEnabledTags: 0
W/Trace   (  788): Unexpected value from nativeGetEnabledTags: 0
W/Trace   (  788): Unexpected value from nativeGetEnabledTags: 0
W/Trace   (  788): Unexpected value from nativeGetEnabledTags: 0
W/Trace   (  788): Unexpected value from nativeGetEnabledTags: 0
W/Trace   ( 9069): Unexpected value from nativeGetEnabledTags: 0
W/Trace   ( 9069): Unexpected value from nativeGetEnabledTags: 0
W/Trace   (  788): Unexpected value from nativeGetEnabledTags: 0
W/Trace   (  788): Unexpected value from nativeGetEnabledTags: 0
W/Trace   (  788): Unexpected value from nativeGetEnabledTags: 0
W/Trace   (  788): Unexpected value from nativeGetEnabledTags: 0
W/Trace   (  788): Unexpected value from nativeGetEnabledTags: 0
W/Trace   (  788): Unexpected value from nativeGetEnabledTags: 0
W/Trace   (  788): Unexpected value from nativeGetEnabledTags: 0
W/Trace   (  788): Unexpected value from nativeGetEnabledTags: 0
W/Trace   (  788): Unexpected value from nativeGetEnabledTags: 0
W/Trace   (  788): Unexpected value from nativeGetEnabledTags: 0
V/HttpCommImp(15160): Post request string = {"desc":"","data":{"callListId":"1463926011616","failCount":0,"successCount":2},"code":"000"}
I/interfacetest%%%(15160): response = {"desc":"","data":{"callListId":"1463926011616","failCount":0,"successCount":2},"code":"000"}
E/MyLog   (15160): append without file
I/NotificationService(  663): enqueueToast pkg=com.joey.expresscall callback=android.app.ITransientNotification$Stub$Proxy@41c92758 duration=0
V/NotificationService(  663): notifications are enabled for com.joey.expresscall
D/NotificationService(  663): Show pkg=com.joey.expresscall callback=android.app.ITransientNotification$Stub$Proxy@41c92758
D/dalvikvm(15160): threadid=15: exiting
D/dalvikvm(15160): threadid=15: bye!
W/Trace   (15160): Unexpected value from nativeGetEnabledTags: 0
W/Trace   (15160): Unexpected value from nativeGetEnabledTags: 0
W/Trace   (15160): Unexpected value from nativeGetEnabledTags: 0
I/BufferQueue(  131): [unnamed-131-360](this:0x41caf2b0,api:0) BufferQueue
I/BufferQueue(  131): [unnamed-131-360](this:0x41caf2b0,api:0) consumerConnect
I/BufferQueue(  131): [unnamed-131-360](this:0x41caf2b0,api:0) setConsumerName: unnamed-131-360
I/SurfaceTexture(  131): [unnamed-131-360](this:0x41cab008,api:0) SurfaceTexture
I/BufferQueue(  131): [unnamed-131-360](this:0x41caf2b0,api:0) setSynchronousMode: enabled=1
I/BufferQueue(  131): [unnamed-131-360](this:0x41caf2b0,api:0) setDefaultBufferSize: w=1, h=1
I/BufferQueue(  131): [Toast](this:0x41caf2b0,api:0) setConsumerName: Toast
W/Trace   (  663): Unexpected value from nativeGetEnabledTags: 0
D/KeyguardUpdateMonitor(  663): sendKeyguardVisibilityChanged(true)
D/KeyguardUpdateMonitor(  663): handleKeyguardVisibilityChanged(1)
D/KeyguardViewMediator(  663): handleMessage enter msg name=SET_HIDDEN
D/KeyguardViewMediator(  663): handleMessage exit msg name=SET_HIDDEN
I/BufferQueue(  131): [Toast](this:0x41caf2b0,api:0) setDefaultBufferSize: w=480, h=149
I/SurfaceFlinger(  131): [SurfaceFlinger] fps:2.924020,dur:1025.98,max:496.44,min:65.14
D/PowerManagerService(  663): acquireWakeLockInternal: lock=1101618792, flags=0x2000000a, tag="WindowManager", ws={WorkSource: uids=[10066]}, uid=1000, pid=663
D/PowerManagerService(  663): updateWakeLockSummaryLocked: mWakefulness=Awake, mWakeLockSummary=0x23
D/PowerManagerService(  663): newScreenState = 2
D/PowerManagerDisplayController(  663): requestPowerState: screenState=2, useProximitySensor=false, screenBrightness=128, screenAutoBrightnessAdjustment=0.0, useAutoBrightness=false, useEcoBrightness=false, blockScreenOn=false, waitForNegativeProximity=false
I/PowerManagerService(  663): setBrightness mButtonLight, screenBrightness=128
D/PowerManagerService(  663): updateScreenStateLocked: mDisplayReady=true, newScreenState=2, mWakefulness=1, mWakeLockSummary=0x23, mUserActivitySummary=0x5, mBootCompleted=true
D/PowerManagerService(  663): handleSandman: canDream=true, mWakefulness=Awake
W/Trace   (  663): Unexpected value from nativeGetEnabledTags: 0
W/Trace   (15160): Unexpected value from nativeGetEnabledTags: 0
W/Trace   (15160): Unexpected value from nativeGetEnabledTags: 0
W/Trace   (15160): Unexpected value from nativeGetEnabledTags: 0
W/Trace   (15160): Unexpected value from nativeGetEnabledTags: 0
W/Trace   (15160): Unexpected value from nativeGetEnabledTags: 0
W/Trace   (15160): Unexpected value from nativeGetEnabledTags: 0
W/Trace   (15160): Unexpected value from nativeGetEnabledTags: 0
W/Trace   (15160): Unexpected value from nativeGetEnabledTags: 0
W/Trace   (15160): Unexpected value from nativeGetEnabledTags: 0
I/BufferQueue(  131): [Toast](this:0x41caf2b0,api:0) connect: api=2
I/BufferQueue(  131): [Toast](this:0x41caf2b0,api:2) setSynchronousMode: enabled=1
I/BufferQueue(  131): [Toast](this:0x41caf2b0,api:2) new GraphicBuffer needed
D/BufferQueue(  131):     [OLD] gb:NULL
I/GraphicBuffer(  131): allocate buffer (w:480 h:149 f:1) err(0)
I/BufferQueue(  131):     [NEW] gb=0x41cac540, handle=0x41fe36b0, w=480, h=149, s=480, fmt=1
W/Trace   (15160): Unexpected value from nativeGetEnabledTags: 0
W/Trace   (  663): Unexpected value from nativeGetEnabledTags: 0
D/KeyguardUpdateMonitor(  663): sendKeyguardVisibilityChanged(true)
D/KeyguardUpdateMonitor(  663): handleKeyguardVisibilityChanged(1)
D/KeyguardViewMediator(  663): handleMessage enter msg name=SET_HIDDEN
D/KeyguardViewMediator(  663): handleMessage exit msg name=SET_HIDDEN
W/Trace   (  663): Unexpected value from nativeGetEnabledTags: 0
W/Trace   (15160): Unexpected value from nativeGetEnabledTags: 0
I/SurfaceTexture(  131): [Toast](this:0x41cab008,api:2) [void* android::SurfaceTexture::createImage(EGLDisplay, const android::sp<android::GraphicBuffer>&)]
D/SurfaceTexture(  131):     GraphicBuffer: gb=0x41cac540 handle=0x41fe36b0
D/SurfaceTexture(  131):     EGLImage: dpy=0x1, img=0x41cac7b8
I/SurfaceTextureClient(  131): [STC::queueBuffer] (this:0x41fd3170) fps:2.57, dur:10496.73, max:10050.85, min:14.59
I/SurfaceTextureClient(  131): [STC::queueBuffer] this:0x41fd3170, api:1, last queue time elapsed:10050.85
I/BufferQueue(  131): [FramebufferSurface](this:0x41fd2668,api:1) [release] fps:2.57, dur:10496.70, max:10050.91, min:14.50
I/BufferQueue(  131): [FramebufferSurface](this:0x41fd2668,api:1) [queue] fps:2.57, dur:10496.66, max:10050.94, min:14.43
V/ActivityManager(  663): getTasks: max=1, flags=0, receiver=null
V/ActivityManager(  663): com.joey.expresscall/.test.ECInterfaceTest: task=TaskRecord{4237d740 #63 A com.joey.expresscall U 0}
V/ActivityManager(  663): We have pending thumbnails: null
W/Trace   ( 9069): Unexpected value from nativeGetEnabledTags: 0
W/Trace   ( 9069): Unexpected value from nativeGetEnabledTags: 0
D/Settings/BW(14791): ReadCodeTask:file size: 4096
D/PowerManagerService(  663): acquireWakeLockInternal: lock=1103259840, flags=0x1, tag="RILJ", ws=null, uid=1001, pid=864
D/PowerManagerService(  663): updateWakeLockSummaryLocked: mWakefulness=Awake, mWakeLockSummary=0x23
D/PowerManagerService(  663): newScreenState = 2
D/PowerManagerDisplayController(  663): requestPowerState: screenState=2, useProximitySensor=false, screenBrightness=128, screenAutoBrightnessAdjustment=0.0, useAutoBrightness=false, useEcoBrightness=false, blockScreenOn=false, waitForNegativeProximity=false
I/PowerManagerService(  663): setBrightness mButtonLight, screenBrightness=128
D/PowerManagerService(  663): updateScreenStateLocked: mDisplayReady=true, newScreenState=2, mWakefulness=1, mWakeLockSummary=0x23, mUserActivitySummary=0x5, mBootCompleted=true
D/PowerManagerService(  663): handleSandman: canDream=true, mWakefulness=Awake
D/PowerManagerService(  663): acquireWakeLockInternal: lock=1103259840, flags=0x1, tag="RILJ", ws=null, uid=1001, pid=864
D/PowerManagerService(  663): updateWakeLockSummaryLocked: mWakefulness=Awake, mWakeLockSummary=0x23
D/PowerManagerService(  663): newScreenState = 2
D/PowerManagerDisplayController(  663): requestPowerState: screenState=2, useProximitySensor=false, screenBrightness=128, screenAutoBrightnessAdjustment=0.0, useAutoBrightness=false, useEcoBrightness=false, blockScreenOn=false, waitForNegativeProximity=false
I/PowerManagerService(  663): setBrightness mButtonLight, screenBrightness=128
D/PowerManagerService(  663): updateScreenStateLocked: mDisplayReady=true, newScreenState=2, mWakefulness=1, mWakeLockSummary=0x23, mUserActivitySummary=0x5, mBootCompleted=true
D/PowerManagerService(  663): handleSandman: canDream=true, mWakefulness=Awake
D/PowerManagerService(  663): acquireWakeLockInternal: lock=1103259840, flags=0x1, tag="RILJ", ws=null, uid=1001, pid=864
D/PowerManagerService(  663): updateWakeLockSummaryLocked: mWakefulness=Awake, mWakeLockSummary=0x23
D/PowerManagerService(  663): newScreenState = 2
D/PowerManagerDisplayController(  663): requestPowerState: screenState=2, useProximitySensor=false, screenBrightness=128, screenAutoBrightnessAdjustment=0.0, useAutoBrightness=false, useEcoBrightness=false, blockScreenOn=false, waitForNegativeProximity=false
I/PowerManagerService(  663): setBrightness mButtonLight, screenBrightness=128
D/PowerManagerService(  663): updateScreenStateLocked: mDisplayReady=true, newScreenState=2, mWakefulness=1, mWakeLockSummary=0x23, mUserActivitySummary=0x5, mBootCompleted=true
D/PowerManagerService(  663): handleSandman: canDream=true, mWakefulness=Awake
D/PowerManagerService(  663): acquireWakeLockInternal: lock=1103259840, flags=0x1, tag="RILJ", ws=null, uid=1001, pid=864
D/PowerManagerService(  663): updateWakeLockSummaryLocked: mWakefulness=Awake, mWakeLockSummary=0x23
D/PowerManagerService(  663): newScreenState = 2
D/PowerManagerDisplayController(  663): requestPowerState: screenState=2, useProximitySensor=false, screenBrightness=128, screenAutoBrightnessAdjustment=0.0, useAutoBrightness=false, useEcoBrightness=false, blockScreenOn=false, waitForNegativeProximity=false
I/PowerManagerService(  663): setBrightness mButtonLight, screenBrightness=128
D/PowerManagerService(  663): updateScreenStateLocked: mDisplayReady=true, newScreenState=2, mWakefulness=1, mWakeLockSummary=0x23, mUserActivitySummary=0x5, mBootCompleted=true
D/PowerManagerService(  663): handleSandman: canDream=true, mWakefulness=Awake
D/PowerManagerService(  663): releaseWakeLockInternal: lock=1103259840, flags=0x0
D/PowerManagerService(  663): updateWakeLockSummaryLocked: mWakefulness=Awake, mWakeLockSummary=0x23
D/PowerManagerService(  663): newScreenState = 2
D/PowerManagerDisplayController(  663): requestPowerState: screenState=2, useProximitySensor=false, screenBrightness=128, screenAutoBrightnessAdjustment=0.0, useAutoBrightness=false, useEcoBrightness=false, blockScreenOn=false, waitForNegativeProximity=false
I/PowerManagerService(  663): setBrightness mButtonLight, screenBrightness=128
D/PowerManagerService(  663): updateScreenStateLocked: mDisplayReady=true, newScreenState=2, mWakefulness=1, mWakeLockSummary=0x23, mUserActivitySummary=0x5, mBootCompleted=true
D/IPCThreadState(  663): [DN #5] BR_CLEAR_DEATH_NOTIFICATION_DONE cookie 0x63041468
D/PowerManagerService(  663): handleSandman: canDream=true, mWakefulness=Awake
D/PowerManagerService(  663): acquireWakeLockInternal: lock=1103259840, flags=0x1, tag="RILJ", ws=null, uid=1001, pid=864
D/PowerManagerService(  663): updateWakeLockSummaryLocked: mWakefulness=Awake, mWakeLockSummary=0x23
D/PowerManagerService(  663): newScreenState = 2
D/PowerManagerDisplayController(  663): requestPowerState: screenState=2, useProximitySensor=false, screenBrightness=128, screenAutoBrightnessAdjustment=0.0, useAutoBrightness=false, useEcoBrightness=false, blockScreenOn=false, waitForNegativeProximity=false
I/PowerManagerService(  663): setBrightness mButtonLight, screenBrightness=128
D/PowerManagerService(  663): updateScreenStateLocked: mDisplayReady=true, newScreenState=2, mWakefulness=1, mWakeLockSummary=0x23, mUserActivitySummary=0x5, mBootCompleted=true
D/PowerManagerService(  663): handleSandman: canDream=true, mWakefulness=Awake
D/PowerManagerService(  663): acquireWakeLockInternal: lock=1103259840, flags=0x1, tag="RILJ", ws=null, uid=1001, pid=864
D/PowerManagerService(  663): updateWakeLockSummaryLocked: mWakefulness=Awake, mWakeLockSummary=0x23
D/PowerManagerService(  663): newScreenState = 2
D/PowerManagerDisplayController(  663): requestPowerState: screenState=2, useProximitySensor=false, screenBrightness=128, screenAutoBrightnessAdjustment=0.0, useAutoBrightness=false, useEcoBrightness=false, blockScreenOn=false, waitForNegativeProximity=false
I/PowerManagerService(  663): setBrightness mButtonLight, screenBrightness=128
D/PowerManagerService(  663): updateScreenStateLocked: mDisplayReady=true, newScreenState=2, mWakefulness=1, mWakeLockSummary=0x23, mUserActivitySummary=0x5, mBootCompleted=true
D/PowerManagerService(  663): handleSandman: canDream=true, mWakefulness=Awake
D/PowerManagerService(  663): acquireWakeLockInternal: lock=1103259840, flags=0x1, tag="RILJ", ws=null, uid=1001, pid=864
D/PowerManagerService(  663): updateWakeLockSummaryLocked: mWakefulness=Awake, mWakeLockSummary=0x23
D/PowerManagerService(  663): newScreenState = 2
D/PowerManagerDisplayController(  663): requestPowerState: screenState=2, useProximitySensor=false, screenBrightness=128, screenAutoBrightnessAdjustment=0.0, useAutoBrightness=false, useEcoBrightness=false, blockScreenOn=false, waitForNegativeProximity=false
I/PowerManagerService(  663): setBrightness mButtonLight, screenBrightness=128
D/PowerManagerService(  663): updateScreenStateLocked: mDisplayReady=true, newScreenState=2, mWakefulness=1, mWakeLockSummary=0x23, mUserActivitySummary=0x5, mBootCompleted=true
D/PowerManagerService(  663): handleSandman: canDream=true, mWakefulness=Awake
D/PowerManagerService(  663): acquireWakeLockInternal: lock=1103259840, flags=0x1, tag="RILJ", ws=null, uid=1001, pid=864
D/PowerManagerService(  663): updateWakeLockSummaryLocked: mWakefulness=Awake, mWakeLockSummary=0x23
D/PowerManagerService(  663): newScreenState = 2
D/PowerManagerDisplayController(  663): requestPowerState: screenState=2, useProximitySensor=false, screenBrightness=128, screenAutoBrightnessAdjustment=0.0, useAutoBrightness=false, useEcoBrightness=false, blockScreenOn=false, waitForNegativeProximity=false
I/PowerManagerService(  663): setBrightness mButtonLight, screenBrightness=128
D/PowerManagerService(  663): updateScreenStateLocked: mDisplayReady=true, newScreenState=2, mWakefulness=1, mWakeLockSummary=0x23, mUserActivitySummary=0x5, mBootCompleted=true
D/PowerManagerService(  663): handleSandman: canDream=true, mWakefulness=Awake
D/PowerManagerService(  663): releaseWakeLockInternal: lock=1103259840, flags=0x0
D/PowerManagerService(  663): updateWakeLockSummaryLocked: mWakefulness=Awake, mWakeLockSummary=0x23
D/PowerManagerService(  663): newScreenState = 2
D/PowerManagerDisplayController(  663): requestPowerState: screenState=2, useProximitySensor=false, screenBrightness=128, screenAutoBrightnessAdjustment=0.0, useAutoBrightness=false, useEcoBrightness=false, blockScreenOn=false, waitForNegativeProximity=false
I/PowerManagerService(  663): setBrightness mButtonLight, screenBrightness=128
D/PowerManagerService(  663): updateScreenStateLocked: mDisplayReady=true, newScreenState=2, mWakefulness=1, mWakeLockSummary=0x23, mUserActivitySummary=0x5, mBootCompleted=true
D/IPCThreadState(  663): [DN #5] BR_CLEAR_DEATH_NOTIFICATION_DONE cookie 0x63041468
D/PowerManagerService(  663): handleSandman: canDream=true, mWakefulness=Awake
V/Provider/Settings(  864):  from settings cache , name = auto_time_zone , value = 1
D/AlarmManagerService(  663): Kernel timezone updated to -480 minutes west of GMT
V/ActivityManager(  663): Broadcast sticky: Intent { act=android.intent.action.NETWORK_SET_TIMEZONE flg=0x20000010 (has extras) } ordered=false userid=-1
W/Trace   (  663): Unexpected value from nativeGetEnabledTags: 0
W/Trace   (  663): Unexpected value from nativeGetEnabledTags: 0
D/MtkAgps (  663): [MtkAgpsManagerService] SIM=2 onServiceStateChanged phone is in service 
D/agps    (  143): [agps][n][AGPS] after poll [0 0 0 0 1] (init/mnl/server/udp/frame)
D/agps    (  143): [agps][n][Frame] AGPS_CMD_SIM_STATE sim_id=2 state=1 [0:not ready 1:ready]
D/agps    (  143): [agps][n][AGPS] [dump] sim1 call_state=0 connected=0 is_roaming=0 network_type=0 sim_state=0
D/agps    (  143): [agps][n][AGPS] [dump] sim2 call_state=0 connected=0 is_roaming=0 network_type=0 sim_state=1
D/agps    (  143): [agps][n][AGPS] [dump] sim3 call_state=0 connected=0 is_roaming=0 network_type=0 sim_state=0
D/agps    (  143): [agps][n][AGPS] [dump] sim4 call_state=0 connected=0 is_roaming=0 network_type=0 sim_state=0
D/agps    (  143): [agps][n][AGPS] before poll...
D/TelephonyManagerEx(  663): isNetworkRoaming
D/agps    (  143): [agps][n][AGPS] after poll [0 0 0 0 1] (init/mnl/server/udp/frame)
D/agps    (  143): [agps][n][Frame] AGPS_CMD_SIM_ROAMING_STATE sim_id=2 state=0 [0:home 1:roaming]
D/agps    (  143): [agps][n][AGPS] [dump] sim1 call_state=0 connected=0 is_roaming=0 network_type=0 sim_state=0
D/agps    (  143): [agps][n][AGPS] [dump] sim2 call_state=0 connected=0 is_roaming=0 network_type=0 sim_state=1
D/agps    (  143): [agps][n][AGPS] [dump] sim3 call_state=0 connected=0 is_roaming=0 network_type=0 sim_state=0
D/agps    (  143): [agps][n][AGPS] [dump] sim4 call_state=0 connected=0 is_roaming=0 network_type=0 sim_state=0
D/agps    (  143): [agps][n][AGPS] before poll...
D/CountryDetector(  663): onServiceStateChanged serviceState:SIM2 0 home  CU-GSM 46001  GPRS CSS not supported 0 0 RoamInd=0 DefRoamInd=0 EmergOnly=false Regist state: 1
D/NetworkControllerGemini(  788): PhoneStateListener:onServiceStateChanged, sim2 before.
D/NetworkControllerGemini(  788): PhoneStateListener:onServiceStateChanged, state=0
D/NetworkControllerGemini(  788): PhoneStateListener:onServiceStateChanged sim2 mDataNetTypeGemini= 1
D/NetworkControllerGemini(  788): updateDataNetType(1), DataNetType=1.
D/NetworkControllerGemini(  788): updateDataNetType(1), simColorId=3
D/TelephonyManagerEx(  788): isNetworkRoaming
D/NetworkControllerGemini(  788): updateDataNetType(1), DataNetType3G=Type_G tempDataTypeIconId= 2130837912.
D/NetworkControllerGemini(  788): isSimInserted(1), SimInserted=true
D/NetworkControllerGemini(  788): updateTelephonySignalStrength(1), regState=1
D/NetworkControllerGemini(  788): updateTelephonySignalStrength(1), hasService=true
D/TelephonyManagerEx(  788): isNetworkRoaming
D/NetworkControllerGemini(  788): updateTelephonySignalStrength(1), isRoaming=false, mInetCondition=0
D/NetworkControllerGemini(  788): updateTelephonySignalStrength(1), simColorId=3
D/NetworkControllerGemini(  788): updateTelephonySignalStrength(1), tempDataNetType = Type_G , simColorId=3  tempPhoneSignalIconId[0] = 2130837961  tempPhoneSignalIconId[1] = 0
D/NetworkControllerGemini(  788):  updateTelephonySignalStrength(1) tempSIMCUSignVisible= true
D/NetworkControllerGemini(  788): updateTelephonySignalStrength(1) mSIMCUSignVisible = true
D/NetworkControllerGemini(  788): updateDataIcon(1), SimState=UNKNOWN, DataState=-1, DataActivity=0, tempNetType3G=Type_G
D/PhoneInterfaceManager(  864): [PhoneIntfMgr] getCallStateGemini simId: 0
D/PhoneInterfaceManager(  864): [PhoneIntfMgr] getCallStateGemini simId: 1
D/NetworkControllerGemini(  788): updateDataIcon(1), callState1 is 0, callState2 is 0.
D/TelephonyManagerEx(  788): getNetworkType
D/NetworkControllerGemini(  788): updateDataIcon(1), iconId=0, visible=false
D/NetworkControllerGemini(  788): refreshViews(1), DataConnected=false simColorId = 3
D/SignalClusterViewGemini(  788): setShowSimIndicator(1), showSimIndicator=false simIndicatorResource = 0
D/SignalClusterViewGemini(  788): setDataConnected(1), dataConnected=false
D/SignalClusterViewGemini(  788): setDataNetType3G(1), dataNetType=Type_G
W/Trace   (  663): Unexpected value from nativeGetEnabledTags: 0
D/KeyguardUpdateMonitor(  663): sendKeyguardVisibilityChanged(true)
D/KeyguardUpdateMonitor(  663): handleKeyguardVisibilityChanged(1)
D/KeyguardViewMediator(  663): handleMessage enter msg name=SET_HIDDEN
D/KeyguardViewMediator(  663): handleMessage exit msg name=SET_HIDDEN
W/Trace   (  663): Unexpected value from nativeGetEnabledTags: 0
D/SignalClusterViewGemini(  788): apply : mShowSimIndicator = false mSimIndicatorResource = 0 mShowSimIndicatorGemini = false mSimIndicatorResourceGemini = 0
D/SignalClusterViewGemini(  788): apply, mMobileVisibleGemini=true mMobileActivityIdGemini=0 mMobileTypeIdGemini=2130837912 mMobileStrengthIdGemini[0] = 2130837961 mMobileStrengthIdGemini[1] = 0
D/SignalClusterViewGemini(  788): isSimInserted(1), SimInserted=true
D/SignalClusterViewGemini(  788): mDataNetTypeGemini =Type_G resId= 2130837554 simColorId = 3
D/SignalClusterViewGemini(  788): apply, mMobileVisible=false, mWifiVisible=true, mIsAirplaneMode=false
D/SignalClusterViewGemini(  788): isSimInserted(0), SimInserted=false
D/TelephonyManager(  663): getDefaultSim is sim2
V/ActivityManager(  663): Broadcast sticky: Intent { act=android.intent.action.SERVICE_STATE flg=0x10 (has extras) } ordered=false userid=-1
D/SignalClusterViewGemini(  788): isSimInserted(1), SimInserted=true
D/GsmCellLocation(  864): fillInNotifierBundle:Bundle[{type=1, cid=18135, lac=5911, psc=-1}]
D/SignalClusterViewGemini(  788): isSimInserted(1), SimInserted=true
D/NetworkControllerGemini(  788): PhoneStateListener:onServiceStateChanged, sim2 after.
D/QuickSettingsConnectionModel(  788): PhoneStateListener2.onServiceStateChanged: serviceState = SIM2 0 home  CU-GSM 46001  GPRS CSS not supported 0 0 RoamInd=0 DefRoamInd=0 EmergOnly=false Regist state: 1
D/TelephonyRegistry(  663): validateEventsAndUserLocked: valid=false r.callerUid=0 foregroundUser=0 r.events=1 events=16
D/TelephonyRegistry(  663): validateEventsAndUserLocked: valid=false r.callerUid=0 foregroundUser=0 r.events=32 events=16
D/TelephonyRegistry(  663): validateEventsAndUserLocked: valid=true r.callerUid=0 foregroundUser=0 r.events=113 events=16
E/CellLocation(  663): create GsmCellLocation
D/TelephonyRegistry(  663): validateEventsAndUserLocked: valid=false r.callerUid=0 foregroundUser=0 r.events=481 events=16
D/MtkAgps (  663): [MtkAgpsManagerService] SIM=2 onCellLocationChanged 
D/TelephonyManagerEx(  663): getPhoneType
D/PhoneInterfaceManager(  864): [PhoneIntfMgr] getActivePhoneTypeGemini simId: 1
D/TelephonyManagerEx(  663): getCellLocation
D/GsmCellLocation(  864): fillInNotifierBundle:Bundle[{type=1, cid=18135, lac=5911, psc=-1}]
E/CellLocation(  663): create GsmCellLocation
D/TelephonyManagerEx(  663): getSubscriberId
D/TelephonyManagerEx(  663): getSubscriberInfo
D/TelephonyManagerEx(  663): getNetworkOperator
D/TelephonyRegistry(  663): validateEventsAndUserLocked: valid=false r.callerUid=0 foregroundUser=0 r.events=1 events=16
D/MtkAgps (  663): [MtkAgpsManagerService] SIM=2 IMSI=460011872375640 MccMnc=46001 Lac=5911 Cid=18135 
D/TelephonyRegistry(  663): validateEventsAndUserLocked: valid=false r.callerUid=0 foregroundUser=0 r.events=32 events=16
D/agps    (  143): [agps][n][AGPS] after poll [0 0 0 0 1] (init/mnl/server/udp/frame)
D/agps    (  143): [agps][n][Frame] AGPS_CMD_CELLINFO imsi=[460011872375640] mccmnc=[46001] lac=0x1717(5911) cid=0x46d7(18135)
D/agps    (  143): [agps][n][AGPS] [dump] cid=18135 lac=5911 imsi=[460011872375640] mccmnc=[46001] ip=[192.168.3.9]  wifi connected=1
D/agps    (  143): [agps][n][UPMgr] up_rcv_extra_cmd cid=18135 lac=5911 imsi=460011872375640 mccmnc=46001
D/agps    (  143): [agps][n][AGPS] before poll...
D/TelephonyManagerEx(  663): getPhoneType
D/TelephonyRegistry(  663): validateEventsAndUserLocked: valid=false r.callerUid=0 foregroundUser=0 r.events=32 events=16
D/PhoneInterfaceManager(  864): [PhoneIntfMgr] getActivePhoneTypeGemini simId: 1
D/TelephonyRegistry(  663): validateEventsAndUserLocked: valid=false r.callerUid=0 foregroundUser=0 r.events=13 events=16
D/TelephonyManagerEx(  663): getCellLocation
D/TelephonyRegistry(  663): validateEventsAndUserLocked: valid=false r.callerUid=0 foregroundUser=0 r.events=1 events=16
D/GsmCellLocation(  864): fillInNotifierBundle:Bundle[{type=1, cid=18135, lac=5911, psc=-1}]
D/TelephonyRegistry(  663): validateEventsAndUserLocked: valid=false r.callerUid=0 foregroundUser=0 r.events=64 events=16
E/CellLocation(  663): create GsmCellLocation
D/TelephonyRegistry(  663): validateEventsAndUserLocked: valid=false r.callerUid=0 foregroundUser=0 r.events=64 events=16
D/TelephonyManagerEx(  663): getPhoneType
D/TelephonyRegistry(  663): validateEventsAndUserLocked: valid=false r.callerUid=0 foregroundUser=0 r.events=64 events=16
D/PhoneInterfaceManager(  864): [PhoneIntfMgr] getActivePhoneTypeGemini simId: 1
D/TelephonyManagerEx(  663): getNetworkOperator
D/TelephonyRegistry(  663): validateEventsAndUserLocked: valid=false r.callerUid=0 foregroundUser=0 r.events=64 events=16
D/TelephonyManagerEx(  663): getNetworkOperator
D/TelephonyManagerEx(  663): getNetworkType
D/TelephonyRegistry(  663): validateEventsAndUserLocked: valid=false r.callerUid=0 foregroundUser=0 r.events=64 events=16
D/MtkAgps (  663): [MtkAgpsManagerService] SIM=2 network type is 2G, networkType=1 
D/TelephonyRegistry(  663): validateEventsAndUserLocked: valid=false r.callerUid=0 foregroundUser=0 r.events=64 events=16
D/agps    (  143): [agps][n][AGPS] after poll [0 0 0 0 1] (init/mnl/server/udp/frame)
D/agps    (  143): [agps][n][Frame] AGPS_CMD_SIM_NW_TYPE sim_id=2 state=0 [0:2G 1:3G]
D/agps    (  143): [agps][n][AGPS] [dump] sim1 call_state=0 connected=0 is_roaming=0 network_type=0 sim_state=0
D/agps    (  143): [agps][n][AGPS] [dump] sim2 call_state=0 connected=0 is_roaming=0 network_type=0 sim_state=1
D/agps    (  143): [agps][n][AGPS] [dump] sim3 call_state=0 connected=0 is_roaming=0 network_type=0 sim_state=0
D/agps    (  143): [agps][n][AGPS] [dump] sim4 call_state=0 connected=0 is_roaming=0 network_type=0 sim_state=0
D/agps    (  143): [agps][n][UPMgr] up_rcv_extra_cmd network_type=0 (-1=none, 0=2G , 1=3G , 2=CDMA, 3=SIP)
D/agps    (  143): [agps][n][AGPS] before poll...
D/TelephonyRegistry(  663): validateEventsAndUserLocked: valid=false r.callerUid=0 foregroundUser=0 r.events=64 events=16
D/TelephonyRegistry(  663): validateEventsAndUserLocked: valid=false r.callerUid=0 foregroundUser=0 r.events=33 events=16
D/TelephonyRegistry(  663): validateEventsAndUserLocked: valid=false r.callerUid=0 foregroundUser=0 r.events=32 events=16
D/TelephonyRegistry(  663): validateEventsAndUserLocked: valid=false r.callerUid=0 foregroundUser=0 r.events=64 events=16
D/CallManager(  864):  handleMessage msgid:218
V/Provider/Settings(  788):  from settings cache , name = airplane_mode_on , value = 0
D/CallManager(  864):  handleMessage (EVENT_SERVICE_STATE_CHANGED)
I/CallNotifier(  864): PhoneStateListener222.onServiceStateChanged: serviceState=SIM2 0 home  CU-GSM 46001  GPRS CSS not supported 0 0 RoamInd=0 DefRoamInd=0 EmergOnly=false Regist state: 1
D/QuickSettingsConnectionModel(  788): onServiceStateChanged called, inAirplaneMode is: false
V/StateTracker(  788): setCurrentState: newState is 0
W/Trace   (  864): Unexpected value from nativeGetEnabledTags: 0
V/Provider/Settings(  788):  from settings cache , name = airplane_mode_on , value = 0
I/StateTracker(  788): com.android.systemui.statusbar.toolbar.QuickSettingsConnectionModel$AirlineModeStateTracker@419e6590setImageViewResources state is 0
W/Trace   (  864): Unexpected value from nativeGetEnabledTags: 0
V/Provider/Settings(  788):  from settings cache , name = airplane_mode_on , value = 0
I/StateTracker(  788): com.android.systemui.statusbar.toolbar.QuickSettingsConnectionModel$AirlineModeStateTracker@419e6590 mIsUserSwitching is false
D/QuickSettingsConnectionModel(  788): mAirPlaneModeClickable is true super.isClickable is true
I/StateTracker(  788): com.android.systemui.statusbar.toolbar.QuickSettingsConnectionModel$AirlineModeStateTracker@419e6590 mIsUserSwitching is false
W/Trace   (  788): Unexpected value from nativeGetEnabledTags: 0
W/Trace   (  788): Unexpected value from nativeGetEnabledTags: 0
W/Trace   (  864): Unexpected value from nativeGetEnabledTags: 0
D/ExtensionManager(  864): PhoneGlobalsBroadcastReceiverExtension()
D/PhonePluginExtensionContainer(  864): getPhoneGlobalsBroadcastReceiverExtension()
W/Trace   ( 8941): Unexpected value from nativeGetEnabledTags: 0
D/PhoneGlobalsBroadcastReceiverExtensionContainer(  864): onReceive(), sub extension list is null, just return
D/PhoneGlobals(  864): PhoneGlobalsBroadcastReceiver -----action=android.intent.action.SERVICE_STATE
D/NotificationMgr(  864): updateNetworkSelection()...state = 0 new network 
W/Trace   (  788): Unexpected value from nativeGetEnabledTags: 0
W/Trace   (  864): Unexpected value from nativeGetEnabledTags: 0
D/Bluetooth HS/HF(  864): [BT][HFG] mStateChangeHandler.handleMessage:{ what=5 when=-5ms obj=android.os.AsyncResult@41af60c0 target=Handler (com.android.phone.BluetoothHandsfree$BluetoothPhoneState$1) {41940d30} }
D/SettingsProvider(  663): call request for 0
V/SettingsProvider(  663): call(system:voice_call_sim_setting) for 0
D/SettingsProvider(  663): lookupValue table system cache contains Key voice_call_sim_setting , value = Bundle[{value=1}]
V/Provider/Settings(  864): from db cache, name = voice_call_sim_setting , value = 1
D/BluetoothAtPhonebook(  864): getDefaultSIM : SIM ID=1
I/TelephonyProvider(  864): initDatabaseIfNeeded begin content://telephony/siminfo/1
I/TelephonyProvider(  864): initDatabaseIfNeeded end content://telephony/siminfo/1
W/Trace   (  788): Unexpected value from nativeGetEnabledTags: 0
W/Trace   (  788): Unexpected value from nativeGetEnabledTags: 0
W/Trace   (  788): Unexpected value from nativeGetEnabledTags: 0
W/Trace   (  788): Unexpected value from nativeGetEnabledTags: 0
W/Trace   (  788): Unexpected value from nativeGetEnabledTags: 0
D/IPCThreadState(  663): [DN #5] BR_CLEAR_DEATH_NOTIFICATION_DONE cookie 0x63d42640
