D/BufferQueue(  131):     [OLD] gb:NULL
I/GraphicBuffer(  131): allocate buffer (w:544 h:960 f:5) err(0)
I/BufferQueue(  131):     [NEW] gb=0x41cac540, handle=0x41fef198, w=540, h=960, s=544, fmt=5
W/Trace   (  864): Unexpected value from nativeGetEnabledTags: 0
V/GlowPadView(  864): Outer Radius = 202.5
V/GlowPadView(  864): SnapMargin = 60.0
V/GlowPadView(  864): FeedbackCount = 1
V/GlowPadView(  864): VibrationDuration = 20
V/GlowPadView(  864): GlowRadius = 112.5
V/GlowPadView(  864): WaveCenterX = 270.5
V/GlowPadView(  864): WaveCenterY = 283.5
W/Trace   (  864): Unexpected value from nativeGetEnabledTags: 0
W/Trace   (  864): Unexpected value from nativeGetEnabledTags: 0
D/CallManager(  864):  handleMessage msgid:101
D/CallManager(  864):  handleMessage (EVENT_PRECISE_CALL_STATE_CHANGED)
D/CallManager(  864): checkIfExistsFollowingAction begin
D/CAT     (  864): Stk-SAS :  PHONE_STATE_CHANGED: 0
D/CAT     (  864): Stk-SAS :  PHONE_STATE_CHANGED: setup in process is false
D/CallManager(  864):  handleMessage msgid:201
D/CallManager(  864):  handleMessage (EVENT_PRECISE_CALL_STATE_CHANGED)
D/CallManager(  864): checkIfExistsFollowingAction begin
D/CAT     (  864): Stk-SAS :  PHONE_STATE_CHANGED: 1
D/CAT     (  864): Stk-SAS :  PHONE_STATE_CHANGED: setup in process is false
W/Trace   (  864): Unexpected value from nativeGetEnabledTags: 0
W/Trace   (15160): Unexpected value from nativeGetEnabledTags: 0
W/Trace   (15160): Unexpected value from nativeGetEnabledTags: 0
W/Trace   (  864): Unexpected value from nativeGetEnabledTags: 0
W/Trace   (15160): Unexpected value from nativeGetEnabledTags: 0
D/PhoneUtils(  864): Send view notification to Contacts (uri: content://com.android.contacts/contacts/0)
W/Trace   ( 9690): Unexpected value from nativeGetEnabledTags: 0
W/Trace   ( 9690): Unexpected value from nativeGetEnabledTags: 0
W/Trace   ( 9690): Unexpected value from nativeGetEnabledTags: 0
W/Trace   ( 9690): Unexpected value from nativeGetEnabledTags: 0
W/Trace   (15160): Unexpected value from nativeGetEnabledTags: 0
I/SurfaceTextureClient(15160): [STC::queueBuffer] (this:0x5c909aa0) fps:0.38, dur:5331.17, max:5267.39, min:63.77
I/SurfaceTextureClient(15160): [STC::queueBuffer] this:0x5c909aa0, api:1, last queue time elapsed:5267.39
I/BufferQueue(  131): [com.joey.expresscall/com.joey.expresscall.test.ECInterfaceTest](this:0x41cae430,api:1) [queue] fps:0.38, dur:5330.57, max:5267.64, min:62.93
D/CallCard(  864): Start fade-in animation for android.widget.ImageView{419f69d0 I.ED.... ........ 0,128-540,694 #7f0900f0 app:id/photo}
D/CallCard(  864): updatePhotoForCallState(INCOMING)...
W/Trace   (15160): Unexpected value from nativeGetEnabledTags: 0
D/CallCard(  864): showCachedImage: using picture_unknown!
D/InCallScreen(  864): onWindowFocusChanged(true)...
W/Trace   (15160): Unexpected value from nativeGetEnabledTags: 0
W/Trace   (15160): Unexpected value from nativeGetEnabledTags: 0
V/InputMethodManager(  864): onWindowFocus: null softInputMode=32 first=true flags=#81a98100
V/InputMethodManager(  864): START INPUT: com.android.internal.policy.impl.PhoneWindow$DecorView{41ab2b58 VFE..... R.....ID 0,0-540,960} ic=null tba=android.view.inputmethod.EditorInfo@41a65478 controlFlags=#104
V/InputMethodManagerService(  663): windowGainedFocus: android.os.BinderProxy@41b67490 controlFlags=#104 softInputMode=#20 windowFlags=#81a98100
D/OpenGLRenderer(15160): Flushing caches (mode 1)
W/Trace   (15160): Unexpected value from nativeGetEnabledTags: 0
I/BufferQueue(  131): [com.joey.expresscall/com.joey.expresscall.test.ECInterfaceTest](this:0x41cae430,api:1) [release] fps:0.38, dur:5326.65, max:5260.02, min:66.62
V/InputMethodManager(  864): Starting input: Bind result=InputBindResult{com.android.internal.view.IInputMethodSession$Stub$Proxy@418df318 com.tencent.qqpinyin/.QQPYInputMethodService #372}
W/Trace   (  864): Unexpected value from nativeGetEnabledTags: 0
W/Trace   (  864): Unexpected value from nativeGetEnabledTags: 0
W/Trace   (  864): Unexpected value from nativeGetEnabledTags: 0
W/Trace   (  951): Unexpected value from nativeGetEnabledTags: 0
W/Trace   (  951): Unexpected value from nativeGetEnabledTags: 0
W/Trace   (  864): Unexpected value from nativeGetEnabledTags: 0
W/Trace   (  864): Unexpected value from nativeGetEnabledTags: 0
W/Trace   (  864): Unexpected value from nativeGetEnabledTags: 0
W/Trace   (  864): Unexpected value from nativeGetEnabledTags: 0
W/Trace   (  951): Unexpected value from nativeGetEnabledTags: 0
W/Trace   (  951): Unexpected value from nativeGetEnabledTags: 0
W/Trace   (  951): Unexpected value from nativeGetEnabledTags: 0
W/Trace   (  951): Unexpected value from nativeGetEnabledTags: 0
W/Trace   (  864): Unexpected value from nativeGetEnabledTags: 0
I/BufferQueue(  131): [com.android.phone/com.android.phone.InCallScreen](this:0x41ff4eb0,api:1) new GraphicBuffer needed
D/BufferQueue(  131):     [OLD] gb:NULL
I/GraphicBuffer(  131): allocate buffer (w:544 h:960 f:5) err(0)
I/SurfaceTexture(  131): [com.android.phone/com.android.phone.InCallScreen](this:0x41cab8e0,api:1) [void* android::SurfaceTexture::createImage(EGLDisplay, const android::sp<android::GraphicBuffer>&)]
D/SurfaceTexture(  131):     GraphicBuffer: gb=0x41cac540 handle=0x41fef198
I/BufferQueue(  131):     [NEW] gb=0x41fef560, handle=0x41fe9930, w=540, h=960, s=544, fmt=5
D/SurfaceTexture(  131):     EGLImage: dpy=0x1, img=0x41ff7a88
D/dalvikvm(  788): GC_FOR_ALLOC freed 1204K, 19% free 11908K/14656K, paused 58ms, total 58ms
D/skia    (  788): Flag is not 10
W/Trace   (  864): Unexpected value from nativeGetEnabledTags: 0
W/Trace   (  663): Unexpected value from nativeGetEnabledTags: 0
D/KeyguardUpdateMonitor(  663): sendKeyguardVisibilityChanged(true)
D/KeyguardUpdateMonitor(  663): handleKeyguardVisibilityChanged(1)
D/KeyguardViewMediator(  663): handleMessage enter msg name=SET_HIDDEN
D/KeyguardViewMediator(  663): handleMessage exit msg name=SET_HIDDEN
W/Trace   (  663): Unexpected value from nativeGetEnabledTags: 0
W/Trace   (  663): Unexpected value from nativeGetEnabledTags: 0
V/ActivityManager(  663): Stopping ActivityRecord{41997508 u0 com.joey.expresscall/.test.ECInterfaceTest}: nowVisible=true waitingVisible=true finishing=false
W/Trace   (  663): Unexpected value from nativeGetEnabledTags: 0
W/Trace   (  663): Unexpected value from nativeGetEnabledTags: 0
D/skia    (  788): Flag is not 10
D/KeyguardUpdateMonitor(  663): sendKeyguardVisibilityChanged(false)
D/KeyguardUpdateMonitor(  663): handleKeyguardVisibilityChanged(0)
D/skia    (  788): Flag is not 10
D/skia    (  788): Flag is not 10
D/skia    (  788): Flag is not 10
D/skia    (  788): Flag is not 10
D/KeyguardViewMediator(  663): handleMessage enter msg name=SET_HIDDEN
D/KeyguardViewMediator(  663): handleSetHidden, mHidden=false, newHidden=true
W/Trace   (15160): Unexpected value from nativeGetEnabledTags: 0
D/OpenGLRenderer(15160): Flushing caches (mode 0)
D/KeyguardViewMediator(  663): adjustStatusBarLocked: mShowing=false mHidden=true isSecure=true --> flags=0x0
D/KeyguardViewMediator(  663): handleMessage exit msg name=SET_HIDDEN
D/KeyguardUpdateMonitor(  663): sendKeyguardVisibilityChanged(false)
D/KeyguardUpdateMonitor(  663): handleKeyguardVisibilityChanged(0)
D/KeyguardViewMediator(  663): handleMessage enter msg name=SET_HIDDEN
D/KeyguardViewMediator(  663): handleMessage exit msg name=SET_HIDDEN
W/Trace   (  663): Unexpected value from nativeGetEnabledTags: 0
W/Trace   (  864): Unexpected value from nativeGetEnabledTags: 0
D/CallNotifier(  864): CallNotifier Phone state change
D/CallNotifier(  864): onPhoneStateChanged: state = RINGING
D/PhoneGlobals(  864): updateProximitySensorMode: state = RINGING
W/Trace   (  663): Unexpected value from nativeGetEnabledTags: 0
D/KeyguardUpdateMonitor(  663): sendKeyguardVisibilityChanged(false)
D/skia    (  788): Flag is not 10
D/KeyguardUpdateMonitor(  663): handleKeyguardVisibilityChanged(0)
D/KeyguardViewMediator(  663): handleMessage enter msg name=SET_HIDDEN
D/KeyguardViewMediator(  663): handleMessage exit msg name=SET_HIDDEN
D/PowerManagerService(  663):  	|----com.android.server.power.PowerManagerService.wakeUpNoUpdateLocked(PowerManagerService.java:1081)
D/PowerManagerService(  663):  	|----com.android.server.power.PowerManagerService.wakeUpInternal(PowerManagerService.java:1073)
D/PowerManagerService(  663):  	|----com.android.server.power.PowerManagerService.wakeUp(PowerManagerService.java:1059)
D/PowerManagerService(  663):  	|----com.android.server.wm.WindowManagerService.performLayoutAndPlaceSurfacesLockedInner(WindowManagerService.java:9981)
D/PowerManagerService(  663):  	|----com.android.server.wm.WindowManagerService.performLayoutAndPlaceSurfacesLockedLoop(WindowManagerService.java:8710)
D/PowerManagerService(  663):  	|----com.android.server.wm.WindowManagerService.performLayoutAndPlaceSurfacesLocked(WindowManagerService.java:8653)
D/PowerManagerService(  663):  	|----com.android.server.wm.WindowManagerService.access$400(WindowManagerService.java:176)
D/PowerManagerService(  663):  	|----com.android.server.wm.WindowManagerService$H.handleMessage(WindowManagerService.java:8129)
D/PowerManagerService(  663):  	|----android.os.Handler.dispatchMessage(Handler.java:99)
D/PowerManagerService(  663):  	|----android.os.Looper.loop(Looper.java:153)
D/PowerManagerService(  663):  	|----android.os.HandlerThread.run(HandlerThread.java:60)
D/PowerManager_performance(  663): wakeUpNoUpdateLocked: eventTime=32443422
D/PhoneGlobals(  864): updateProximitySensorMode: mBeginningCall = false
D/PhoneGlobals(  864): updateProximitySensorMode: screenOnImmediately = false
D/PhoneGlobals(  864): updateProximitySensorMode: isRingingWhenActive = false
D/PhoneGlobals(  864): updateProximitySensorMode: lock already released.
D/CallNotifier(  864): before set value, mPreviousCallState= IDLE
D/CallNotifier(  864): end after set value, mPreviousCallState= IDLE
D/PhoneUtils(  864): ConnectionHandler: updating mute state for each connection
D/AudioMTKHardware(  135): getMicMute(), mMicMute = 0
W/Trace   (  663): Unexpected value from nativeGetEnabledTags: 0
W/Trace   (  663): Unexpected value from nativeGetEnabledTags: 0
D/KeyguardUpdateMonitor(  663): sendKeyguardVisibilityChanged(false)
D/KeyguardUpdateMonitor(  663): handleKeyguardVisibilityChanged(0)
D/KeyguardViewMediator(  663): handleMessage enter msg name=SET_HIDDEN
D/KeyguardViewMediator(  663): handleMessage exit msg name=SET_HIDDEN
D/Bluetooth HS/HF(  864): [BT][HFG] mStateChangeHandler.handleMessage:{ what=2 when=-70ms obj=android.os.AsyncResult@41a63858 target=Handler (com.android.phone.BluetoothHandsfree$BluetoothPhoneState$1) {41940d30} }
D/Bluetooth HS/HF(  864): [BT][HFG] ## handlePreciseCallStateChange() - mCallsetup = 1, mCall = 0, mCallheld = 0 ##
D/Bluetooth HS/HF(  864): [BT][HFG]    >>>handlePreciseCallStateChange() - Connection info: null
D/Bluetooth HS/HF(  864): [BT][HFG]    >>>handlePreciseCallStateChange() - PhoneState: 1 -> 1
D/Bluetooth HS/HF(  864): [BT][HFG]    >>>handlePreciseCallStateChange() - CallState: foregroundCallState = 0, backgroundCallState = 0, ringingCallState = 5
D/Bluetooth HS/HF(  864): [BT][HFG] setPrevCallState: Call=IDLE
D/Bluetooth HS/HF(  864): [BT][HFG] setPrevCallState: Call=IDLE
D/Bluetooth HS/HF(  864): [BT][HFG] [API] sendURC()
D/InCallScreen(  864): ----------------------------------------InCallScreen Phone state change----------------------------------
D/InCallScreen(  864): onPhoneStateChanged: current state = RINGING
D/InCallScreenExtensionContainer(  864): onPhoneStateChanged(), sub extension list is null, just return
D/InCallScreen(  864): enableHomeKeyDispatched, enable = true
W/Trace   (  663): Unexpected value from nativeGetEnabledTags: 0
D/InCallScreen(  864): the record custom value is 0
D/InCallScreen(  864): -updatePrevPhonenums:update the previous phone number list.
D/InCallScreen(  864): fgCall state : IDLE
D/InCallScreen(  864): bgCall state : IDLE
D/InCallScreen(  864): ringingCall state : INCOMING
D/InCallScreen(  864): requestUpdateScreen()...
D/PhoneGlobals(  864): updateWakeState: callscreen true, dialer false, speaker false...
D/PhoneGlobals(  864): updateWakeState: keepScreenOn = true (isRinging true, isDialing false, showingQuickResponse false, showingDisc false)
D/PhoneGlobals(  864): requestWakeState(FULL)...
D/InCallScreen(  864): onPhoneStateChanged() end
D/CallNotifier(  864): CallNotifier Phone state change
D/CallNotifier(  864): onPhoneStateChanged: state = RINGING
D/PhoneGlobals(  864): updateProximitySensorMode: state = RINGING
D/PhoneGlobals(  864): updateProximitySensorMode: mBeginningCall = false
D/PhoneGlobals(  864): updateProximitySensorMode: screenOnImmediately = false
D/PhoneGlobals(  864): updateProximitySensorMode: isRingingWhenActive = false
D/PhoneGlobals(  864): updateProximitySensorMode: lock already released.
D/CallNotifier(  864): before set value, mPreviousCallState= IDLE
D/CallNotifier(  864): end after set value, mPreviousCallState= IDLE
D/PhoneUtils(  864): ConnectionHandler: updating mute state for each connection
D/AudioMTKHardware(  135): getMicMute(), mMicMute = 0
D/Bluetooth HS/HF(  864): [BT][HFG] mStateChangeHandler.handleMessage:{ what=2 when=-75ms obj=android.os.AsyncResult@41a63d20 target=Handler (com.android.phone.BluetoothHandsfree$BluetoothPhoneState$1) {41940d30} }
D/Bluetooth HS/HF(  864): [BT][HFG] ## handlePreciseCallStateChange() - mCallsetup = 1, mCall = 0, mCallheld = 0 ##
D/Bluetooth HS/HF(  864): [BT][HFG]    >>>handlePreciseCallStateChange() - Connection info: null
D/Bluetooth HS/HF(  864): [BT][HFG]    >>>handlePreciseCallStateChange() - PhoneState: 1 -> 1
D/Bluetooth HS/HF(  864): [BT][HFG]    >>>handlePreciseCallStateChange() - CallState: foregroundCallState = 0, backgroundCallState = 0, ringingCallState = 5
D/Bluetooth HS/HF(  864): [BT][HFG] setPrevCallState: Call=IDLE
D/Bluetooth HS/HF(  864): [BT][HFG] setPrevCallState: Call=IDLE
D/Bluetooth HS/HF(  864): [BT][HFG] [API] sendURC()
D/InCallScreen(  864): ----------------------------------------InCallScreen Phone state change----------------------------------
D/InCallScreen(  864): onPhoneStateChanged: current state = RINGING
D/InCallScreenExtensionContainer(  864): onPhoneStateChanged(), sub extension list is null, just return
D/InCallScreen(  864): enableHomeKeyDispatched, enable = true
D/InCallScreen(  864): the record custom value is 0
D/InCallScreen(  864): -updatePrevPhonenums:update the previous phone number list.
D/InCallScreen(  864): fgCall state : IDLE
D/InCallScreen(  864): bgCall state : IDLE
D/InCallScreen(  864): ringingCall state : INCOMING
D/InCallScreen(  864): requestUpdateScreen()...
D/PhoneGlobals(  864): updateWakeState: callscreen true, dialer false, speaker false...
D/PhoneGlobals(  864): updateWakeState: keepScreenOn = true (isRinging true, isDialing false, showingQuickResponse false, showingDisc false)
D/PhoneGlobals(  864): requestWakeState(FULL)...
D/InCallScreen(  864): onPhoneStateChanged() end
W/Trace   (  864): Unexpected value from nativeGetEnabledTags: 0
W/Trace   (  864): Unexpected value from nativeGetEnabledTags: 0
W/Trace   (  864): Unexpected value from nativeGetEnabledTags: 0
D/BufferQueue(  131): [com.joey.expresscall/com.joey.expresscall.test.ECInterfaceTest](this:0x41cae430,api:1) cancelBuffer: slot=0
W/Trace   (  663): Unexpected value from nativeGetEnabledTags: 0
D/KeyguardUpdateMonitor(  663): sendKeyguardVisibilityChanged(false)
D/KeyguardUpdateMonitor(  663): handleKeyguardVisibilityChanged(0)
D/KeyguardViewMediator(  663): handleMessage enter msg name=SET_HIDDEN
D/KeyguardViewMediator(  663): handleMessage exit msg name=SET_HIDDEN
W/Trace   (  663): Unexpected value from nativeGetEnabledTags: 0
W/Trace   (  864): Unexpected value from nativeGetEnabledTags: 0
W/Trace   (  864): Unexpected value from nativeGetEnabledTags: 0
W/Trace   (  864): Unexpected value from nativeGetEnabledTags: 0
W/Trace   (  864): Unexpected value from nativeGetEnabledTags: 0
W/Trace   (  864): Unexpected value from nativeGetEnabledTags: 0
W/Trace   (  864): Unexpected value from nativeGetEnabledTags: 0
W/Trace   (  864): Unexpected value from nativeGetEnabledTags: 0
W/Trace   (  864): Unexpected value from nativeGetEnabledTags: 0
W/Trace   (  864): Unexpected value from nativeGetEnabledTags: 0
D/SettingsProvider(  663): call request for 0
V/SettingsProvider(  663): call(system:time_12_24) for 0
D/SettingsProvider(  663): lookupValue table system cache contains Key time_12_24 , value = Bundle[{value=24}]
V/Provider/Settings(  788): from db cache, name = time_12_24 , value = 24
I/BufferQueue(  131): [com.joey.expresscall/com.joey.expresscall.test.ECInterfaceTest](this:0x41cae430,api:1) disconnect: api=1
I/BufferQueue(  131): [com.android.phone/com.android.phone.InCallScreen](this:0x41ff4eb0,api:1) new GraphicBuffer needed
D/BufferQueue(  131):     [OLD] gb:NULL
I/SurfaceTexture(  131): [com.joey.expresscall/com.joey.expresscall.test.ECInterfaceTest] [virtual android::status_t android::SurfaceTexture::forceAuxConversionLocked()] mCurrentTexture:3, mCurrentBuf:0x41fefcb8
I/BufferQueue(  131): [com.joey.expresscall/com.joey.expresscall.test.ECInterfaceTest](this:0x41cae430,api:0) getReleasedBuffers: returning mask 0xffffffff
I/SurfaceTexture(  131): [com.joey.expresscall/com.joey.expresscall.test.ECInterfaceTest](this:0x41cade00,api:0) destroying EGLImage dpy=0x1 img=0x41fed670
I/SurfaceTexture(  131): [com.joey.expresscall/com.joey.expresscall.test.ECInterfaceTest](this:0x41cade00,api:0) destroying EGLImage dpy=0x1 img=0x41fe67e8
I/SurfaceTexture(  131): [com.android.phone/com.android.phone.InCallScreen](this:0x41cab8e0,api:1) [void* android::SurfaceTexture::createImage(EGLDisplay, const android::sp<android::GraphicBuffer>&)]
D/SurfaceTexture(  131):     GraphicBuffer: gb=0x41fef560 handle=0x41fe9930
D/SurfaceTexture(  131):     EGLImage: dpy=0x1, img=0x41ff20a8
I/SurfaceTexture(  131): [com.joey.expresscall/com.joey.expresscall.test.ECInterfaceTest](this:0x41cade00,api:0) destroying EGLImage dpy=0x1 img=0x41ff1ad8
I/SurfaceTexture(  131): [com.joey.expresscall/com.joey.expresscall.test.ECInterfaceTest](this:0x41cade00,api:0) destroying EGLImage dpy=0x1 img=0x41ff4e00
I/GraphicBuffer(  131): allocate buffer (w:544 h:960 f:5) err(0)
I/BufferQueue(  131):     [NEW] gb=0x41fefb68, handle=0x41fedce8, w=540, h=960, s=544, fmt=5
W/Trace   (  864): Unexpected value from nativeGetEnabledTags: 0
W/Trace   (  864): Unexpected value from nativeGetEnabledTags: 0
D/InCallScreen(  864): updateScreen()...
D/InCallScreen(  864):   - phone state = RINGING
D/InCallScreen(  864):   - inCallScreenMode = NORMAL
D/InCallScreenExtensionContainer(  864): updateScreen(), sub extension list is null, just return
D/InCallScreen(  864): updateCallTime()...
D/PHONE/CallTime(  864): [CallTime] cancelTimer()...
W/Trace   (  663): Unexpected value from nativeGetEnabledTags: 0
D/KeyguardUpdateMonitor(  663): sendKeyguardVisibilityChanged(false)
D/KeyguardUpdateMonitor(  663): handleKeyguardVisibilityChanged(0)
D/InCallScreen(  864): - updateScreen: updating the in-call UI...
D/KeyguardViewMediator(  663): handleMessage enter msg name=SET_HIDDEN
D/KeyguardViewMediator(  663): handleMessage exit msg name=SET_HIDDEN
D/InCallScreen(  864): chenpx mCM.getActiveFgCallState=...IDLE
D/InCallScreen(  864): chenpx mPreviousCallState=...IDLE
D/InCallScreen(  864): chenpx mIsDelayUpdateScreen...false
D/InCallTouchUi(  864): updateState: current state = RINGING
D/InCallTouchUi(  864): - updateState: RINGING!  Showing incoming call controls...
D/InCallTouchUi(  864): - updateState: HIDING in-call controls...
D/InCallTouchUi(  864): - updateState: showing incoming call widget...
D/InCallTouchUi(  864): showIncomingCallWidget()...
D/RespondViaSmsManager(  864): allowRespondViaSmsForCall(INCOMING)...
D/RespondViaSmsManager(  864): - number: '01057694482'
D/RespondViaSmsManager(  864): - presentation: 1
W/Trace   (  663): Unexpected value from nativeGetEnabledTags: 0
I/DMAgent (  148): OnTransact   (3,16)
I/DMAgent (  148): isLockFlagSet
W/Parcel  (  148): **** enforceInterface() expected 'DMAgent' but read 'com.mediatek.common.dm.DMAgent'
I/DMAgent (  148): isLockFlagSet done
D/PhoneUtils(  864): isDMLocked(): locked = false
I/BufferQueue(  131): [com.joey.expresscall/com.joey.expresscall.test.ECInterfaceTest](this:0x41cae430,api:0) consumerDisconnect
D/InCallTouchUi(  864): isDrivingMode!
V/Provider/Settings(  864):  from settings cache , name = amoi_drive_modle_switch , value = 0
D/InCallTouchUi(  864): isDrivingMode! go delay 3s
D/ExtensionManager(  864): getInCallTouchUiExtension()
D/PhonePluginExtensionContainer(  864): getInCallTouchUiExtension()
D/InCallTouchUiExtensionContainer(  864): updateState(), sub extension list is null, just return
D/CallCard(  864): updateState(CallManager {
D/CallCard(  864): state = RINGING
D/CallCard(  864): - Foreground: IDLE from Handler (com.android.internal.telephony.gsm.GSMPhone) {4188ce48}
D/CallCard(  864):   Conn: []
D/CallCard(  864): - Background: IDLE from Handler (com.android.internal.telephony.gsm.GSMPhone) {4188ce48}
D/CallCard(  864):   Conn: []
D/CallCard(  864): - Ringing: INCOMING from Handler (com.android.internal.telephony.gsm.GSMPhone) {418bac68}
D/CallCard(  864): Phone: Handler (com.android.internal.telephony.gsm.GSMPhone) {4188ce48}, name = GSM, state = IDLE
D/CallCard(  864): - Foreground: IDLE Background: IDLE Ringing: IDLE
D/CallCard(  864): Phone: Handler (com.android.internal.telephony.gsm.GSMPhone) {418bac68}, name = GSM, state = RINGING
D/CallCard(  864): - Foreground: IDLE Background: IDLE Ringing: INCOMING
D/CallCard(  864): })...
D/PhoneUtils(  864): ############### dumpCallManager() ##############
D/PhoneUtils(  864): CallManager: state = RINGING
D/PhoneUtils(  864):  - FG call: NO IDLE  State: IDLE  Conn: []
D/PhoneUtils(  864):  - BG call: NO IDLE  State: IDLE  Conn: []
D/PhoneUtils(  864):  - RINGING call: YES INCOMING  State: INCOMING
D/PhoneUtils(  864): Phone: Handler (com.android.internal.telephony.gsm.GSMPhone) {4188ce48}, name = GSM, state = IDLE
D/PhoneUtils(  864):  - FG call: IDLE  State: IDLE  Conn: false
D/PhoneUtils(  864):  - BG call: IDLE  State: IDLE  Conn: false
D/PhoneUtils(  864):  - RINGING call: IDLE  State: IDLE  Conn: false
D/PhoneUtils(  864): Phone: Handler (com.android.internal.telephony.gsm.GSMPhone) {418bac68}, name = GSM, state = RINGING
D/PhoneUtils(  864):  - FG call: IDLE  State: IDLE  Conn: false
D/PhoneUtils(  864):  - BG call: IDLE  State: IDLE  Conn: false
D/PhoneUtils(  864):  - RINGING call: INCOMING  State: INCOMING  Conn: true
D/PhoneUtils(  864): ############## END dumpCallManager() ###############
D/CallCard(  864): updateState: current active call is : []
D/PhoneStatusBar(  788): updateNotificationIcons(), IconMerger feature, skip pkg / icon / iconlevel =com.tencent.android.qqdownloader/2130838227/0
D/ExtensionManager(  864): getCallCardExtension()
D/PhonePluginExtensionContainer(  864): getCallCardExtension()
D/CallCardExtensionContainer(  864): updateCallInfoLayout(), sub extension list is null, just return
D/CallCard(  864): updateCallInfoLayout()...  ringing = true
D/CallCard(  864):   ==> callInfoLp.bottomMargin: 228
D/CallCard(  864): updateRingingCall()...
D/CallCard(  864): displayMainCallStatus(call INCOMING)...
D/CallCard(  864): displayMainCallStatus(call [*  -> id: 1, num: 01057694482, MT: true, disconnected: false])...
D/CallCard(  864): updateCallStateWidgets(call INCOMING)...
I/dalvikvm(  788): Jit: resizing JitTable from 8192 to 16384
D/CallCard(  864): ==> callStateLabel: '', bluetoothIconId = 0, providerInfoVisible = false
D/CallCard(  864): Phone type is 1
D/PhoneNumberUtils(  864): [isEmergencyNumber] number: 01057694482
D/PhoneNumberUtils(  864): [extractNetworkPortionAlt] phoneNumber: 01057694482
D/PhoneNumberUtils(  864): [isEmergencyNumber] ril.ecclist: 
D/PhoneNumberUtils(  864): [isEmergencyNumber] ril.ecclist2: 
D/PhoneNumberUtils(  864): [isEmergencyNumber] ro.ril.ecclist: 112,911
D/PhoneNumberUtils(  864): [isEmergencyNumber] ro.ril.ecclist: return false
D/PhoneUtils(  864): operatorName = 
D/CallCard(  864):   - CONN: *  -> id: 1, num: 01057694482, MT: true, disconnected: false, state = INCOMING
D/CallCard(  864): - displayMainCallStatus: using data we already have...
D/CallCard(  864): - displayMainCallStatus: CNAP data from Connection: CNAP name=null, Number/Name Presentation=1
D/CallCard(  864):    ==> Got CallerInfo; updating display: ci = com.android.internal.telephony.CallerInfo@41b8c540 { name null, phoneNumber non-null }
D/CallCard(  864): updateDisplayForPerson(com.android.internal.telephony.CallerInfo@41b8c540 { name null, phoneNumber non-null })
D/CallCard(  864): presentation:1 isTemporary:false
D/CallCard(  864):   ==>  no name; falling back to number: displayName '010 5769 4482', numberGeoDescription ''
D/CallCard(  864): - got personUri: 'content://com.android.contacts/contacts/0', based on info.person_id: 0
D/CallCard(  864): showCachedImage: using picture_unknown!
D/CallCard(  864): updatePhotoForCallState(INCOMING)...
D/CallCard(  864): showCachedImage: using picture_unknown!
D/CallCard(  864): displaySecondaryCallStatus(call =null)...
D/CallCard(  864): displaySecondHoldCallStatus(call =null)...
D/ExtensionManager(  864): getCallCardExtension()
D/PhonePluginExtensionContainer(  864): getCallCardExtension()
D/CallCardExtensionContainer(  864): updateState(), sub extension list is null, just return
D/DTMFTwelveKeyDialer(  864): clearDigits()...
D/InCallScreen(  864): - updateCallCardVisibilityPerDialerState(animate=false): dialpad dismissed, show mCallCard...
D/InCallScreen(  864): dismissProgressIndication()...
D/InCallScreen(  864): dismissAllDialogs()...
D/InCallScreen(  864): dismissDialogs()...
D/InCallScreenExtensionContainer(  864): dismissDialogs(), sub extension list is null, just return
D/InCallScreen(  864): dismissDialogs() done
W/Trace   (15160): Unexpected value from nativeGetEnabledTags: 0
I/BufferQueue(  131): [com.joey.expresscall/com.joey.expresscall.test.ECInterfaceTest](this:0x41cae430,api:0) ~BufferQueue
W/Trace   (  864): Unexpected value from nativeGetEnabledTags: 0
W/Trace   (  864): Unexpected value from nativeGetEnabledTags: 0
W/Trace   (  864): Unexpected value from nativeGetEnabledTags: 0
W/Trace   (  864): Unexpected value from nativeGetEnabledTags: 0
W/Trace   (  864): Unexpected value from nativeGetEnabledTags: 0
W/Trace   (  864): Unexpected value from nativeGetEnabledTags: 0
W/Trace   (  788): Unexpected value from nativeGetEnabledTags: 0
W/Trace   (  864): Unexpected value from nativeGetEnabledTags: 0
W/Trace   (  788): Unexpected value from nativeGetEnabledTags: 0
W/Trace   (  864): Unexpected value from nativeGetEnabledTags: 0
W/Trace   (  864): Unexpected value from nativeGetEnabledTags: 0
W/Trace   (  864): Unexpected value from nativeGetEnabledTags: 0
W/Trace   (  864): Unexpected value from nativeGetEnabledTags: 0
W/Trace   (  864): Unexpected value from nativeGetEnabledTags: 0
I/BufferQueue(  131): [com.android.phone/com.android.phone.InCallScreen](this:0x41ff4eb0,api:1) new GraphicBuffer needed
D/BufferQueue(  131):     [OLD] gb:NULL
W/Trace   (  788): Unexpected value from nativeGetEnabledTags: 0
W/Trace   (  788): Unexpected value from nativeGetEnabledTags: 0
W/Trace   (  788): Unexpected value from nativeGetEnabledTags: 0
W/Trace   (  788): Unexpected value from nativeGetEnabledTags: 0
W/Trace   (  788): Unexpected value from nativeGetEnabledTags: 0
I/GraphicBuffer(  131): allocate buffer (w:544 h:960 f:5) err(0)
I/BufferQueue(  131):     [NEW] gb=0x41cac5f8, handle=0x41fed9a8, w=540, h=960, s=544, fmt=5
I/SurfaceTexture(  131): [com.android.phone/com.android.phone.InCallScreen](this:0x41cab8e0,api:1) [void* android::SurfaceTexture::createImage(EGLDisplay, const android::sp<android::GraphicBuffer>&)]
D/SurfaceTexture(  131):     GraphicBuffer: gb=0x41fefb68 handle=0x41fedce8
D/SurfaceTexture(  131):     EGLImage: dpy=0x1, img=0x41ff4e00
W/Trace   (  788): Unexpected value from nativeGetEnabledTags: 0
W/Trace   (  788): Unexpected value from nativeGetEnabledTags: 0
W/Trace   (  788): Unexpected value from nativeGetEnabledTags: 0
W/Trace   (  788): Unexpected value from nativeGetEnabledTags: 0
W/Trace   (  788): Unexpected value from nativeGetEnabledTags: 0
I/SurfaceTextureClient(  788): [STC::queueBuffer] (this:0x5e363390) fps:1.78, dur:1122.44, max:744.80, min:377.64
I/BufferQueue(  131): [StatusBar](this:0x41fdf8f8,api:1) [queue] fps:1.78, dur:1123.14, max:745.01, min:378.12
D/dalvikvm(  864): GC_CONCURRENT freed 823K, 16% free 5363K/6368K, paused 3ms+4ms, total 76ms
W/Trace   (  864): Unexpected value from nativeGetEnabledTags: 0
W/Trace   (  864): Unexpected value from nativeGetEnabledTags: 0
W/Trace   (  864): Unexpected value from nativeGetEnabledTags: 0
W/Trace   (  864): Unexpected value from nativeGetEnabledTags: 0
W/Trace   (  864): Unexpected value from nativeGetEnabledTags: 0
W/Trace   (  864): Unexpected value from nativeGetEnabledTags: 0
W/Trace   (  864): Unexpected value from nativeGetEnabledTags: 0
W/Trace   (  788): Unexpected value from nativeGetEnabledTags: 0
W/Trace   (  788): Unexpected value from nativeGetEnabledTags: 0
W/Trace   (  864): Unexpected value from nativeGetEnabledTags: 0
V/AppWidgetContext(  788): package name: com.android.phone
V/AppWidgetContext(  788): context permission not changed
W/Trace   (  864): Unexpected value from nativeGetEnabledTags: 0
W/Trace   (  864): Unexpected value from nativeGetEnabledTags: 0
W/Trace   (  864): Unexpected value from nativeGetEnabledTags: 0
V/Provider/Settings(  788):  from settings cache , name = time_12_24 , value = 24
W/Trace   (  864): Unexpected value from nativeGetEnabledTags: 0
V/ActivityManager(  663): Activity idle: Token{42492c58 ActivityRecord{424986f0 u0 com.android.phone/.InCallScreen}}
D/PowerManagerService(  663): releaseWakeLockInternal: lock=1099849832, flags=0x0
D/PowerManagerService(  663): updateWakeLockSummaryLocked: mWakefulness=Awake, mWakeLockSummary=0x2b
D/PowerManagerService(  663): newScreenState = 2
D/PowerManagerDisplayController(  663): requestPowerState: screenState=2, useProximitySensor=false, screenBrightness=128, screenAutoBrightnessAdjustment=0.0, useAutoBrightness=false, useEcoBrightness=false, blockScreenOn=false, waitForNegativeProximity=false
I/PowerManagerService(  663): setBrightness mButtonLight, screenBrightness=128
D/PowerManagerService(  663): updateScreenStateLocked: mDisplayReady=true, newScreenState=2, mWakefulness=1, mWakeLockSummary=0x2b, mUserActivitySummary=0x5, mBootCompleted=true
D/PowerManagerService(  663): handleSandman: canDream=true, mWakefulness=Awake
V/ActivityManager(  663): Stopping ActivityRecord{41997508 u0 com.joey.expresscall/.test.ECInterfaceTest}: nowVisible=true waitingVisible=false finishing=false
V/ActivityManager(  663): Ready to stop: ActivityRecord{41997508 u0 com.joey.expresscall/.test.ECInterfaceTest}
W/Trace   (15160): Unexpected value from nativeGetEnabledTags: 0
D/ContactsProvider(30227): query process pond for dialer search: content://com.android.contacts/contacts/0/entities
W/Trace   (15160): Unexpected value from nativeGetEnabledTags: 0
D/ContactsProvider(30227): revised match: 1019
D/StateMachine(  663): handleMessage: E msg.what=131155
D/StateMachine(  663): processMsg: ConnectedState
D/WifiStateMachine(  663): ConnectedState{ what=131155 when=-4ms arg1=15 target=Handler (com.android.internal.util.StateMachine$SmHandler) {41c1f138} }
D/StateMachine(  663): processMsg: L2ConnectedState
D/WifiStateMachine(  663): L2ConnectedState{ what=131155 when=-4ms arg1=15 target=Handler (com.android.internal.util.StateMachine$SmHandler) {41c1f138} }
D/WifiNative-wlan0(  663): doString: SIGNAL_POLL
D/WifiCommon(  663): [wlan0] SET "SIGNAL_POLL"
I/SurfaceTexture(  131): [com.android.phone/com.android.phone.InCallScreen](this:0x41cab8e0,api:1) [void* android::SurfaceTexture::createImage(EGLDisplay, const android::sp<android::GraphicBuffer>&)]
D/SurfaceTexture(  131):     GraphicBuffer: gb=0x41cac5f8 handle=0x41fed9a8
D/SurfaceTexture(  131):     EGLImage: dpy=0x1, img=0x41ff1ad8
I/BufferQueue(  131): [StatusBar](this:0x41fdf8f8,api:1) [release] fps:1.77, dur:1129.05, max:740.40, min:388.65
D/wpa_supplicant( 1076): RX ctrl_iface - hexdump(len=11): 53 49 47 4e 41 4c 5f 50 4f 4c 4c
D/wpa_supplicant( 1076): wlan0: Control interface command 'SIGNAL_POLL'
D/wpa_supplicant( 1076): nl80211: survey data missing!
W/Trace   (  864): Unexpected value from nativeGetEnabledTags: 0
W/Trace   (  864): Unexpected value from nativeGetEnabledTags: 0
I/WifiStateMachine(  663): fetchRssiAndLinkSpeedNative, newRssi:-29, newLinkSpeed:135
W/Trace   (  864): Unexpected value from nativeGetEnabledTags: 0
W/Trace   (  864): Unexpected value from nativeGetEnabledTags: 0
W/Trace   (  864): Unexpected value from nativeGetEnabledTags: 0
W/Trace   (  864): Unexpected value from nativeGetEnabledTags: 0
W/Trace   (  864): Unexpected value from nativeGetEnabledTags: 0
D/StateMachine(  663): handleMessage: X
W/Trace   (  864): Unexpected value from nativeGetEnabledTags: 0
W/Trace   ( 9069): Unexpected value from nativeGetEnabledTags: 0
W/Trace   ( 9069): Unexpected value from nativeGetEnabledTags: 0
D/PhoneStatusBar(  788): disable: < EXPAND* icons ALERTS ticker system_info BACK* HOME* RECENT* clock search >
D/NetworkControllerGemini(  788): refreshViews(0), DataConnected=false simColorId = -1
D/NetworkControllerGemini(  788): refreshViews(0), set parameters to signal cluster view.
D/NetworkControllerGemini(  788): refreshViews(0), tempPhoneSignalIconId.0 = 2130837558  tempPhoneSignalIconId.1 = 0  tempMobileActivityIconId= 0  tempDataTypeIconId= 0
D/SignalClusterViewGemini(  788): setMobileDataIndicators(0), visible=true, strengthIcon[0] ~ [1] 2130837558 ~ 0
D/SignalClusterViewGemini(  788): setShowSimIndicator(0), showSimIndicator=false simIndicatorResource = 0
D/SignalClusterViewGemini(  788): setDataConnected(0), dataConnected=false
D/SignalClusterViewGemini(  788): setDataNetType3G(0), dataNetType=null
D/skia    (  788): Flag is not 10
D/SignalClusterViewGemini(  788): apply : mShowSimIndicator = false mSimIndicatorResource = 0 mShowSimIndicatorGemini = false mSimIndicatorResourceGemini = 0
D/SignalClusterViewGemini(  788): apply, mMobileVisible=true mMobileActivityId=0 mMobileTypeId=0 mMobileStrengthId[0] = 2130837558 mMobileStrengthId[1] = 0
D/SignalClusterViewGemini(  788): isSimInserted(0), SimInserted=false
D/SignalClusterViewGemini(  788): apply, mMobileVisibleGemini=true mMobileActivityIdGemini=0 mMobileTypeIdGemini=2130837912 mMobileStrengthIdGemini[0] = 2130837961 mMobileStrengthIdGemini[1] = 0
I/ContactsProvider(30227): SELECT name_raw_contact_id, display_name_source, lookup, display_name, display_name_alt, phonetic_name, photo_id, starred, agg_presence.mode AS contact_presence, contacts_status_updates.status AS contact_status, contacts_status_updates.status_ts AS contact_status_ts, contacts_status_updates.status_res_package AS contact_status_res_package, contacts_status_updates.status_label AS contact_status_label, contact_id, raw_contact_id, account_name, account_type, data_set, account_type_and_data_set, dirty, version, sourceid, sync1, sync2, sync3, sync4, deleted, name_verified, data_id, data1, data2, data3, data4, data5, data6, data7, data8, data9, data10, data11, data12, data13, data14, data15, data_sync1, data_sync2, data_sync3, data_sync4, data_version, is_primary, is_super_primary, mimetype, res_package, group_sourceid, presence.mode AS mode, presence.chat_capability AS chat_capability, status_updates.status AS status, status_updates.status_res_package AS status_res_package, status_updates.status_icon AS status_icon, status_updates.status_label AS status_label, status_updates.status_ts AS status_ts, photo_uri, send_to_voicemail, custom_ringtone, is_user_profile, send_to_voicemail_vt, sim_id, indicate_phone_or_sim_contact, index_in_sim, is_sdn_contact, is_additional_number FROM view_entities data LEFT OUTER JOIN agg_presence ON (contact_id = agg_presence.presence_contact_id) LEFT OUTER JOIN status_updates contacts_status_updates ON (status_update_id=contacts_status_updates.status_update_data_id) LEFT OUTER JOIN presence ON (presence_data_id=data_id) LEFT OUTER JOIN status_updates ON (status_updates.status_update_data_id=data_id) WHERE (1 AND contact_id=?) ORDER BY raw_contact_idCURSOR COUNT = 0
W/Trace   (15160): Unexpected value from nativeGetEnabledTags: 0
D/SignalClusterViewGemini(  788): isSimInserted(1), SimInserted=true
D/SignalClusterViewGemini(  788): mDataNetTypeGemini =Type_G resId= 2130837554 simColorId = 3
D/SignalClusterViewGemini(  788): apply, mMobileVisible=true, mWifiVisible=true, mIsAirplaneMode=false
D/SignalClusterViewGemini(  788): isSimInserted(0), SimInserted=false
D/SignalClusterViewGemini(  788): isSimInserted(1), SimInserted=true
D/SignalClusterViewGemini(  788): isSimInserted(1), SimInserted=true
D/NetworkControllerGemini(  788): refreshViews(1), DataConnected=false simColorId = 3
D/SignalClusterViewGemini(  788): setShowSimIndicator(1), showSimIndicator=false simIndicatorResource = 0
D/SignalClusterViewGemini(  788): setDataConnected(1), dataConnected=false
D/SignalClusterViewGemini(  788): setDataNetType3G(1), dataNetType=Type_G
D/SignalClusterViewGemini(  788): apply : mShowSimIndicator = false mSimIndicatorResource = 0 mShowSimIndicatorGemini = false mSimIndicatorResourceGemini = 0
D/SignalClusterViewGemini(  788): apply, mMobileVisibleGemini=true mMobileActivityIdGemini=0 mMobileTypeIdGemini=2130837912 mMobileStrengthIdGemini[0] = 2130837961 mMobileStrengthIdGemini[1] = 0
W/Trace   (  663): Unexpected value from nativeGetEnabledTags: 0
D/KeyguardUpdateMonitor(  663): sendKeyguardVisibilityChanged(false)
D/KeyguardUpdateMonitor(  663): handleKeyguardVisibilityChanged(0)
D/KeyguardViewMediator(  663): handleMessage enter msg name=SET_HIDDEN
D/KeyguardViewMediator(  663): handleMessage exit msg name=SET_HIDDEN
D/SignalClusterViewGemini(  788): isSimInserted(1), SimInserted=true
W/Trace   (  663): Unexpected value from nativeGetEnabledTags: 0
D/SignalClusterViewGemini(  788): mDataNetTypeGemini =Type_G resId= 2130837554 simColorId = 3
D/SignalClusterViewGemini(  788): apply, mMobileVisible=false, mWifiVisible=true, mIsAirplaneMode=false
D/SignalClusterViewGemini(  788): isSimInserted(0), SimInserted=false
D/SignalClusterViewGemini(  788): isSimInserted(1), SimInserted=true
D/SignalClusterViewGemini(  788): isSimInserted(1), SimInserted=true
W/Trace   (15160): Unexpected value from nativeGetEnabledTags: 0
W/Trace   (  788): Unexpected value from nativeGetEnabledTags: 0
W/Trace   (  788): Unexpected value from nativeGetEnabledTags: 0
W/Trace   (  864): Unexpected value from nativeGetEnabledTags: 0
W/Trace   (  864): Unexpected value from nativeGetEnabledTags: 0
W/Trace   (  864): Unexpected value from nativeGetEnabledTags: 0
W/Trace   (  864): Unexpected value from nativeGetEnabledTags: 0
W/Trace   (  864): Unexpected value from nativeGetEnabledTags: 0
W/Trace   (  864): Unexpected value from nativeGetEnabledTags: 0
W/Trace   (  864): Unexpected value from nativeGetEnabledTags: 0
W/Trace   (  864): Unexpected value from nativeGetEnabledTags: 0
W/Trace   (  864): Unexpected value from nativeGetEnabledTags: 0
W/Trace   (  864): Unexpected value from nativeGetEnabledTags: 0
V/ActivityManager(  663): Activity stopped: token=Token{41d62910 ActivityRecord{41997508 u0 com.joey.expresscall/.test.ECInterfaceTest}}
W/Trace   (  788): Unexpected value from nativeGetEnabledTags: 0
W/Trace   (  788): Unexpected value from nativeGetEnabledTags: 0
W/Trace   (  788): Unexpected value from nativeGetEnabledTags: 0
W/Trace   (  788): Unexpected value from nativeGetEnabledTags: 0
W/Trace   (  788): Unexpected value from nativeGetEnabledTags: 0
D/NetworkPolicy(  663): onRecv: MSG_FOREGROUND_ACTIVITIES_CHANGED pid:uid:act=15160:10066:false
V/NetworkStats(  663): setKernelCounterSet uid=10066 set=0
D/CountryDetector(  663): tries to stop LocationBasedDetector (current detector: null)
D/ConnectivityService(  663): onUidRulesChanged(uid=10066, uidRules=0)
W/Provider/Settings(  663): Setting airplane_mode_on has moved from android.provider.Settings.System to android.provider.Settings.Global, returning read-only value.
V/Provider/Settings(  663):  from settings cache , name = airplane_mode_on , value = 0
D/IPCThreadState(30227): [DN #5] BR_CLEAR_DEATH_NOTIFICATION_DONE cookie 0x5ec0cda0
D/CountryDetector(  663): startLocationBasedDetection=true detectCountry=(source: 0, countryISO: CN) isAirplaneModeOff()=true mListener=com.android.server.CountryDetectorService$1@418a6970 isGeoCoderImplemnted()=false
D/CountryDetector(  663): tries to stop LocationBasedDetector (current detector: null)
D/IPCThreadState(  663): [DN #5] BR_CLEAR_DEATH_NOTIFICATION_DONE cookie 0x6109df48
W/Trace   (  788): Unexpected value from nativeGetEnabledTags: 0
W/Trace   (  788): Unexpected value from nativeGetEnabledTags: 0
W/Trace   (  788): Unexpected value from nativeGetEnabledTags: 0
W/Trace   (  788): Unexpected value from nativeGetEnabledTags: 0
E/CursorLeakDetecter( 9690): bad request for cursor:1105322488.
W/Trace   (  788): Unexpected value from nativeGetEnabledTags: 0
W/Trace   (  788): Unexpected value from nativeGetEnabledTags: 0
W/Trace   (  788): Unexpected value from nativeGetEnabledTags: 0
V/ActivityManager(  663): Broadcast: Intent { act=com.android.systemui.recent.action.CLOSE flg=0x10 pkg=com.android.systemui } ordered=false userid=-2
W/Trace   ( 9690): Unexpected value from nativeGetEnabledTags: 0
W/Trace   ( 9690): Unexpected value from nativeGetEnabledTags: 0
W/Trace   (  788): Unexpected value from nativeGetEnabledTags: 0
W/Trace   (  788): Unexpected value from nativeGetEnabledTags: 0
W/Trace   (  864): Unexpected value from nativeGetEnabledTags: 0
W/Trace   (  788): Unexpected value from nativeGetEnabledTags: 0
W/Trace   (  864): Unexpected value from nativeGetEnabledTags: 0
W/Trace   (  864): Unexpected value from nativeGetEnabledTags: 0
W/Trace   (  864): Unexpected value from nativeGetEnabledTags: 0
W/Trace   (  864): Unexpected value from nativeGetEnabledTags: 0
W/Trace   (  864): Unexpected value from nativeGetEnabledTags: 0
W/Trace   (  864): Unexpected value from nativeGetEnabledTags: 0
W/Trace   (  864): Unexpected value from nativeGetEnabledTags: 0
W/Trace   (  864): Unexpected value from nativeGetEnabledTags: 0
W/Trace   (  788): Unexpected value from nativeGetEnabledTags: 0
W/Trace   (  788): Unexpected value from nativeGetEnabledTags: 0
W/Trace   (  788): Unexpected value from nativeGetEnabledTags: 0
W/Trace   (  788): Unexpected value from nativeGetEnabledTags: 0
W/Trace   (  864): Unexpected value from nativeGetEnabledTags: 0
D/ContactsProvider(30227): query process pond for dialer search: content://com.android.contacts/phone_lookup/01057694482
D/ContactsProvider(30227): revised match: 4000
W/Trace   (  788): Unexpected value from nativeGetEnabledTags: 0
W/Trace   (  788): Unexpected value from nativeGetEnabledTags: 0
W/Trace   (  788): Unexpected value from nativeGetEnabledTags: 0
W/PhoneNumberUtil(30227): possibleNationalPrefix = 0
D/PhoneNumberUtils(30227): [extractNetworkPortionAlt] phoneNumber: 01057694482
D/PhoneNumberUtils(30227): [extractNetworkPortionAlt] phoneNumber: 01057694482
D/IPCThreadState(  663): [DN #5] BR_CLEAR_DEATH_NOTIFICATION_DONE cookie 0x640f2d60
I/ContactsProvider(30227): SELECT contacts_view._id AS _id, data1 AS number FROM raw_contacts JOIN view_contacts contacts_view ON (contacts_view._id = raw_contacts.contact_id), (SELECT data_id, normalized_number, length(normalized_number) as len , number, length FROM phone_lookup  WHERE (phone_lookup.min_match = '28449675010')) AS lookup, data WHERE (lookup.data_id=data._id AND data.raw_contact_id=raw_contacts._id) ORDER BY (lookup.normalized_number = '01057694482') DESC, (lookup.number = '01057694482') DESC, lookup.length DESC,  length(lookup.normalized_number) DESCCURSOR COUNT = 0
D/IPCThreadState(30227): [DN #5] BR_CLEAR_DEATH_NOTIFICATION_DONE cookie 0x5db02aa0
D/IPCThreadState(  663): [DN #5] BR_CLEAR_DEATH_NOTIFICATION_DONE cookie 0x641a4e08
W/Trace   (  788): Unexpected value from nativeGetEnabledTags: 0
W/Trace   (  788): Unexpected value from nativeGetEnabledTags: 0
W/Trace   (  864): Unexpected value from nativeGetEnabledTags: 0
W/Trace   (  864): Unexpected value from nativeGetEnabledTags: 0
W/Trace   (  788): Unexpected value from nativeGetEnabledTags: 0
W/Trace   (  864): Unexpected value from nativeGetEnabledTags: 0
W/Trace   (  864): Unexpected value from nativeGetEnabledTags: 0
W/Trace   (  864): Unexpected value from nativeGetEnabledTags: 0
W/Trace   (  864): Unexpected value from nativeGetEnabledTags: 0
W/Trace   (  864): Unexpected value from nativeGetEnabledTags: 0
W/Trace   (  864): Unexpected value from nativeGetEnabledTags: 0
W/Trace   (  864): Unexpected value from nativeGetEnabledTags: 0
W/Trace   (  788): Unexpected value from nativeGetEnabledTags: 0
W/Trace   (  864): Unexpected value from nativeGetEnabledTags: 0
W/Trace   (  788): Unexpected value from nativeGetEnabledTags: 0
W/Trace   (  788): Unexpected value from nativeGetEnabledTags: 0
W/Trace   (  788): Unexpected value from nativeGetEnabledTags: 0
V/Provider/Settings(  663):  from settings cache , name = read_external_storage_enforced_default , value = null
W/Trace   (  663): Unexpected value from nativeGetEnabledTags: 0
W/Trace   (  663): Unexpected value from nativeGetEnabledTags: 0
D/dalvikvm(  132): threadid=2: exiting
D/dalvikvm(  132): threadid=2: bye!
D/dalvikvm(  132): threadid=3: exiting
D/dalvikvm(  132): threadid=3: bye!
D/dalvikvm(  132): threadid=4: exiting
D/dalvikvm(  132): threadid=4: bye!
D/dalvikvm(  132): pre gc
D/dalvikvm(  132): Zygote::ForkAndSpecialize +
W/Trace   (  788): Unexpected value from nativeGetEnabledTags: 0
D/dalvikvm(  132): Zygote::ForkAndSpecialize : 15482
D/dalvikvm(  132): create interp thread : stack size=32KB
D/dalvikvm(  132): create new thread
D/dalvikvm(  132): new thread created
D/dalvikvm(  132): update thread list
D/dalvikvm(15482): Zygote::ForkAndSpecialize : 0
D/dalvikvm(  132): threadid=2: interp stack at 0x5a3d7000
D/dalvikvm(  132): threadid=2: created from interp
D/dalvikvm(  132): start new thread
D/dalvikvm(  132): create interp thread : stack size=32KB
D/dalvikvm(  132): create new thread
D/dalvikvm(  132): new thread created
D/dalvikvm(  132): update thread list
D/dalvikvm(  132): threadid=2: notify debugger
D/dalvikvm(  132): threadid=2 (ReferenceQueueDaemon): calling run()
D/dalvikvm(  132): threadid=3: interp stack at 0x5a4df000
D/dalvikvm(  132): threadid=3: created from interp
D/dalvikvm(  132): start new thread
D/dalvikvm(  132): create interp thread : stack size=32KB
D/dalvikvm(  132): create new thread
D/dalvikvm(  132): new thread created
D/dalvikvm(  132): update thread list
D/dalvikvm(  132): threadid=3: notify debugger
D/dalvikvm(  132): threadid=3 (FinalizerDaemon): calling run()
D/dalvikvm(  132): threadid=4: interp stack at 0x5a5e7000
D/dalvikvm(  132): threadid=4: created from interp
D/dalvikvm(  132): start new thread
I/ActivityManager(  663): Start proc com.qihoo360.mobilesafe:GuardUIService for service com.qihoo360.mobilesafe/.ui.marker.MarkerManager: pid=15482 uid=10076 gids={50076, 1015, 3003, 1006, 3002, 3001, 1013, 1028}
W/Trace   (  663): Unexpected value from nativeGetEnabledTags: 0
W/Trace   (  663): Unexpected value from nativeGetEnabledTags: 0
D/dalvikvm(15482): zygote get new systemTid : 15482
D/dalvikvm(15482): threadid=2: interp stack at 0x5a4d7000
D/dalvikvm(15482): threadid=3: interp stack at 0x5a5df000
D/dalvikvm(15482): Elevating priority from 0 to -8
D/dalvikvm(15482): threadid=4: interp stack at 0x5a6e7000
D/dalvikvm(15482): zygote get thread init done
D/dalvikvm(15482): create interp thread : stack size=32KB
D/dalvikvm(15482): create new thread
D/dalvikvm(15482): new thread created
D/dalvikvm(15482): update thread list
D/dalvikvm(15482): threadid=5: interp stack at 0x5c90a000
D/dalvikvm(15482): threadid=5: created from interp
D/dalvikvm(15482): start new thread
D/dalvikvm(15482): create interp thread : stack size=32KB
D/dalvikvm(15482): create new thread
D/dalvikvm(15482): new thread created
D/dalvikvm(15482): update thread list
D/dalvikvm(15482): threadid=5: notify debugger
D/dalvikvm(15482): threadid=5 (ReferenceQueueDaemon): calling run()
D/dalvikvm(15482): threadid=6: interp stack at 0x5ca12000
D/dalvikvm(15482): threadid=6: created from interp
D/dalvikvm(15482): start new thread
D/dalvikvm(15482): create interp thread : stack size=32KB
D/dalvikvm(15482): create new thread
D/dalvikvm(15482): new thread created
D/dalvikvm(15482): update thread list
D/dalvikvm(15482): threadid=6: notify debugger
D/dalvikvm(15482): threadid=6 (FinalizerDaemon): calling run()
D/dalvikvm(15482): threadid=7: interp stack at 0x5cb1a000
D/dalvikvm(15482): threadid=7: created from interp
D/dalvikvm(15482): start new thread
W/Trace   (  864): Unexpected value from nativeGetEnabledTags: 0
W/Trace   (  864): Unexpected value from nativeGetEnabledTags: 0
W/Trace   (  788): Unexpected value from nativeGetEnabledTags: 0
