W/ApplicationContext(  663): Calling a method in the system process without a qualified user: android.app.ContextImpl.sendStickyBroadcast:1239 com.android.server.TelephonyRegistry$3.onReceive:800 android.app.LoadedApk$ReceiverDispatcher$Args.run:788 
V/ActivityManager(  663): Broadcast sticky: Intent { act=android.intent.action.ANY_DATA_STATE flg=0x10 (has extras) } ordered=false userid=0
W/Trace   (  788): Unexpected value from nativeGetEnabledTags: 0
W/Trace   (  788): Unexpected value from nativeGetEnabledTags: 0
D/TelephonyManager( 9483): getDefaultSim is sim2
W/Trace   (  663): Unexpected value from nativeGetEnabledTags: 0
W/Trace   (  663): Unexpected value from nativeGetEnabledTags: 0
D/ActivityThread(  663): BDC-Calling onReceive: intent=Intent { act=android.intent.action.ANY_DATA_STATE_MOBILE flg=0x10 (has extras) }, ordered=true, receiver=android.net.MobileDataStateTracker$MobileDataStateReceiver@41c446f0, IIntentReceiver=41c448d8
D/MobileDataStateTracker(  663): MobileDataStateReceiver received: ACTION_ANY_DATA_CONNECTION_STATE_CHANGED_MOBILE [rcse]
D/MobileDataStateTracker(  663): rcse: Intent from SIM 1, current SIM 1, current DataState DISCONNECTED
D/GsmCellLocation(  864): fillInNotifierBundle:Bundle[{type=1, cid=18135, lac=5911, psc=-1}]
E/CellLocation( 9483): create GsmCellLocation
D/TelephonyManager( 9483): getDefaultSim is sim2
W/Trace   (  788): Unexpected value from nativeGetEnabledTags: 0
D/MobileDataStateTracker(  663): rcse: rcse setting isAvailable to false
D/MobileDataStateTracker(  663): rcse: Received state=DISCONNECTED, old=DISCONNECTED, reason=2GVoiceCallStarted
D/ActivityThread(  663): BDC-Calling finishReceiver: IIntentReceiver=41c448d8
W/Trace   (  788): Unexpected value from nativeGetEnabledTags: 0
W/Trace   (  788): Unexpected value from nativeGetEnabledTags: 0
W/Trace   (  788): Unexpected value from nativeGetEnabledTags: 0
D/QuickSettingsConnectionModel(  788): onReceive called, action is android.intent.action.ANY_DATA_STATE
D/TelephonyManager( 9483): getDefaultSim is sim2
W/Provider/Settings( 9483): Setting android_id has moved from android.provider.Settings.System to android.provider.Settings.Secure, returning read-only value.
V/Provider/Settings( 9483):  from settings cache , name = android_id , value = 8685dfe2fa4305e8
W/Trace   (  663): Unexpected value from nativeGetEnabledTags: 0
D/QuickSettingsConnectionModel(  788): isApnType = false , state = DISCONNECTED , mMobileStateTracker.mGprsTargSim = false , mMobileStateTracker.mIsMmsOngoing = false
W/Trace   (  663): Unexpected value from nativeGetEnabledTags: 0
W/Trace   (  788): Unexpected value from nativeGetEnabledTags: 0
D/TelephonyRegistry(  663): Received ACTION_ANY_DATA_CONNECTION_STATE_CHANGED_MOBILE
W/Trace   (  788): Unexpected value from nativeGetEnabledTags: 0
D/SimSwitchPanelView(  788): sim state changed
D/SimSwitchPanelView(  788): mDataConnectionReceiver simId is : 1
D/SimSwitchPanelView(  788): mDataConnectionReceiver state is : DISCONNECTED
D/SimSwitchPanelView(  788): mDataConnectionReceiver reason is : 2GVoiceCallStarted
W/Trace   (  788): Unexpected value from nativeGetEnabledTags: 0
W/Trace   (  788): Unexpected value from nativeGetEnabledTags: 0
W/ApplicationContext(  663): Calling a method in the system process without a qualified user: android.app.ContextImpl.sendStickyBroadcast:1239 com.android.server.TelephonyRegistry$3.onReceive:800 android.app.LoadedApk$ReceiverDispatcher$Args.run:788 
V/ActivityManager(  663): Broadcast sticky: Intent { act=android.intent.action.ANY_DATA_STATE flg=0x10 (has extras) } ordered=false userid=0
D/TelephonyManager( 9483): getDefaultSim is sim2
D/skia    ( 9483): Flag is not 10
W/Trace   (  788): Unexpected value from nativeGetEnabledTags: 0
D/TelephonyManager( 9483): getDefaultSim is sim2
W/Trace   (  788): Unexpected value from nativeGetEnabledTags: 0
W/Trace   (  663): Unexpected value from nativeGetEnabledTags: 0
W/Trace   (  663): Unexpected value from nativeGetEnabledTags: 0
D/ActivityThread(  663): BDC-Calling onReceive: intent=Intent { act=android.intent.action.ANY_DATA_STATE_MOBILE flg=0x10 (has extras) }, ordered=true, receiver=android.net.MobileDataStateTracker$MobileDataStateReceiver@41c446f0, IIntentReceiver=41c448d8
D/MobileDataStateTracker(  663): MobileDataStateReceiver received: ACTION_ANY_DATA_CONNECTION_STATE_CHANGED_MOBILE [cbs]
D/MobileDataStateTracker(  663): cbs: Intent from SIM 1, current SIM 1, current DataState DISCONNECTED
D/MobileDataStateTracker(  663): cbs: cbs setting isAvailable to false
D/MobileDataStateTracker(  663): cbs: Received state=DISCONNECTED, old=DISCONNECTED, reason=2GVoiceCallStarted
D/ActivityThread(  663): BDC-Calling finishReceiver: IIntentReceiver=41c448d8
W/Trace   (  788): Unexpected value from nativeGetEnabledTags: 0
W/Trace   (  788): Unexpected value from nativeGetEnabledTags: 0
W/Trace   (  788): Unexpected value from nativeGetEnabledTags: 0
W/Trace   (  788): Unexpected value from nativeGetEnabledTags: 0
W/Trace   (15482): Unexpected value from nativeGetEnabledTags: 0
W/Trace   (15482): Unexpected value from nativeGetEnabledTags: 0
W/Trace   (  864): Unexpected value from nativeGetEnabledTags: 0
W/Trace   (  864): Unexpected value from nativeGetEnabledTags: 0
W/Trace   (  864): Unexpected value from nativeGetEnabledTags: 0
W/Trace   (  864): Unexpected value from nativeGetEnabledTags: 0
W/Trace   (  663): Unexpected value from nativeGetEnabledTags: 0
W/Trace   (  663): Unexpected value from nativeGetEnabledTags: 0
D/TelephonyRegistry(  663): Received ACTION_ANY_DATA_CONNECTION_STATE_CHANGED_MOBILE
W/ApplicationContext(  663): Calling a method in the system process without a qualified user: android.app.ContextImpl.sendStickyBroadcast:1239 com.android.server.TelephonyRegistry$3.onReceive:800 android.app.LoadedApk$ReceiverDispatcher$Args.run:788 
W/Trace   (  788): Unexpected value from nativeGetEnabledTags: 0
V/ActivityManager(  663): Broadcast sticky: Intent { act=android.intent.action.ANY_DATA_STATE flg=0x10 (has extras) } ordered=false userid=0
W/Trace   (  788): Unexpected value from nativeGetEnabledTags: 0
W/Trace   (  788): Unexpected value from nativeGetEnabledTags: 0
W/Trace   (  788): Unexpected value from nativeGetEnabledTags: 0
D/QuickSettingsConnectionModel(  788): onReceive called, action is android.intent.action.ANY_DATA_STATE
W/Trace   (  663): Unexpected value from nativeGetEnabledTags: 0
D/QuickSettingsConnectionModel(  788): isApnType = false , state = DISCONNECTED , mMobileStateTracker.mGprsTargSim = false , mMobileStateTracker.mIsMmsOngoing = false
W/Trace   (  788): Unexpected value from nativeGetEnabledTags: 0
W/Trace   (  788): Unexpected value from nativeGetEnabledTags: 0
D/SimSwitchPanelView(  788): sim state changed
D/SimSwitchPanelView(  788): mDataConnectionReceiver simId is : 1
D/SimSwitchPanelView(  788): mDataConnectionReceiver state is : DISCONNECTED
D/SimSwitchPanelView(  788): mDataConnectionReceiver reason is : 2GVoiceCallStarted
W/Trace   (  788): Unexpected value from nativeGetEnabledTags: 0
W/Trace   (  788): Unexpected value from nativeGetEnabledTags: 0
D/QuickSettingsConnectionModel(  788): onReceive called, action is android.intent.action.ANY_DATA_STATE
D/QuickSettingsConnectionModel(  788): isApnType = false , state = DISCONNECTED , mMobileStateTracker.mGprsTargSim = false , mMobileStateTracker.mIsMmsOngoing = false
W/Trace   (  788): Unexpected value from nativeGetEnabledTags: 0
W/Trace   (  788): Unexpected value from nativeGetEnabledTags: 0
D/SimSwitchPanelView(  788): sim state changed
D/SimSwitchPanelView(  788): mDataConnectionReceiver simId is : 1
D/SimSwitchPanelView(  788): mDataConnectionReceiver state is : DISCONNECTED
D/SimSwitchPanelView(  788): mDataConnectionReceiver reason is : 2GVoiceCallStarted
W/Trace   (  788): Unexpected value from nativeGetEnabledTags: 0
W/Trace   (  788): Unexpected value from nativeGetEnabledTags: 0
W/Trace   (  788): Unexpected value from nativeGetEnabledTags: 0
D/IPCThreadState( 9483): [DN #5] BR_CLEAR_DEATH_NOTIFICATION_DONE cookie 0x63417f20
W/Trace   (  864): Unexpected value from nativeGetEnabledTags: 0
W/Trace   (15482): Unexpected value from nativeGetEnabledTags: 0
W/Trace   (15482): Unexpected value from nativeGetEnabledTags: 0
V/Provider/Settings( 9483):  from settings cache , name = airplane_mode_on , value = 0
V/Provider/Settings( 9483):  from settings cache , name = gprs_connection_sim_setting , value = 0
D/skia    ( 9483): Flag is not 10
W/Trace   (15482): Unexpected value from nativeGetEnabledTags: 0
W/Trace   (  788): Unexpected value from nativeGetEnabledTags: 0
W/Trace   (15482): Unexpected value from nativeGetEnabledTags: 0
W/Trace   (  788): Unexpected value from nativeGetEnabledTags: 0
W/Trace   (  788): Unexpected value from nativeGetEnabledTags: 0
W/Trace   (  788): Unexpected value from nativeGetEnabledTags: 0
W/Trace   (  788): Unexpected value from nativeGetEnabledTags: 0
W/Trace   (15482): Unexpected value from nativeGetEnabledTags: 0
W/Trace   (15482): Unexpected value from nativeGetEnabledTags: 0
W/Trace   (  864): Unexpected value from nativeGetEnabledTags: 0
W/Trace   (  864): Unexpected value from nativeGetEnabledTags: 0
D/InCallScreen(  864): phone record custom value is0
D/InCallScreen(  864): updateVoiceCallRecordState... state = 0
D/TelephonyManager( 9483): getDefaultSim is sim2
W/Trace   (15482): Unexpected value from nativeGetEnabledTags: 0
W/Trace   (15482): Unexpected value from nativeGetEnabledTags: 0
W/Trace   (  864): Unexpected value from nativeGetEnabledTags: 0
D/ExtensionManager(  864): PhoneGlobalsBroadcastReceiverExtension()
D/PhonePluginExtensionContainer(  864): getPhoneGlobalsBroadcastReceiverExtension()
D/PhoneGlobalsBroadcastReceiverExtensionContainer(  864): onReceive(), sub extension list is null, just return
D/PhoneGlobals(  864): PhoneGlobalsBroadcastReceiver -----action=android.intent.action.ANY_DATA_STATE
D/PhoneGlobals(  864): mReceiver: ACTION_ANY_DATA_CONNECTION_STATE_CHANGED state:DISCONNECTED reason:2GVoiceCallStarted
W/Trace   (  864): Unexpected value from nativeGetEnabledTags: 0
D/NotificationMgr(  864): hideDataDisconnectedRoaming()...
W/Trace   (  788): Unexpected value from nativeGetEnabledTags: 0
D/GsmCellLocation(  864): fillInNotifierBundle:Bundle[{type=1, cid=18135, lac=5911, psc=-1}]
E/CellLocation( 9483): create GsmCellLocation
D/NotificationMgr(  864): hideDataDisconnectedRoaming()...
W/Trace   (  864): Unexpected value from nativeGetEnabledTags: 0
W/Trace   (  864): Unexpected value from nativeGetEnabledTags: 0
W/Trace   (  864): Unexpected value from nativeGetEnabledTags: 0
D/FrameworkListener(  127): dispatchCommand data = (getaddrinfo scan.call.f.360.cn ^ 1024 0 1 0)
W/Trace   (  788): Unexpected value from nativeGetEnabledTags: 0
W/Trace   (  788): Unexpected value from nativeGetEnabledTags: 0
W/Trace   (  788): Unexpected value from nativeGetEnabledTags: 0
D/QuickSettingsConnectionModel(  788): onReceive called, action is android.intent.action.ANY_DATA_STATE
D/libc-netbsd(  127): getaddrinfo: scan.call.f.360.cn NO result from proxy 
D/libc-netbsd(  127): res_queryN name = scan.call.f.360.cn, class = 1, type = 1
D/QuickSettingsConnectionModel(  788): isApnType = false , state = DISCONNECTED , mMobileStateTracker.mGprsTargSim = false , mMobileStateTracker.mIsMmsOngoing = false
W/Trace   (  788): Unexpected value from nativeGetEnabledTags: 0
W/Trace   (  788): Unexpected value from nativeGetEnabledTags: 0
D/SimSwitchPanelView(  788): sim state changed
D/SimSwitchPanelView(  788): mDataConnectionReceiver simId is : 1
D/SimSwitchPanelView(  788): mDataConnectionReceiver state is : DISCONNECTED
D/SimSwitchPanelView(  788): mDataConnectionReceiver reason is : 2GVoiceCallStarted
W/Trace   (  788): Unexpected value from nativeGetEnabledTags: 0
W/Trace   (  788): Unexpected value from nativeGetEnabledTags: 0
W/Trace   (  788): Unexpected value from nativeGetEnabledTags: 0
W/Trace   (  788): Unexpected value from nativeGetEnabledTags: 0
W/Trace   (  788): Unexpected value from nativeGetEnabledTags: 0
W/Trace   (  788): Unexpected value from nativeGetEnabledTags: 0
W/Trace   (  788): Unexpected value from nativeGetEnabledTags: 0
W/Trace   (  788): Unexpected value from nativeGetEnabledTags: 0
W/Trace   (  864): Unexpected value from nativeGetEnabledTags: 0
W/Trace   (  864): Unexpected value from nativeGetEnabledTags: 0
W/Trace   (  864): Unexpected value from nativeGetEnabledTags: 0
W/Trace   (  864): Unexpected value from nativeGetEnabledTags: 0
W/Trace   (  788): Unexpected value from nativeGetEnabledTags: 0
W/Trace   (  864): Unexpected value from nativeGetEnabledTags: 0
W/Trace   (  864): Unexpected value from nativeGetEnabledTags: 0
W/Trace   (  864): Unexpected value from nativeGetEnabledTags: 0
W/Trace   (  864): Unexpected value from nativeGetEnabledTags: 0
D/ExtensionManager(  864): PhoneGlobalsBroadcastReceiverExtension()
D/PhonePluginExtensionContainer(  864): getPhoneGlobalsBroadcastReceiverExtension()
D/PhoneGlobalsBroadcastReceiverExtensionContainer(  864): onReceive(), sub extension list is null, just return
D/PhoneGlobals(  864): PhoneGlobalsBroadcastReceiver -----action=android.intent.action.ANY_DATA_STATE
D/PhoneGlobals(  864): mReceiver: ACTION_ANY_DATA_CONNECTION_STATE_CHANGED state:DISCONNECTED reason:2GVoiceCallStarted
W/Trace   (  864): Unexpected value from nativeGetEnabledTags: 0
W/Trace   (  864): Unexpected value from nativeGetEnabledTags: 0
D/ExtensionManager(  864): PhoneGlobalsBroadcastReceiverExtension()
D/PhonePluginExtensionContainer(  864): getPhoneGlobalsBroadcastReceiverExtension()
D/PhoneGlobalsBroadcastReceiverExtensionContainer(  864): onReceive(), sub extension list is null, just return
D/PhoneGlobals(  864): PhoneGlobalsBroadcastReceiver -----action=android.intent.action.ANY_DATA_STATE
D/PhoneGlobals(  864): mReceiver: ACTION_ANY_DATA_CONNECTION_STATE_CHANGED state:DISCONNECTED reason:2GVoiceCallStarted
W/Trace   (  864): Unexpected value from nativeGetEnabledTags: 0
W/Trace   (  864): Unexpected value from nativeGetEnabledTags: 0
D/ExtensionManager(  864): PhoneGlobalsBroadcastReceiverExtension()
D/PhonePluginExtensionContainer(  864): getPhoneGlobalsBroadcastReceiverExtension()
D/PhoneGlobalsBroadcastReceiverExtensionContainer(  864): onReceive(), sub extension list is null, just return
D/PhoneGlobals(  864): PhoneGlobalsBroadcastReceiver -----action=android.intent.action.ANY_DATA_STATE
D/PhoneGlobals(  864): mReceiver: ACTION_ANY_DATA_CONNECTION_STATE_CHANGED state:DISCONNECTED reason:2GVoiceCallStarted
W/Trace   (  864): Unexpected value from nativeGetEnabledTags: 0
D/NotificationMgr(  864): hideDataDisconnectedRoaming()...
D/ContactsProvider(30227): query process pond for dialer search: content://com.android.contacts/contacts
D/ContactsProvider(30227): revised match: 1000
W/Trace   (  788): Unexpected value from nativeGetEnabledTags: 0
W/Trace   (  788): Unexpected value from nativeGetEnabledTags: 0
W/Trace   (  788): Unexpected value from nativeGetEnabledTags: 0
W/Trace   (  788): Unexpected value from nativeGetEnabledTags: 0
W/Trace   (  788): Unexpected value from nativeGetEnabledTags: 0
W/Trace   (  788): Unexpected value from nativeGetEnabledTags: 0
W/Trace   (  864): Unexpected value from nativeGetEnabledTags: 0
W/Trace   (  788): Unexpected value from nativeGetEnabledTags: 0
W/Trace   (  864): Unexpected value from nativeGetEnabledTags: 0
W/Trace   (  788): Unexpected value from nativeGetEnabledTags: 0
W/Trace   (  864): Unexpected value from nativeGetEnabledTags: 0
W/Trace   (  788): Unexpected value from nativeGetEnabledTags: 0
W/Trace   (  788): Unexpected value from nativeGetEnabledTags: 0
I/ContactsProvider(30227): SELECT _id FROM view_contacts WHERE ((1))CURSOR COUNT = 219
D/libc-netbsd(  127): res_queryN name = scan.call.f.360.cn succeed
D/SocketClient(  127): SocketClient sendDatalocked done: 222
D/SocketClient(  127): SocketClient sendDatalocked done: 
D/SocketClient(  127): SocketClient sendDatalocked done: 
D/SocketClient(  127): SocketClient sendDatalocked done: 
D/SocketClient(  127): SocketClient sendDatalocked done: 
D/SocketClient(  127): SocketClient sendDatalocked done: 
D/SocketClient(  127): SocketClient sendDatalocked done: 
D/SocketClient(  127): SocketClient sendDatalocked done: 
D/SocketClient(  127): SocketClient sendDatalocked done: 
D/SocketClient(  127): SocketClient sendDatalocked done: 
D/SocketClient(  127): SocketClient sendDatalocked done: 
D/SocketClient(  127): SocketClient sendDatalocked done: 
D/libc-netbsd( 9483): getaddrinfo: scan.call.f.360.cn get result from proxy >>
D/dalvikvm( 9483): GC_CONCURRENT freed 842K, 45% free 5371K/9640K, paused 4ms+6ms, total 55ms
D/IPCThreadState(30227): [DN #5] BR_CLEAR_DEATH_NOTIFICATION_DONE cookie 0x5e2b2800
D/dalvikvm( 9483): WAIT_FOR_CONCURRENT_GC blocked 34ms
D/IPCThreadState(  663): [DN #5] BR_CLEAR_DEATH_NOTIFICATION_DONE cookie 0x61cb8908
D/skia    ( 9483): Flag is not 10
I/System.out( 9483): propertyValue:true
D/skia    ( 9483): Flag is not 10
W/Trace   (  864): Unexpected value from nativeGetEnabledTags: 0
W/Trace   (  864): Unexpected value from nativeGetEnabledTags: 0
W/Trace   (  864): Unexpected value from nativeGetEnabledTags: 0
W/Trace   (  864): Unexpected value from nativeGetEnabledTags: 0
V/Provider/Settings( 9483):  from settings cache , name = location_providers_allowed , value = gps
D/skia    ( 9483): Flag is not 10
W/Trace   (  788): Unexpected value from nativeGetEnabledTags: 0
W/Trace   (  788): Unexpected value from nativeGetEnabledTags: 0
W/Trace   (  788): Unexpected value from nativeGetEnabledTags: 0
W/Trace   (  788): Unexpected value from nativeGetEnabledTags: 0
W/Trace   (  788): Unexpected value from nativeGetEnabledTags: 0
W/Trace   (  788): Unexpected value from nativeGetEnabledTags: 0
W/Trace   (  788): Unexpected value from nativeGetEnabledTags: 0
W/Trace   (  788): Unexpected value from nativeGetEnabledTags: 0
W/Trace   (  788): Unexpected value from nativeGetEnabledTags: 0
D/skia    ( 9483): Flag is not 10
W/Trace   (  788): Unexpected value from nativeGetEnabledTags: 0
D/skia    (15482): Flag is not 10
W/Trace   (  864): Unexpected value from nativeGetEnabledTags: 0
D/skia    (15482): Flag is not 10
W/Trace   (  864): Unexpected value from nativeGetEnabledTags: 0
W/Trace   (  864): Unexpected value from nativeGetEnabledTags: 0
V/Provider/Settings( 9483):  from settings cache , name = accelerometer_rotation , value = 1
D/NotificationMgr(  864): hideDataDisconnectedRoaming()...
D/NotificationMgr(  864): hideDataDisconnectedRoaming()...
D/skia    ( 9483): Flag is not 10
D/NotificationMgr(  864): hideDataDisconnectedRoaming()...
D/skia    (15482): Flag is not 10
W/Trace   (  864): Unexpected value from nativeGetEnabledTags: 0
W/Trace   (  864): Unexpected value from nativeGetEnabledTags: 0
W/Trace   (  864): Unexpected value from nativeGetEnabledTags: 0
D/skia    ( 9483): Flag is not 10
D/skia    (15482): Flag is not 10
D/skia    ( 9483): Flag is not 10
W/Trace   (  788): Unexpected value from nativeGetEnabledTags: 0
D/skia    (15482): Flag is not 10
W/Trace   (  788): Unexpected value from nativeGetEnabledTags: 0
W/Trace   (  788): Unexpected value from nativeGetEnabledTags: 0
W/Trace   (  788): Unexpected value from nativeGetEnabledTags: 0
W/Trace   (  788): Unexpected value from nativeGetEnabledTags: 0
W/Trace   (  788): Unexpected value from nativeGetEnabledTags: 0
W/Trace   (  788): Unexpected value from nativeGetEnabledTags: 0
W/Trace   (  788): Unexpected value from nativeGetEnabledTags: 0
W/Trace   (  788): Unexpected value from nativeGetEnabledTags: 0
W/Trace   (  788): Unexpected value from nativeGetEnabledTags: 0
I/System.out( 9483): [CDS]close[44226]
W/Trace   (  864): Unexpected value from nativeGetEnabledTags: 0
W/Trace   ( 9483): Unexpected value from nativeGetEnabledTags: 0
W/Trace   ( 9483): Unexpected value from nativeGetEnabledTags: 0
V/Provider/Settings( 9483):  from settings cache , name = screen_brightness_mode , value = 0
V/Provider/Settings( 9483):  from settings cache , name = screen_brightness , value = 128
D/skia    ( 9483): Flag is not 10
W/Trace   (  864): Unexpected value from nativeGetEnabledTags: 0
W/Trace   (  864): Unexpected value from nativeGetEnabledTags: 0
W/Trace   (  864): Unexpected value from nativeGetEnabledTags: 0
D/dalvikvm(15482): GC_CONCURRENT freed 225K, 13% free 2832K/3236K, paused 2ms+1ms, total 25ms
D/skia    ( 9483): Flag is not 10
V/Provider/Settings( 9483):  from settings cache , name = airplane_mode_on , value = 0
W/Trace   (  788): Unexpected value from nativeGetEnabledTags: 0
W/Trace   (  788): Unexpected value from nativeGetEnabledTags: 0
W/Trace   (  788): Unexpected value from nativeGetEnabledTags: 0
W/Trace   (  788): Unexpected value from nativeGetEnabledTags: 0
W/Trace   (  788): Unexpected value from nativeGetEnabledTags: 0
V/Provider/Settings( 9483):  from settings cache , name = gprs_connection_sim_setting , value = 0
W/Trace   (  788): Unexpected value from nativeGetEnabledTags: 0
W/Trace   (  788): Unexpected value from nativeGetEnabledTags: 0
W/Trace   (  788): Unexpected value from nativeGetEnabledTags: 0
W/Trace   (  788): Unexpected value from nativeGetEnabledTags: 0
D/skia    ( 9483): Flag is not 10
W/Trace   (  788): Unexpected value from nativeGetEnabledTags: 0
D/IPCThreadState( 9483): [DN #5] BR_CLEAR_DEATH_NOTIFICATION_DONE cookie 0x613b02d0
D/IPCThreadState(  663): [DN #5] BR_CLEAR_DEATH_NOTIFICATION_DONE cookie 0x5c87b198
D/skia    ( 9483): Flag is not 10
W/Trace   (  864): Unexpected value from nativeGetEnabledTags: 0
W/Trace   (  864): Unexpected value from nativeGetEnabledTags: 0
W/Trace   (  864): Unexpected value from nativeGetEnabledTags: 0
W/Trace   (  864): Unexpected value from nativeGetEnabledTags: 0
W/Trace   (  864): Unexpected value from nativeGetEnabledTags: 0
W/Trace   (  864): Unexpected value from nativeGetEnabledTags: 0
D/skia    ( 9483): Flag is not 10
V/Provider/Settings( 9483):  from settings cache , name = location_providers_allowed , value = gps
D/skia    ( 9483): Flag is not 10
W/Trace   (  788): Unexpected value from nativeGetEnabledTags: 0
W/Trace   (  788): Unexpected value from nativeGetEnabledTags: 0
W/Trace   (  788): Unexpected value from nativeGetEnabledTags: 0
W/Trace   (  788): Unexpected value from nativeGetEnabledTags: 0
W/Trace   (  788): Unexpected value from nativeGetEnabledTags: 0
D/skia    ( 9483): Flag is not 10
W/Trace   (  788): Unexpected value from nativeGetEnabledTags: 0
W/Trace   (  788): Unexpected value from nativeGetEnabledTags: 0
W/Trace   (  788): Unexpected value from nativeGetEnabledTags: 0
W/Trace   (  788): Unexpected value from nativeGetEnabledTags: 0
W/Trace   (  788): Unexpected value from nativeGetEnabledTags: 0
V/Provider/Settings( 9483):  from settings cache , name = accelerometer_rotation , value = 1
W/Trace   (  864): Unexpected value from nativeGetEnabledTags: 0
W/Trace   (  864): Unexpected value from nativeGetEnabledTags: 0
W/Trace   (  864): Unexpected value from nativeGetEnabledTags: 0
W/Trace   (  864): Unexpected value from nativeGetEnabledTags: 0
D/skia    ( 9483): Flag is not 10
D/skia    ( 9483): Flag is not 10
D/skia    ( 9483): Flag is not 10
W/Trace   (  788): Unexpected value from nativeGetEnabledTags: 0
W/Trace   (  788): Unexpected value from nativeGetEnabledTags: 0
W/Trace   (  788): Unexpected value from nativeGetEnabledTags: 0
W/Trace   (  788): Unexpected value from nativeGetEnabledTags: 0
W/Trace   (  788): Unexpected value from nativeGetEnabledTags: 0
W/Trace   (  788): Unexpected value from nativeGetEnabledTags: 0
W/Trace   (  788): Unexpected value from nativeGetEnabledTags: 0
W/Trace   (  788): Unexpected value from nativeGetEnabledTags: 0
W/Trace   (  788): Unexpected value from nativeGetEnabledTags: 0
W/Trace   (  788): Unexpected value from nativeGetEnabledTags: 0
W/Trace   ( 9483): Unexpected value from nativeGetEnabledTags: 0
W/Trace   ( 9483): Unexpected value from nativeGetEnabledTags: 0
V/Provider/Settings( 9483):  from settings cache , name = screen_brightness_mode , value = 0
V/Provider/Settings( 9483):  from settings cache , name = screen_brightness , value = 128
D/skia    ( 9483): Flag is not 10
W/Trace   (  864): Unexpected value from nativeGetEnabledTags: 0
W/Trace   (  864): Unexpected value from nativeGetEnabledTags: 0
W/Trace   (  864): Unexpected value from nativeGetEnabledTags: 0
W/Trace   (  864): Unexpected value from nativeGetEnabledTags: 0
W/Trace   (  864): Unexpected value from nativeGetEnabledTags: 0
W/Trace   (  864): Unexpected value from nativeGetEnabledTags: 0
W/Trace   (  788): Unexpected value from nativeGetEnabledTags: 0
W/Trace   (  788): Unexpected value from nativeGetEnabledTags: 0
W/Trace   (  788): Unexpected value from nativeGetEnabledTags: 0
W/Trace   (  788): Unexpected value from nativeGetEnabledTags: 0
W/Trace   (  788): Unexpected value from nativeGetEnabledTags: 0
W/Trace   (  788): Unexpected value from nativeGetEnabledTags: 0
W/Trace   (  788): Unexpected value from nativeGetEnabledTags: 0
W/Trace   (  788): Unexpected value from nativeGetEnabledTags: 0
W/Trace   (  788): Unexpected value from nativeGetEnabledTags: 0
W/Trace   (  788): Unexpected value from nativeGetEnabledTags: 0
W/Trace   (  864): Unexpected value from nativeGetEnabledTags: 0
W/Trace   (  864): Unexpected value from nativeGetEnabledTags: 0
W/Trace   (  864): Unexpected value from nativeGetEnabledTags: 0
W/Trace   (  864): Unexpected value from nativeGetEnabledTags: 0
W/Trace   (  788): Unexpected value from nativeGetEnabledTags: 0
W/Trace   (  788): Unexpected value from nativeGetEnabledTags: 0
W/Trace   (  788): Unexpected value from nativeGetEnabledTags: 0
W/Trace   ( 9069): Unexpected value from nativeGetEnabledTags: 0
W/Trace   ( 9069): Unexpected value from nativeGetEnabledTags: 0
W/Trace   (  788): Unexpected value from nativeGetEnabledTags: 0
W/Trace   (  788): Unexpected value from nativeGetEnabledTags: 0
W/Trace   (  788): Unexpected value from nativeGetEnabledTags: 0
W/Trace   (  788): Unexpected value from nativeGetEnabledTags: 0
W/Trace   (  788): Unexpected value from nativeGetEnabledTags: 0
W/Trace   (  788): Unexpected value from nativeGetEnabledTags: 0
W/Trace   (  788): Unexpected value from nativeGetEnabledTags: 0
W/Trace   (  864): Unexpected value from nativeGetEnabledTags: 0
W/Trace   (  864): Unexpected value from nativeGetEnabledTags: 0
W/Trace   (  864): Unexpected value from nativeGetEnabledTags: 0
D/dalvikvm( 9483): GC_CONCURRENT freed 859K, 44% free 5425K/9640K, paused 3ms+4ms, total 47ms
D/dalvikvm( 9483): WAIT_FOR_CONCURRENT_GC blocked 33ms
W/Trace   (  864): Unexpected value from nativeGetEnabledTags: 0
W/Trace   (  864): Unexpected value from nativeGetEnabledTags: 0
W/Trace   (  864): Unexpected value from nativeGetEnabledTags: 0
D/skia    ( 9483): Flag is not 10
V/Provider/Settings( 9483):  from settings cache , name = airplane_mode_on , value = 0
V/Provider/Settings( 9483):  from settings cache , name = gprs_connection_sim_setting , value = 0
D/skia    ( 9483): Flag is not 10
W/Trace   (  788): Unexpected value from nativeGetEnabledTags: 0
W/Trace   (  788): Unexpected value from nativeGetEnabledTags: 0
W/Trace   (  864): Unexpected value from nativeGetEnabledTags: 0
W/Trace   (  864): Unexpected value from nativeGetEnabledTags: 0
W/Trace   (  864): Unexpected value from nativeGetEnabledTags: 0
W/Trace   (  864): Unexpected value from nativeGetEnabledTags: 0
D/skia    ( 9483): Flag is not 10
D/NativeCrypto(15482): NativeCrypto_EVP_VerifyInit ctx=0x5c897748
D/NativeCrypto(15482): NativeCrypto_EVP_VerifyInit algorithmChars=RSA-SHA1
D/skia    ( 9483): Flag is not 10
V/Provider/Settings( 9483):  from settings cache , name = location_providers_allowed , value = gps
D/skia    ( 9483): Flag is not 10
D/skia    ( 9483): Flag is not 10
D/dalvikvm(15482): open_cached_dex_file : /data/data/com.qihoo360.mobilesafe/files/Dual/dmss_v2_server.jar /data/data/com.qihoo360.mobilesafe/files/Dual/dmss_v2_server.dex
V/Provider/Settings( 9483):  from settings cache , name = accelerometer_rotation , value = 1
D/skia    ( 9483): Flag is not 10
W/Trace   (  864): Unexpected value from nativeGetEnabledTags: 0
I/dalvikvm(15482): Could not find method com.qihoo360.mobilesafe.dual.DualMainEntry.getHostAppUtils, referenced from method com.qihoo360.mobilesafe.telephonyfactory.DualModuleImpl.a
W/dalvikvm(15482): VFY: unable to resolve static method 111: Lcom/qihoo360/mobilesafe/dual/DualMainEntry;.getHostAppUtils ()Lcom/qihoo360/mobilesafe/dual/IHostAppUtils;
D/dalvikvm(15482): VFY: replacing opcode 0x71 at 0x0057
I/dalvikvm(15482): Could not find method com.qihoo360.mobilesafe.dual.DualMainEntry.getHostAppUtils, referenced from method com.qihoo360.mobilesafe.telephonyfactory.DualModuleImpl.a
W/dalvikvm(15482): VFY: unable to resolve static method 111: Lcom/qihoo360/mobilesafe/dual/DualMainEntry;.getHostAppUtils ()Lcom/qihoo360/mobilesafe/dual/IHostAppUtils;
D/dalvikvm(15482): VFY: replacing opcode 0x71 at 0x00b7
W/Trace   (  864): Unexpected value from nativeGetEnabledTags: 0
W/Trace   (  864): Unexpected value from nativeGetEnabledTags: 0
D/CallManager(  864):  handleMessage msgid:204
D/CallManager(  864):  handleMessage (EVENT_INCOMING_RING)
D/CallManager(  864):  handleMessage msgid:223
D/CallManager(  864):  handleMessage (EVENT_CRSS_SUPP_SERVICE_NOTIFICATION)
D/skia    ( 9483): Flag is not 10
W/Trace   (  864): Unexpected value from nativeGetEnabledTags: 0
W/Trace   (  864): Unexpected value from nativeGetEnabledTags: 0
W/Trace   (  864): Unexpected value from nativeGetEnabledTags: 0
I/dalvikvm(15482): Could not find method com.qihoo360.mobilesafe.dual.DualMainEntry.getHostAppUtils, referenced from method com.qihoo360.mobilesafe.telephonyfactory.DualModuleImpl.initForCache
W/dalvikvm(15482): VFY: unable to resolve static method 111: Lcom/qihoo360/mobilesafe/dual/DualMainEntry;.getHostAppUtils ()Lcom/qihoo360/mobilesafe/dual/IHostAppUtils;
D/dalvikvm(15482): VFY: replacing opcode 0x71 at 0x0001
D/SettingsProvider(  663): call request for 0
V/SettingsProvider(  663): call(system:sms_sim_setting) for 0
D/SettingsProvider(  663): lookupValue table system cache contains Key sms_sim_setting , value = Bundle[{value=1}]
V/Provider/Settings(  864): from db cache, name = sms_sim_setting , value = 1
I/TelephonyProvider(  864): initDatabaseIfNeeded begin content://telephony/siminfo/1
I/TelephonyProvider(  864): initDatabaseIfNeeded end content://telephony/siminfo/1
D/skia    ( 9483): Flag is not 10
D/IPCThreadState(  663): [DN #5] BR_CLEAR_DEATH_NOTIFICATION_DONE cookie 0x5d737810
W/Trace   ( 9483): Unexpected value from nativeGetEnabledTags: 0
W/Trace   ( 9483): Unexpected value from nativeGetEnabledTags: 0
V/Provider/Settings( 9483):  from settings cache , name = screen_brightness_mode , value = 0
V/Provider/Settings( 9483):  from settings cache , name = screen_brightness , value = 128
D/skia    ( 9483): Flag is not 10
W/Trace   (  864): Unexpected value from nativeGetEnabledTags: 0
W/Trace   (  864): Unexpected value from nativeGetEnabledTags: 0
W/Trace   (  864): Unexpected value from nativeGetEnabledTags: 0
W/Trace   (  864): Unexpected value from nativeGetEnabledTags: 0
D/skia    ( 9483): Flag is not 10
E/dalvikvm(15482): Could not find class 'com.qihoo360.mobilesafe.telephony_htc328.TelephoneEnv', referenced from method com.qihoo360.mobilesafe.dualphonesdk.k.a
W/dalvikvm(15482): VFY: unable to resolve new-instance 90 (Lcom/qihoo360/mobilesafe/telephony_htc328/TelephoneEnv;) in Lcom/qihoo360/mobilesafe/dualphonesdk/k;
D/dalvikvm(15482): VFY: replacing opcode 0x22 at 0x0061
V/Provider/Settings( 9483):  from settings cache , name = airplane_mode_on , value = 0
V/Provider/Settings( 9483):  from settings cache , name = gprs_connection_sim_setting , value = 0
D/skia    ( 9483): Flag is not 10
E/dalvikvm(15482): Could not find class 'com.qihoo360.mobilesafe.telephony_coolpad7260.TelephoneEnv', referenced from method com.qihoo360.mobilesafe.dualphonesdk.k.a
W/dalvikvm(15482): VFY: unable to resolve new-instance 88 (Lcom/qihoo360/mobilesafe/telephony_coolpad7260/TelephoneEnv;) in Lcom/qihoo360/mobilesafe/dualphonesdk/k;
D/dalvikvm(15482): VFY: replacing opcode 0x22 at 0x0074
D/MobileDataStateTracker(  663): default: getNetworkInfo: updated IsAvailable=false
D/MobileDataStateTracker(  663): default: getNetworkInfo: updated IsAvailable=false
D/MobileDataStateTracker(  663): mms: getNetworkInfo: updated IsAvailable=false
D/skia    ( 9483): Flag is not 10
D/MobileDataStateTracker(  663): mms: getNetworkInfo: updated IsAvailable=false
D/MobileDataStateTracker(  663): supl: getNetworkInfo: updated IsAvailable=false
D/MobileDataStateTracker(  663): supl: getNetworkInfo: updated IsAvailable=false
E/dalvikvm(15482): Could not find class 'com.qihoo360.mobilesafe.telephony_coolpad.TelephoneEnv', referenced from method com.qihoo360.mobilesafe.dualphonesdk.k.a
W/dalvikvm(15482): VFY: unable to resolve new-instance 86 (Lcom/qihoo360/mobilesafe/telephony_coolpad/TelephoneEnv;) in Lcom/qihoo360/mobilesafe/dualphonesdk/k;
D/dalvikvm(15482): VFY: replacing opcode 0x22 at 0x0087
E/dalvikvm(15482): Could not find class 'com.qihoo360.mobilesafe.telephony_samsung.TelephoneEnv', referenced from method com.qihoo360.mobilesafe.dualphonesdk.k.a
W/dalvikvm(15482): VFY: unable to resolve new-instance 104 (Lcom/qihoo360/mobilesafe/telephony_samsung/TelephoneEnv;) in Lcom/qihoo360/mobilesafe/dualphonesdk/k;
D/dalvikvm(15482): VFY: replacing opcode 0x22 at 0x009a
D/MobileDataStateTracker(  663): dun: getNetworkInfo: updated IsAvailable=false
D/MobileDataStateTracker(  663): dun: getNetworkInfo: updated IsAvailable=false
E/dalvikvm(15482): Could not find class 'com.qihoo360.mobilesafe.telephony_xt928.TelephoneEnv', referenced from method com.qihoo360.mobilesafe.dualphonesdk.k.a
W/dalvikvm(15482): VFY: unable to resolve new-instance 118 (Lcom/qihoo360/mobilesafe/telephony_xt928/TelephoneEnv;) in Lcom/qihoo360/mobilesafe/dualphonesdk/k;
D/dalvikvm(15482): VFY: replacing opcode 0x22 at 0x00ad
D/MobileDataStateTracker(  663): hipri: getNetworkInfo: updated IsAvailable=false
D/MobileDataStateTracker(  663): hipri: getNetworkInfo: updated IsAvailable=false
D/MobileDataStateTracker(  663): fota: getNetworkInfo: updated IsAvailable=false
D/MobileDataStateTracker(  663): fota: getNetworkInfo: updated IsAvailable=false
D/skia    ( 9483): Flag is not 10
E/dalvikvm(15482): Could not find class 'com.qihoo360.mobilesafe.telephony_qrd.TelephoneEnv', referenced from method com.qihoo360.mobilesafe.dualphonesdk.k.a
W/dalvikvm(15482): VFY: unable to resolve new-instance 100 (Lcom/qihoo360/mobilesafe/telephony_qrd/TelephoneEnv;) in Lcom/qihoo360/mobilesafe/dualphonesdk/k;
D/dalvikvm(15482): VFY: replacing opcode 0x22 at 0x00bf
D/MobileDataStateTracker(  663): ims: getNetworkInfo: updated IsAvailable=false
E/dalvikvm(15482): Could not find class 'com.qihoo360.mobilesafe.telephony_qrd_msm7x27a.TelephoneEnv', referenced from method com.qihoo360.mobilesafe.dualphonesdk.k.a
W/dalvikvm(15482): VFY: unable to resolve new-instance 102 (Lcom/qihoo360/mobilesafe/telephony_qrd_msm7x27a/TelephoneEnv;) in Lcom/qihoo360/mobilesafe/dualphonesdk/k;
D/dalvikvm(15482): VFY: replacing opcode 0x22 at 0x00d3
D/MobileDataStateTracker(  663): ims: getNetworkInfo: updated IsAvailable=false
D/MobileDataStateTracker(  663): cbs: getNetworkInfo: updated IsAvailable=false
D/MobileDataStateTracker(  663): cbs: getNetworkInfo: updated IsAvailable=false
D/MobileDataStateTracker(  663): dm: getNetworkInfo: updated IsAvailable=false
E/dalvikvm(15482): Could not find class 'com.qihoo360.mobilesafe.telephony_sp.TelephoneEnv', referenced from method com.qihoo360.mobilesafe.dualphonesdk.k.a
W/dalvikvm(15482): VFY: unable to resolve new-instance 114 (Lcom/qihoo360/mobilesafe/telephony_sp/TelephoneEnv;) in Lcom/qihoo360/mobilesafe/dualphonesdk/k;
D/dalvikvm(15482): VFY: replacing opcode 0x22 at 0x00e7
D/MobileDataStateTracker(  663): dm: getNetworkInfo: updated IsAvailable=false
D/MobileDataStateTracker(  663): wap: getNetworkInfo: updated IsAvailable=false
E/dalvikvm(15482): Could not find class 'com.qihoo360.mobilesafe.telephony_sc.TelephoneEnv', referenced from method com.qihoo360.mobilesafe.dualphonesdk.k.a
W/dalvikvm(15482): VFY: unable to resolve new-instance 112 (Lcom/qihoo360/mobilesafe/telephony_sc/TelephoneEnv;) in Lcom/qihoo360/mobilesafe/dualphonesdk/k;
D/dalvikvm(15482): VFY: replacing opcode 0x22 at 0x00fb
D/MobileDataStateTracker(  663): wap: getNetworkInfo: updated IsAvailable=false
E/dalvikvm(15482): Could not find class 'com.qihoo360.mobilesafe.telephony_samsung_note.TelephoneEnv', referenced from method com.qihoo360.mobilesafe.dualphonesdk.k.a
W/dalvikvm(15482): VFY: unable to resolve new-instance 110 (Lcom/qihoo360/mobilesafe/telephony_samsung_note/TelephoneEnv;) in Lcom/qihoo360/mobilesafe/dualphonesdk/k;
D/dalvikvm(15482): VFY: replacing opcode 0x22 at 0x010f
E/dalvikvm(15482): Could not find class 'com.qihoo360.mobilesafe.telephony_samsung_mrvl.TelephoneEnv', referenced from method com.qihoo360.mobilesafe.dualphonesdk.k.a
W/dalvikvm(15482): VFY: unable to resolve new-instance 108 (Lcom/qihoo360/mobilesafe/telephony_samsung_mrvl/TelephoneEnv;) in Lcom/qihoo360/mobilesafe/dualphonesdk/k;
D/dalvikvm(15482): VFY: replacing opcode 0x22 at 0x0123
D/MobileDataStateTracker(  663): net: getNetworkInfo: updated IsAvailable=false
D/MobileDataStateTracker(  663): net: getNetworkInfo: updated IsAvailable=false
D/MobileDataStateTracker(  663): cmmail: getNetworkInfo: updated IsAvailable=false
V/Provider/Settings( 9483):  from settings cache , name = location_providers_allowed , value = gps
W/Trace   (  864): Unexpected value from nativeGetEnabledTags: 0
D/MobileDataStateTracker(  663): cmmail: getNetworkInfo: updated IsAvailable=false
D/MobileDataStateTracker(  663): rcse: getNetworkInfo: updated IsAvailable=false
D/skia    ( 9483): Flag is not 10
D/MobileDataStateTracker(  663): rcse: getNetworkInfo: updated IsAvailable=false
W/Trace   (  864): Unexpected value from nativeGetEnabledTags: 0
W/Trace   (  864): Unexpected value from nativeGetEnabledTags: 0
D/CallNotifier(  864): PHONE_INCOMING_RING ! 
D/PhoneUtils(  864): getShouldSendToVoiceMailFlag()
D/PhoneUtils(  864): instanceof CallerInfo, flag is false
D/PhoneUtils(  864): setAudioMode()...RINGING
D/CallManager(  864): setAudioMode enter...
D/CallManager(  864): set mode = 1, current mode = 0
D/CallManager(  864): requestAudioFocus on STREAM_RING
I/AudioService(  663):  AudioFocus  requestAudioFocus() from AudioFocus_For_Phone_Ring_And_Calls
D/dalvikvm(  864): create interp thread : stack size=32KB
D/dalvikvm(  864): create new thread
D/dalvikvm(  864): new thread created
D/dalvikvm(  864): update thread list
E/dalvikvm(15482): Could not find class 'com.qihoo360.mobilesafe.telephony_samsung_gt.TelephoneEnv', referenced from method com.qihoo360.mobilesafe.dualphonesdk.k.a
W/dalvikvm(15482): VFY: unable to resolve new-instance 106 (Lcom/qihoo360/mobilesafe/telephony_samsung_gt/TelephoneEnv;) in Lcom/qihoo360/mobilesafe/dualphonesdk/k;
D/dalvikvm(15482): VFY: replacing opcode 0x22 at 0x0137
D/dalvikvm(  864): threadid=46: interp stack at 0x607da000
D/dalvikvm(  864): threadid=46: created from interp
D/dalvikvm(  864): start new thread
D/CallManager(  864): set AudioManager mode 1
D/AudioService(  663): setMode: mode = 1
E/dalvikvm(15482): Could not find class 'com.qihoo360.mobilesafe.telephony_leadcore.TelephoneEnv', referenced from method com.qihoo360.mobilesafe.dualphonesdk.k.a
W/dalvikvm(15482): VFY: unable to resolve new-instance 94 (Lcom/qihoo360/mobilesafe/telephony_leadcore/TelephoneEnv;) in Lcom/qihoo360/mobilesafe/dualphonesdk/k;
D/dalvikvm(15482): VFY: replacing opcode 0x22 at 0x014b
D/dalvikvm(  864): threadid=46: notify debugger
D/dalvikvm(  864): threadid=46 (Thread-88): calling run()
D/AudioPolicyService(  135): +setPhoneState() tid 469
D/AudioFlinger(  135): +setMode mode=1
D/AudioMTKHardware(  135): +setMode(), mode = 1, waiting for mSetModeLock
D/AudioMTKHardware(  135): +setMode(), mode = 1
D/AudioMTKHardware(  135): -setMode(), mode = 1
D/AudioMTKHardware(  135): +doSetMode(), mMode = 0, mNextMode = 1, waiting for mSetModeLock
D/AudioMTKHardware(  135): +doSetMode(), mMode = 0, mNextMode = 1
D/AudioResourceManager(  135): SetAudioMode Mode = 0x1
D/AudioMTKHardware(  135): -doSetMode(), mMode = 1, mNextMode = -1
D/AudioFlinger(  135): -setMode mode=1
D/AudioMTKPolicyManager(  135): setPhoneState() state 1
D/AudioMTKPolicyManager(  135): getNewDevice() selected device 0 output= 2
D/AudioMTKPolicyManager(  135): setOutputDevice() output 2 device 0000 delayMs 0
D/AudioMTKPolicyManager(  135): checkDeviceMuteStrategies outputDesc = 0x4212f7c8 prevDevice = 2 delayMs = 0
D/AudioMTKPolicyManager(  135): setOutputDevice() setting same device 0000 or null device for output 2
D/AudioPolicyService(  135): -setPhoneState() tid 469
D/PhoneInterfaceManager(  864): state = RINGING
D/AudioMTKHardware(  135): +getParameters(), keys = GetFmEnable
D/AudioMTKHardware(  135): +getParameters mFmStatus:0, mFmDigitalStatus:0 
D/AudioMTKHardware(  135): MT66xx GetFmPowerInfo
D/AudioMTKHardware(  135): FmStatusFd return  false
D/AudioMTKHardware(  135): -getParameters(), keyValuePairs = GetFmEnable=false
D/A2dpAudioInterface(  135): getParameters() 
D/AudioService(  663): isFmOn GetFmEnable=false
V/AudioService(  663): getActiveStreamType: Forcing STREAM_RING b/c default
D/AudioService(  663): applyDeviceVolumemStreamType:2,device:2
D/PhoneInterfaceManager(  864): state = RINGING
D/CallManager(  864): Call state for Accdet is 1
D/dalvikvm(  864): threadid=46: exiting
D/AudioMTKPolicyManager(  135): setStreamVolumeIndex stream = 2 index = 1 device = 0x2
D/AudioMTKPolicyManager(  135):  checkAndSetVolume stream = 2 index = 1 output = 2 device = 0x2 delayMs = 0 force = 0
D/AudioMTKPolicyManager(  135): getNewDevice() selected device 0 output= 2
D/AudioService(  663): applyDeviceVolumemStreamType:9,device:2
D/AudioMTKPolicyManager(  135): setStreamVolumeIndex stream = 9 index = 2 device = 0x2
D/AudioMTKPolicyManager(  135):  checkAndSetVolume stream = 9 index = 2 output = 2 device = 0x2 delayMs = 0 force = 0
D/AudioMTKPolicyManager(  135): getNewDevice() selected device 0 output= 2
D/dalvikvm(  864): threadid=46: bye!
D/AudioService(  663): applyDeviceVolumemStreamType:8,device:2
D/Bluetooth HS/HF(  864): [BT][HFG] mStateChangeHandler.handleMessage:{ what=7 when=-52ms obj=android.os.AsyncResult@41986118 target=Handler (com.android.phone.BluetoothHandsfree$BluetoothPhoneState$1) {41940d30} }
D/AudioMTKPolicyManager(  135): setStreamVolumeIndex stream = 8 index = 2 device = 0x2
D/AudioMTKPolicyManager(  135):  checkAndSetVolume stream = 8 index = 2 output = 2 device = 0x2 delayMs = 0 force = 0
D/AudioMTKPolicyManager(  135): getNewDevice() selected device 0 output= 2
D/Bluetooth HS/HF(  864): [BT][HFG] [API] ring
D/AudioMTKPolicyManager(  135): computeCustomVolume OutputDevice == AudioSystem::VOLUME_HEADSET_SPEAKER_MODE
D/InCallScreen(  864): onIncomingRing()...
D/InCallScreen(  864): SuppCrssNotification: com.android.internal.telephony.gsm.SuppCrssNotification@41ae6f88 CRSS Notification: code: 2 "01057694482"  cli_validity: 0
D/AudioService(  663): applyDeviceVolumemStreamType:7,device:2
D/skia    ( 9483): Flag is not 10
W/Trace   (  864): Unexpected value from nativeGetEnabledTags: 0
D/dalvikvm(15482): GC_CONCURRENT freed 421K, 17% free 2925K/3524K, paused 2ms+7ms, total 36ms
W/Trace   (  864): Unexpected value from nativeGetEnabledTags: 0
W/Trace   (  864): Unexpected value from nativeGetEnabledTags: 0
D/dalvikvm(15482): WAIT_FOR_CONCURRENT_GC blocked 6ms
E/dalvikvm(15482): Could not find class 'com.qihoo360.mobilesafe.telephony_null.TelephoneEnv', referenced from method com.qihoo360.mobilesafe.dualphonesdk.k.a
W/dalvikvm(15482): VFY: unable to resolve new-instance 98 (Lcom/qihoo360/mobilesafe/telephony_null/TelephoneEnv;) in Lcom/qihoo360/mobilesafe/dualphonesdk/k;
D/dalvikvm(15482): VFY: replacing opcode 0x22 at 0x015f
E/dalvikvm(15482): Could not find class 'com.qihoo360.mobilesafe.telephony_mtk6582.TelephoneEnv', referenced from method com.qihoo360.mobilesafe.dualphonesdk.k.a
W/dalvikvm(15482): VFY: unable to resolve new-instance 96 (Lcom/qihoo360/mobilesafe/telephony_mtk6582/TelephoneEnv;) in Lcom/qihoo360/mobilesafe/dualphonesdk/k;
D/dalvikvm(15482): VFY: replacing opcode 0x22 at 0x0171
E/dalvikvm(15482): Could not find class 'com.qihoo360.mobilesafe.telephony_intel.TelephoneEnv', referenced from method com.qihoo360.mobilesafe.dualphonesdk.k.a
W/dalvikvm(15482): VFY: unable to resolve new-instance 92 (Lcom/qihoo360/mobilesafe/telephony_intel/TelephoneEnv;) in Lcom/qihoo360/mobilesafe/dualphonesdk/k;
D/dalvikvm(15482): VFY: replacing opcode 0x22 at 0x0185
E/dalvikvm(15482): Could not find class 'com.qihoo360.mobilesafe.telephony_xiaomi.TelephoneEnv', referenced from method com.qihoo360.mobilesafe.dualphonesdk.k.a
W/dalvikvm(15482): VFY: unable to resolve new-instance 116 (Lcom/qihoo360/mobilesafe/telephony_xiaomi/TelephoneEnv;) in Lcom/qihoo360/mobilesafe/dualphonesdk/k;
D/dalvikvm(15482): VFY: replacing opcode 0x22 at 0x0199
D/AudioMTKPolicyManager(  135): setStreamVolumeIndex stream = 7 index = 1 device = 0x2
D/AudioMTKPolicyManager(  135):  checkAndSetVolume stream = 7 index = 1 output = 2 device = 0x2 delayMs = 0 force = 0
D/AudioMTKPolicyManager(  135): getNewDevice() selected device 0 output= 2
E/dalvikvm(15482): Could not find class 'com.qihoo360.mobilesafe.telephony_android5.TelephoneEnv', referenced from method com.qihoo360.mobilesafe.dualphonesdk.k.a
W/dalvikvm(15482): VFY: unable to resolve new-instance 82 (Lcom/qihoo360/mobilesafe/telephony_android5/TelephoneEnv;) in Lcom/qihoo360/mobilesafe/dualphonesdk/k;
D/dalvikvm(15482): VFY: replacing opcode 0x22 at 0x01ad
D/AudioService(  663): applyDeviceVolumemStreamType:5,device:2
E/dalvikvm(15482): Could not find class 'com.qihoo360.mobilesafe.telephony_android51.TelephoneEnv', referenced from method com.qihoo360.mobilesafe.dualphonesdk.k.a
W/dalvikvm(15482): VFY: unable to resolve new-instance 84 (Lcom/qihoo360/mobilesafe/telephony_android51/TelephoneEnv;) in Lcom/qihoo360/mobilesafe/dualphonesdk/k;
D/dalvikvm(15482): VFY: replacing opcode 0x22 at 0x01c1
D/dalvikvm(15482): DexOpt: unable to opt direct call 0x0189 at 0x65 in Lcom/qihoo360/mobilesafe/dualphonesdk/k;.a
D/dalvikvm(15482): DexOpt: unable to opt direct call 0x0188 at 0x6e in Lcom/qihoo360/mobilesafe/dualphonesdk/k;.a
D/dalvikvm(15482): DexOpt: unable to opt direct call 0x0187 at 0x78 in Lcom/qihoo360/mobilesafe/dualphonesdk/k;.a
D/dalvikvm(15482): DexOpt: unable to opt direct call 0x0186 at 0x81 in Lcom/qihoo360/mobilesafe/dualphonesdk/k;.a
D/dalvikvm(15482): DexOpt: unable to opt direct call 0x0185 at 0x8b in Lcom/qihoo360/mobilesafe/dualphonesdk/k;.a
D/dalvikvm(15482): DexOpt: unable to opt direct call 0x0184 at 0x94 in Lcom/qihoo360/mobilesafe/dualphonesdk/k;.a
D/dalvikvm(15482): DexOpt: unable to opt direct call 0x0197 at 0x9e in Lcom/qihoo360/mobilesafe/dualphonesdk/k;.a
W/Trace   (  864): Unexpected value from nativeGetEnabledTags: 0
W/Trace   (  864): Unexpected value from nativeGetEnabledTags: 0
W/Trace   (  864): Unexpected value from nativeGetEnabledTags: 0
W/Trace   (  864): Unexpected value from nativeGetEnabledTags: 0
D/dalvikvm(15482): DexOpt: unable to opt direct call 0x0196 at 0xa7 in Lcom/qihoo360/mobilesafe/dualphonesdk/k;.a
D/dalvikvm(15482): DexOpt: unable to opt direct call 0x01a5 at 0xaf in Lcom/qihoo360/mobilesafe/dualphonesdk/k;.a
D/AudioMTKPolicyManager(  135): setStreamVolumeIndex stream = 5 index = 1 device = 0x2
D/AudioMTKPolicyManager(  135):  checkAndSetVolume stream = 5 index = 1 output = 2 device = 0x2 delayMs = 0 force = 0
D/AudioMTKPolicyManager(  135): getNewDevice() selected device 0 output= 2
D/AudioService(  663): applyDeviceVolumemStreamType:1,device:2
V/Provider/Settings( 9483):  from settings cache , name = accelerometer_rotation , value = 1
D/AudioMTKPolicyManager(  135): setStreamVolumeIndex stream = 1 index = 1 device = 0x2
D/AudioMTKPolicyManager(  135):  checkAndSetVolume stream = 1 index = 1 output = 2 device = 0x2 delayMs = 0 force = 0
D/AudioMTKPolicyManager(  135): getNewDevice() selected device 0 output= 2
D/AudioMTKPolicyManager(  135): computeCustomVolume OutputDevice == AudioSystem::VOLUME_HEADSET_SPEAKER_MODE
D/skia    ( 9483): Flag is not 10
D/AudioMTKPolicyManager(  135): setStreamVolumeIndex stream = 8 index = 9 device = 0x40000000
D/AudioMTKPolicyManager(  135): setStreamVolumeIndex stream = 8 index = 2 device = 0x2
D/AudioMTKPolicyManager(  135):  checkAndSetVolume stream = 8 index = 2 output = 2 device = 0x2 delayMs = 0 force = 0
D/AudioMTKPolicyManager(  135): getNewDevice() selected device 0 output= 2
D/AudioMTKPolicyManager(  135): computeCustomVolume OutputDevice == AudioSystem::VOLUME_HEADSET_SPEAKER_MODE
D/AudioMTKPolicyManager(  135): setStreamVolumeIndex stream = 8 index = 9 device = 0x1
D/dalvikvm(15482): DexOpt: unable to opt direct call 0x01a4 at 0xb8 in Lcom/qihoo360/mobilesafe/dualphonesdk/k;.a
D/dalvikvm(15482): DexOpt: unable to opt direct call 0x0193 at 0xc3 in Lcom/qihoo360/mobilesafe/dualphonesdk/k;.a
