--------- beginning of /dev/log/main
D/ADB_SERVICES(  171): adb socket read list (16) 
D/ADB_SERVICES(  171): read_data=17656
D/ADB_SERVICES(  171): max_read_time=0.000150 max_send_time=0.000055 
D/ADB_SERVICES(  171):  closing because is_eof=1 r=-1 s->fde.force_eof=0
--------- beginning of /dev/log/system
V/ActivityManager(  560): getTasks: max=1, flags=0, receiver=null
V/ActivityManager(  560): com.joey.expresscall/.login.JVLoginActivity: task=TaskRecord{42b95890 #5 A com.joey.expresscall U 0}
V/ActivityManager(  560): We have pending thumbnails: null
W/ADB_SERVICES(  171): create_local_service_socket() name=shell:export ANDROID_LOG_TAGS="" ; exec logcat
W/ADB_SERVICES( 3546): adb: unable to open /proc/3546/oom_adj
W/Trace   ( 3365): Unexpected value from nativeGetEnabledTags: 0
W/Trace   ( 3365): Unexpected value from nativeGetEnabledTags: 0
W/Trace   ( 3365): Unexpected value from nativeGetEnabledTags: 0
W/Trace   ( 3365): Unexpected value from nativeGetEnabledTags: 0
W/Trace   ( 3365): Unexpected value from nativeGetEnabledTags: 0
W/Trace   ( 3365): Unexpected value from nativeGetEnabledTags: 0
W/Trace   ( 3365): Unexpected value from nativeGetEnabledTags: 0
W/Trace   ( 3365): Unexpected value from nativeGetEnabledTags: 0
I/SurfaceTextureClient( 3365): [STC::queueBuffer] (this:0x5d8e0410) fps:2.02, dur:1488.70, max:515.29, min:475.31
I/BufferQueue(  131): [com.joey.expresscall/com.joey.expresscall.login.JVLoginActivity](this:0x41c0d2b0,api:1) [queue] fps:2.01, dur:1488.91, max:515.37, min:475.16
W/Trace   ( 3365): Unexpected value from nativeGetEnabledTags: 0
W/Trace   ( 3365): Unexpected value from nativeGetEnabledTags: 0
I/BufferQueue(  131): [com.joey.expresscall/com.joey.expresscall.login.JVLoginActivity](this:0x41c0d2b0,api:1) [release] fps:2.02, dur:1487.02, max:512.85, min:478.05
I/SurfaceFlinger(  131): [SurfaceFlinger] fps:2.689874,dur:1487.06,max:512.64,min:17.49
D/NetworkControllerGemini(  654): refreshViews(0), DataConnected=false simColorId = -1
D/NetworkControllerGemini(  654): refreshViews(0), set parameters to signal cluster view.
D/NetworkControllerGemini(  654): refreshViews(0), tempPhoneSignalIconId.0 = 2130837558  tempPhoneSignalIconId.1 = 0  tempMobileActivityIconId= 0  tempDataTypeIconId= 0
D/SignalClusterViewGemini(  654): setMobileDataIndicators(0), visible=true, strengthIcon[0] ~ [1] 2130837558 ~ 0
D/SignalClusterViewGemini(  654): setShowSimIndicator(0), showSimIndicator=false simIndicatorResource = 0
D/SignalClusterViewGemini(  654): setDataConnected(0), dataConnected=false
D/SignalClusterViewGemini(  654): setDataNetType3G(0), dataNetType=null
D/SignalClusterViewGemini(  654): apply : mShowSimIndicator = false mSimIndicatorResource = 0 mShowSimIndicatorGemini = false mSimIndicatorResourceGemini = 0
D/SignalClusterViewGemini(  654): apply, mMobileVisible=true mMobileActivityId=0 mMobileTypeId=0 mMobileStrengthId[0] = 2130837558 mMobileStrengthId[1] = 0
D/SignalClusterViewGemini(  654): isSimInserted(0), SimInserted=false
D/SignalClusterViewGemini(  654): apply, mMobileVisibleGemini=true mMobileActivityIdGemini=0 mMobileTypeIdGemini=2130837912 mMobileStrengthIdGemini[0] = 2130837961 mMobileStrengthIdGemini[1] = 0
D/SignalClusterViewGemini(  654): isSimInserted(1), SimInserted=true
D/SignalClusterViewGemini(  654): mDataNetTypeGemini =Type_G resId= 2130837554 simColorId = 3
D/SignalClusterViewGemini(  654): apply, mMobileVisible=true, mWifiVisible=true, mIsAirplaneMode=false
D/SignalClusterViewGemini(  654): isSimInserted(0), SimInserted=false
D/SignalClusterViewGemini(  654): isSimInserted(1), SimInserted=true
D/SignalClusterViewGemini(  654): isSimInserted(1), SimInserted=true
D/NetworkControllerGemini(  654): refreshViews(1), DataConnected=false simColorId = 3
D/SignalClusterViewGemini(  654): setShowSimIndicator(1), showSimIndicator=false simIndicatorResource = 0
D/SignalClusterViewGemini(  654): setDataConnected(1), dataConnected=false
D/SignalClusterViewGemini(  654): setDataNetType3G(1), dataNetType=Type_G
D/SignalClusterViewGemini(  654): apply : mShowSimIndicator = false mSimIndicatorResource = 0 mShowSimIndicatorGemini = false mSimIndicatorResourceGemini = 0
D/SignalClusterViewGemini(  654): apply, mMobileVisibleGemini=true mMobileActivityIdGemini=0 mMobileTypeIdGemini=2130837912 mMobileStrengthIdGemini[0] = 2130837961 mMobileStrengthIdGemini[1] = 0
D/SignalClusterViewGemini(  654): isSimInserted(1), SimInserted=true
D/SignalClusterViewGemini(  654): mDataNetTypeGemini =Type_G resId= 2130837554 simColorId = 3
D/SignalClusterViewGemini(  654): apply, mMobileVisible=false, mWifiVisible=true, mIsAirplaneMode=false
D/SignalClusterViewGemini(  654): isSimInserted(0), SimInserted=false
D/SignalClusterViewGemini(  654): isSimInserted(1), SimInserted=true
D/SignalClusterViewGemini(  654): isSimInserted(1), SimInserted=true
W/Trace   (  654): Unexpected value from nativeGetEnabledTags: 0
W/Trace   (  654): Unexpected value from nativeGetEnabledTags: 0
W/Trace   (  654): Unexpected value from nativeGetEnabledTags: 0
W/Trace   (  654): Unexpected value from nativeGetEnabledTags: 0
W/Trace   (  654): Unexpected value from nativeGetEnabledTags: 0
W/Trace   (  654): Unexpected value from nativeGetEnabledTags: 0
W/Trace   (  654): Unexpected value from nativeGetEnabledTags: 0
W/Trace   (  654): Unexpected value from nativeGetEnabledTags: 0
W/Trace   (  654): Unexpected value from nativeGetEnabledTags: 0
W/Trace   (  654): Unexpected value from nativeGetEnabledTags: 0
W/Trace   (  654): Unexpected value from nativeGetEnabledTags: 0
W/Trace   (  654): Unexpected value from nativeGetEnabledTags: 0
I/SurfaceTextureClient(  654): [STC::queueBuffer] (this:0x5e2f6d10) fps:0.99, dur:1006.94, max:1006.94, min:1006.94
I/BufferQueue(  131): [StatusBar](this:0x41bff9e0,api:1) [queue] fps:0.99, dur:1006.55, max:1006.55, min:1006.55
W/Trace   (  654): Unexpected value from nativeGetEnabledTags: 0
W/Trace   (  654): Unexpected value from nativeGetEnabledTags: 0
I/BufferQueue(  131): [StatusBar](this:0x41bff9e0,api:1) [release] fps:1.00, dur:1003.73, max:1003.73, min:1003.73
W/ADB_SERVICES(  171): create_local_service_socket() name=shell:cat /proc/meminfo
W/ADB_SERVICES( 3547): adb: unable to open /proc/3547/oom_adj
D/ADB_SERVICES(  171):  closing because is_eof=1 r=1 s->fde.force_eof=0
W/ADB_SERVICES(  171): create_local_service_socket() name=shell:ps
W/ADB_SERVICES( 3548): adb: unable to open /proc/3548/oom_adj
D/ADB_SERVICES(  171):  closing because is_eof=1 r=1 s->fde.force_eof=0
V/Provider/Settings(  560):  from settings cache , name = sys_free_storage_log_interval , value = null
V/Provider/Settings(  560):  from settings cache , name = disk_free_change_reporting_threshold , value = null
W/Trace   ( 3365): Unexpected value from nativeGetEnabledTags: 0
W/Trace   ( 3365): Unexpected value from nativeGetEnabledTags: 0
W/Trace   ( 3365): Unexpected value from nativeGetEnabledTags: 0
W/Trace   ( 3365): Unexpected value from nativeGetEnabledTags: 0
W/Trace   ( 3365): Unexpected value from nativeGetEnabledTags: 0
W/Trace   ( 3365): Unexpected value from nativeGetEnabledTags: 0
W/Trace   ( 3365): Unexpected value from nativeGetEnabledTags: 0
W/Trace   ( 3365): Unexpected value from nativeGetEnabledTags: 0
W/Trace   ( 3365): Unexpected value from nativeGetEnabledTags: 0
W/Trace   ( 3365): Unexpected value from nativeGetEnabledTags: 0
V/ActivityManager(  560): getTasks: max=1, flags=0, receiver=null
V/ActivityManager(  560): com.joey.expresscall/.login.JVLoginActivity: task=TaskRecord{42b95890 #5 A com.joey.expresscall U 0}
V/ActivityManager(  560): We have pending thumbnails: null
V/ActivityManager(  560): getTasks: max=1, flags=0, receiver=null
V/ActivityManager(  560): com.joey.expresscall/.login.JVLoginActivity: task=TaskRecord{42b95890 #5 A com.joey.expresscall U 0}
V/ActivityManager(  560): We have pending thumbnails: null
W/Trace   ( 3365): Unexpected value from nativeGetEnabledTags: 0
W/Trace   ( 3365): Unexpected value from nativeGetEnabledTags: 0
W/Trace   ( 3365): Unexpected value from nativeGetEnabledTags: 0
W/Trace   ( 3365): Unexpected value from nativeGetEnabledTags: 0
W/Trace   ( 3365): Unexpected value from nativeGetEnabledTags: 0
W/Trace   ( 3365): Unexpected value from nativeGetEnabledTags: 0
W/Trace   ( 3365): Unexpected value from nativeGetEnabledTags: 0
W/Trace   ( 3365): Unexpected value from nativeGetEnabledTags: 0
I/SurfaceTextureClient( 3365): [STC::queueBuffer] (this:0x5d8e0410) fps:1.98, dur:1010.89, max:512.71, min:498.18
I/BufferQueue(  131): [com.joey.expresscall/com.joey.expresscall.login.JVLoginActivity](this:0x41c0d2b0,api:1) [queue] fps:1.98, dur:1011.32, max:512.46, min:498.85
W/Trace   ( 3365): Unexpected value from nativeGetEnabledTags: 0
W/Trace   ( 3365): Unexpected value from nativeGetEnabledTags: 0
I/BufferQueue(  131): [com.joey.expresscall/com.joey.expresscall.login.JVLoginActivity](this:0x41c0d2b0,api:1) [release] fps:1.98, dur:1008.45, max:512.30, min:496.15
I/SurfaceFlinger(  131): [SurfaceFlinger] fps:2.974867,dur:1008.45,max:496.22,min:46.81
W/Trace   ( 3365): Unexpected value from nativeGetEnabledTags: 0
W/Trace   ( 3365): Unexpected value from nativeGetEnabledTags: 0
W/Trace   ( 3365): Unexpected value from nativeGetEnabledTags: 0
W/Trace   ( 3365): Unexpected value from nativeGetEnabledTags: 0
W/Trace   ( 3365): Unexpected value from nativeGetEnabledTags: 0
W/Trace   ( 3365): Unexpected value from nativeGetEnabledTags: 0
W/Trace   ( 3365): Unexpected value from nativeGetEnabledTags: 0
W/Trace   ( 3365): Unexpected value from nativeGetEnabledTags: 0
W/Trace   ( 3365): Unexpected value from nativeGetEnabledTags: 0
W/Trace   ( 3365): Unexpected value from nativeGetEnabledTags: 0
I/System.out( 3215): [CDS]EAGAIN or EWOULDBLOCK in Recvfrom
I/System.out( 3215): [CDS]read byte is 0
I/System.out( 3215): [CDS]rx timeout:10000
I/System.out( 3215): [CDS]rx timeout:30000
V/ActivityManager(  560): getTasks: max=1, flags=0, receiver=null
V/ActivityManager(  560): com.joey.expresscall/.login.JVLoginActivity: task=TaskRecord{42b95890 #5 A com.joey.expresscall U 0}
V/ActivityManager(  560): We have pending thumbnails: null
D/InputReader(  560): InputReader::monitor: lock
D/InputReader(  560): InputReader::monitor: wait 
D/InputReader(  560): InputReader::monitor: unlock
D/InputReader(  560): InputReader::monitor: done
W/Trace   ( 3365): Unexpected value from nativeGetEnabledTags: 0
W/Trace   ( 3365): Unexpected value from nativeGetEnabledTags: 0
W/Trace   ( 3365): Unexpected value from nativeGetEnabledTags: 0
W/Trace   ( 3365): Unexpected value from nativeGetEnabledTags: 0
W/Trace   ( 3365): Unexpected value from nativeGetEnabledTags: 0
W/Trace   ( 3365): Unexpected value from nativeGetEnabledTags: 0
W/Trace   ( 3365): Unexpected value from nativeGetEnabledTags: 0
W/Trace   ( 3365): Unexpected value from nativeGetEnabledTags: 0
I/SurfaceTextureClient( 3365): [STC::queueBuffer] (this:0x5d8e0410) fps:1.99, dur:1006.07, max:512.54, min:493.53
I/BufferQueue(  131): [com.joey.expresscall/com.joey.expresscall.login.JVLoginActivity](this:0x41c0d2b0,api:1) [queue] fps:1.99, dur:1006.11, max:512.85, min:493.26
W/Trace   ( 3365): Unexpected value from nativeGetEnabledTags: 0
W/Trace   ( 3365): Unexpected value from nativeGetEnabledTags: 0
I/BufferQueue(  131): [com.joey.expresscall/com.joey.expresscall.login.JVLoginActivity](this:0x41c0d2b0,api:1) [release] fps:1.98, dur:1008.49, max:512.92, min:495.57
I/SurfaceFlinger(  131): [SurfaceFlinger] fps:1.983204,dur:1008.47,max:512.98,min:495.49
V/ActivityManager(  560): getTasks: max=1, flags=0, receiver=null
V/ActivityManager(  560): com.joey.expresscall/.login.JVLoginActivity: task=TaskRecord{42b95890 #5 A com.joey.expresscall U 0}
V/ActivityManager(  560): We have pending thumbnails: null
I/System.out( 1091): [CDS]rx timeout:3600000
D/StateMachine(  560): handleMessage: E msg.what=131155
D/StateMachine(  560): processMsg: ConnectedState
D/WifiStateMachine(  560): ConnectedState{ what=131155 when=-3ms arg1=1 target=Handler (com.android.internal.util.StateMachine$SmHandler) {423de070} }
D/StateMachine(  560): processMsg: L2ConnectedState
D/WifiStateMachine(  560): L2ConnectedState{ what=131155 when=-4ms arg1=1 target=Handler (com.android.internal.util.StateMachine$SmHandler) {423de070} }
D/WifiNative-wlan0(  560): doString: SIGNAL_POLL
D/WifiCommon(  560): [wlan0] SET "SIGNAL_POLL"
D/wpa_supplicant(  819): RX ctrl_iface - hexdump(len=11): 53 49 47 4e 41 4c 5f 50 4f 4c 4c
D/wpa_supplicant(  819): wlan0: Control interface command 'SIGNAL_POLL'
D/wpa_supplicant(  819): nl80211: survey data missing!
I/WifiStateMachine(  560): fetchRssiAndLinkSpeedNative, newRssi:-33, newLinkSpeed:135
D/StateMachine(  560): handleMessage: X
W/Trace   ( 3365): Unexpected value from nativeGetEnabledTags: 0
W/Trace   ( 3365): Unexpected value from nativeGetEnabledTags: 0
W/Trace   ( 3365): Unexpected value from nativeGetEnabledTags: 0
W/Trace   ( 3365): Unexpected value from nativeGetEnabledTags: 0
W/Trace   ( 3365): Unexpected value from nativeGetEnabledTags: 0
W/Trace   ( 3365): Unexpected value from nativeGetEnabledTags: 0
W/Trace   ( 3365): Unexpected value from nativeGetEnabledTags: 0
W/Trace   ( 3365): Unexpected value from nativeGetEnabledTags: 0
W/Trace   ( 3365): Unexpected value from nativeGetEnabledTags: 0
W/Trace   ( 3365): Unexpected value from nativeGetEnabledTags: 0
V/ActivityManager(  560): getTasks: max=1, flags=0, receiver=null
V/ActivityManager(  560): com.joey.expresscall/.login.JVLoginActivity: task=TaskRecord{42b95890 #5 A com.joey.expresscall U 0}
V/ActivityManager(  560): We have pending thumbnails: null
W/Trace   ( 3365): Unexpected value from nativeGetEnabledTags: 0
W/Trace   ( 3365): Unexpected value from nativeGetEnabledTags: 0
W/Trace   ( 3365): Unexpected value from nativeGetEnabledTags: 0
W/Trace   ( 3365): Unexpected value from nativeGetEnabledTags: 0
W/Trace   ( 3365): Unexpected value from nativeGetEnabledTags: 0
W/Trace   ( 3365): Unexpected value from nativeGetEnabledTags: 0
W/Trace   ( 3365): Unexpected value from nativeGetEnabledTags: 0
W/Trace   ( 3365): Unexpected value from nativeGetEnabledTags: 0
W/Trace   ( 3365): Unexpected value from nativeGetEnabledTags: 0
W/Trace   ( 3365): Unexpected value from nativeGetEnabledTags: 0
D/NetworkControllerGemini(  654): refreshViews(0), DataConnected=false simColorId = -1
D/NetworkControllerGemini(  654): refreshViews(0), set parameters to signal cluster view.
D/NetworkControllerGemini(  654): refreshViews(0), tempPhoneSignalIconId.0 = 2130837558  tempPhoneSignalIconId.1 = 0  tempMobileActivityIconId= 0  tempDataTypeIconId= 0
D/SignalClusterViewGemini(  654): setMobileDataIndicators(0), visible=true, strengthIcon[0] ~ [1] 2130837558 ~ 0
D/SignalClusterViewGemini(  654): setShowSimIndicator(0), showSimIndicator=false simIndicatorResource = 0
D/SignalClusterViewGemini(  654): setDataConnected(0), dataConnected=false
D/SignalClusterViewGemini(  654): setDataNetType3G(0), dataNetType=null
D/SignalClusterViewGemini(  654): apply : mShowSimIndicator = false mSimIndicatorResource = 0 mShowSimIndicatorGemini = false mSimIndicatorResourceGemini = 0
D/SignalClusterViewGemini(  654): apply, mMobileVisible=true mMobileActivityId=0 mMobileTypeId=0 mMobileStrengthId[0] = 2130837558 mMobileStrengthId[1] = 0
D/SignalClusterViewGemini(  654): isSimInserted(0), SimInserted=false
D/SignalClusterViewGemini(  654): apply, mMobileVisibleGemini=true mMobileActivityIdGemini=0 mMobileTypeIdGemini=2130837912 mMobileStrengthIdGemini[0] = 2130837961 mMobileStrengthIdGemini[1] = 0
D/SignalClusterViewGemini(  654): isSimInserted(1), SimInserted=true
D/SignalClusterViewGemini(  654): mDataNetTypeGemini =Type_G resId= 2130837554 simColorId = 3
D/SignalClusterViewGemini(  654): apply, mMobileVisible=true, mWifiVisible=true, mIsAirplaneMode=false
D/SignalClusterViewGemini(  654): isSimInserted(0), SimInserted=false
D/SignalClusterViewGemini(  654): isSimInserted(1), SimInserted=true
D/SignalClusterViewGemini(  654): isSimInserted(1), SimInserted=true
D/NetworkControllerGemini(  654): refreshViews(1), DataConnected=false simColorId = 3
D/SignalClusterViewGemini(  654): setShowSimIndicator(1), showSimIndicator=false simIndicatorResource = 0
D/SignalClusterViewGemini(  654): setDataConnected(1), dataConnected=false
D/SignalClusterViewGemini(  654): setDataNetType3G(1), dataNetType=Type_G
D/SignalClusterViewGemini(  654): apply : mShowSimIndicator = false mSimIndicatorResource = 0 mShowSimIndicatorGemini = false mSimIndicatorResourceGemini = 0
D/SignalClusterViewGemini(  654): apply, mMobileVisibleGemini=true mMobileActivityIdGemini=0 mMobileTypeIdGemini=2130837912 mMobileStrengthIdGemini[0] = 2130837961 mMobileStrengthIdGemini[1] = 0
D/SignalClusterViewGemini(  654): isSimInserted(1), SimInserted=true
D/SignalClusterViewGemini(  654): mDataNetTypeGemini =Type_G resId= 2130837554 simColorId = 3
D/SignalClusterViewGemini(  654): apply, mMobileVisible=false, mWifiVisible=true, mIsAirplaneMode=false
D/SignalClusterViewGemini(  654): isSimInserted(0), SimInserted=false
D/SignalClusterViewGemini(  654): isSimInserted(1), SimInserted=true
D/SignalClusterViewGemini(  654): isSimInserted(1), SimInserted=true
W/Trace   (  654): Unexpected value from nativeGetEnabledTags: 0
W/Trace   (  654): Unexpected value from nativeGetEnabledTags: 0
W/Trace   (  654): Unexpected value from nativeGetEnabledTags: 0
W/Trace   (  654): Unexpected value from nativeGetEnabledTags: 0
W/Trace   (  654): Unexpected value from nativeGetEnabledTags: 0
W/Trace   (  654): Unexpected value from nativeGetEnabledTags: 0
W/Trace   (  654): Unexpected value from nativeGetEnabledTags: 0
W/Trace   (  654): Unexpected value from nativeGetEnabledTags: 0
W/Trace   (  654): Unexpected value from nativeGetEnabledTags: 0
W/Trace   (  654): Unexpected value from nativeGetEnabledTags: 0
W/Trace   (  654): Unexpected value from nativeGetEnabledTags: 0
W/Trace   (  654): Unexpected value from nativeGetEnabledTags: 0
I/SurfaceTextureClient(  654): [STC::queueBuffer] (this:0x5e2f6d10) fps:0.33, dur:3032.27, max:3032.27, min:3032.27
I/BufferQueue(  131): [StatusBar](this:0x41bff9e0,api:1) [queue] fps:0.33, dur:3032.53, max:3032.53, min:3032.53
W/Trace   (  654): Unexpected value from nativeGetEnabledTags: 0
W/Trace   (  654): Unexpected value from nativeGetEnabledTags: 0
I/BufferQueue(  131): [StatusBar](this:0x41bff9e0,api:1) [release] fps:0.33, dur:3025.62, max:3025.62, min:3025.62
I/SurfaceFlinger(  131): [SurfaceFlinger] fps:2.841577,dur:1055.75,max:495.85,min:64.71
W/Trace   ( 3365): Unexpected value from nativeGetEnabledTags: 0
W/Trace   ( 3365): Unexpected value from nativeGetEnabledTags: 0
W/Trace   ( 3365): Unexpected value from nativeGetEnabledTags: 0
W/Trace   ( 3365): Unexpected value from nativeGetEnabledTags: 0
W/Trace   ( 3365): Unexpected value from nativeGetEnabledTags: 0
W/Trace   ( 3365): Unexpected value from nativeGetEnabledTags: 0
W/Trace   ( 3365): Unexpected value from nativeGetEnabledTags: 0
W/Trace   ( 3365): Unexpected value from nativeGetEnabledTags: 0
I/SurfaceTextureClient( 3365): [STC::queueBuffer] (this:0x5d8e0410) fps:1.99, dur:1504.07, max:510.35, min:496.01
I/BufferQueue(  131): [com.joey.expresscall/com.joey.expresscall.login.JVLoginActivity](this:0x41c0d2b0,api:1) [queue] fps:2.00, dur:1503.58, max:510.59, min:495.28
W/Trace   ( 3365): Unexpected value from nativeGetEnabledTags: 0
W/Trace   ( 3365): Unexpected value from nativeGetEnabledTags: 0
V/ActivityManager(  560): getTasks: max=1, flags=0, receiver=null
V/ActivityManager(  560): com.joey.expresscall/.login.JVLoginActivity: task=TaskRecord{42b95890 #5 A com.joey.expresscall U 0}
V/ActivityManager(  560): We have pending thumbnails: null
I/BufferQueue(  131): [com.joey.expresscall/com.joey.expresscall.login.JVLoginActivity](this:0x41c0d2b0,api:1) [release] fps:2.00, dur:1503.33, max:512.23, min:495.23
V/ActivityManager(  560): getTasks: max=1, flags=0, receiver=null
V/ActivityManager(  560): com.joey.expresscall/.login.JVLoginActivity: task=TaskRecord{42b95890 #5 A com.joey.expresscall U 0}
V/ActivityManager(  560): We have pending thumbnails: null
W/Trace   ( 3365): Unexpected value from nativeGetEnabledTags: 0
W/Trace   ( 3365): Unexpected value from nativeGetEnabledTags: 0
W/Trace   ( 3365): Unexpected value from nativeGetEnabledTags: 0
W/Trace   ( 3365): Unexpected value from nativeGetEnabledTags: 0
W/Trace   ( 3365): Unexpected value from nativeGetEnabledTags: 0
W/Trace   ( 3365): Unexpected value from nativeGetEnabledTags: 0
W/Trace   ( 3365): Unexpected value from nativeGetEnabledTags: 0
W/Trace   ( 3365): Unexpected value from nativeGetEnabledTags: 0
W/Trace   ( 3365): Unexpected value from nativeGetEnabledTags: 0
W/Trace   ( 3365): Unexpected value from nativeGetEnabledTags: 0
D/NetworkControllerGemini(  654): refreshViews(0), DataConnected=false simColorId = -1
D/NetworkControllerGemini(  654): refreshViews(0), set parameters to signal cluster view.
D/NetworkControllerGemini(  654): refreshViews(0), tempPhoneSignalIconId.0 = 2130837558  tempPhoneSignalIconId.1 = 0  tempMobileActivityIconId= 0  tempDataTypeIconId= 0
D/SignalClusterViewGemini(  654): setMobileDataIndicators(0), visible=true, strengthIcon[0] ~ [1] 2130837558 ~ 0
D/SignalClusterViewGemini(  654): setShowSimIndicator(0), showSimIndicator=false simIndicatorResource = 0
D/SignalClusterViewGemini(  654): setDataConnected(0), dataConnected=false
D/SignalClusterViewGemini(  654): setDataNetType3G(0), dataNetType=null
D/SignalClusterViewGemini(  654): apply : mShowSimIndicator = false mSimIndicatorResource = 0 mShowSimIndicatorGemini = false mSimIndicatorResourceGemini = 0
D/SignalClusterViewGemini(  654): apply, mMobileVisible=true mMobileActivityId=0 mMobileTypeId=0 mMobileStrengthId[0] = 2130837558 mMobileStrengthId[1] = 0
D/SignalClusterViewGemini(  654): isSimInserted(0), SimInserted=false
D/SignalClusterViewGemini(  654): apply, mMobileVisibleGemini=true mMobileActivityIdGemini=0 mMobileTypeIdGemini=2130837912 mMobileStrengthIdGemini[0] = 2130837961 mMobileStrengthIdGemini[1] = 0
D/SignalClusterViewGemini(  654): isSimInserted(1), SimInserted=true
D/SignalClusterViewGemini(  654): mDataNetTypeGemini =Type_G resId= 2130837554 simColorId = 3
D/SignalClusterViewGemini(  654): apply, mMobileVisible=true, mWifiVisible=true, mIsAirplaneMode=false
D/SignalClusterViewGemini(  654): isSimInserted(0), SimInserted=false
D/SignalClusterViewGemini(  654): isSimInserted(1), SimInserted=true
D/SignalClusterViewGemini(  654): isSimInserted(1), SimInserted=true
D/NetworkControllerGemini(  654): refreshViews(1), DataConnected=false simColorId = 3
D/SignalClusterViewGemini(  654): setShowSimIndicator(1), showSimIndicator=false simIndicatorResource = 0
D/SignalClusterViewGemini(  654): setDataConnected(1), dataConnected=false
D/SignalClusterViewGemini(  654): setDataNetType3G(1), dataNetType=Type_G
D/SignalClusterViewGemini(  654): apply : mShowSimIndicator = false mSimIndicatorResource = 0 mShowSimIndicatorGemini = false mSimIndicatorResourceGemini = 0
D/SignalClusterViewGemini(  654): apply, mMobileVisibleGemini=true mMobileActivityIdGemini=0 mMobileTypeIdGemini=2130837912 mMobileStrengthIdGemini[0] = 2130837961 mMobileStrengthIdGemini[1] = 0
D/SignalClusterViewGemini(  654): isSimInserted(1), SimInserted=true
D/SignalClusterViewGemini(  654): mDataNetTypeGemini =Type_G resId= 2130837554 simColorId = 3
D/SignalClusterViewGemini(  654): apply, mMobileVisible=false, mWifiVisible=true, mIsAirplaneMode=false
D/SignalClusterViewGemini(  654): isSimInserted(0), SimInserted=false
D/SignalClusterViewGemini(  654): isSimInserted(1), SimInserted=true
D/SignalClusterViewGemini(  654): isSimInserted(1), SimInserted=true
W/Trace   (  654): Unexpected value from nativeGetEnabledTags: 0
W/Trace   (  654): Unexpected value from nativeGetEnabledTags: 0
W/Trace   (  654): Unexpected value from nativeGetEnabledTags: 0
W/Trace   (  654): Unexpected value from nativeGetEnabledTags: 0
W/Trace   (  654): Unexpected value from nativeGetEnabledTags: 0
W/Trace   (  654): Unexpected value from nativeGetEnabledTags: 0
W/Trace   (  654): Unexpected value from nativeGetEnabledTags: 0
W/Trace   (  654): Unexpected value from nativeGetEnabledTags: 0
W/Trace   (  654): Unexpected value from nativeGetEnabledTags: 0
W/Trace   (  654): Unexpected value from nativeGetEnabledTags: 0
W/Trace   (  654): Unexpected value from nativeGetEnabledTags: 0
W/Trace   (  654): Unexpected value from nativeGetEnabledTags: 0
I/SurfaceTextureClient(  654): [STC::queueBuffer] (this:0x5e2f6d10) fps:0.99, dur:1011.25, max:1011.25, min:1011.25
I/BufferQueue(  131): [StatusBar](this:0x41bff9e0,api:1) [queue] fps:0.99, dur:1011.72, max:1011.72, min:1011.72
I/BufferQueue(  131): [StatusBar](this:0x41bff9e0,api:1) [release] fps:0.99, dur:1008.46, max:1008.46, min:1008.46
I/SurfaceFlinger(  131): [SurfaceFlinger] fps:2.974844,dur:1008.46,max:496.12,min:64.68
W/Trace   (  654): Unexpected value from nativeGetEnabledTags: 0
W/Trace   (  654): Unexpected value from nativeGetEnabledTags: 0
W/ADB_SERVICES(  171): create_local_service_socket() name=shell:getprop "ro.serialno"
W/ADB_SERVICES( 3550): adb: unable to open /proc/3550/oom_adj
D/ADB_SERVICES(  171):  closing because is_eof=1 r=1 s->fde.force_eof=0
W/ADB_SERVICES(  171): create_local_service_socket() name=shell:cat "/sys/class/power_supply/battery/capacity"
W/ADB_SERVICES( 3552): adb: unable to open /proc/3552/oom_adj
D/ADB_SERVICES(  171):  closing because is_eof=1 r=1 s->fde.force_eof=0
W/Trace   ( 3365): Unexpected value from nativeGetEnabledTags: 0
W/Trace   ( 3365): Unexpected value from nativeGetEnabledTags: 0
W/Trace   ( 3365): Unexpected value from nativeGetEnabledTags: 0
W/Trace   ( 3365): Unexpected value from nativeGetEnabledTags: 0
W/Trace   ( 3365): Unexpected value from nativeGetEnabledTags: 0
W/Trace   ( 3365): Unexpected value from nativeGetEnabledTags: 0
W/Trace   ( 3365): Unexpected value from nativeGetEnabledTags: 0
W/Trace   ( 3365): Unexpected value from nativeGetEnabledTags: 0
W/Trace   ( 3365): Unexpected value from nativeGetEnabledTags: 0
W/Trace   ( 3365): Unexpected value from nativeGetEnabledTags: 0
V/ActivityManager(  560): getTasks: max=1, flags=0, receiver=null
V/ActivityManager(  560): com.joey.expresscall/.login.JVLoginActivity: task=TaskRecord{42b95890 #5 A com.joey.expresscall U 0}
D/ADB_SERVICES(  171): adb fdevent_process list (16) (17) (19) 
D/ADB_SERVICES(  171): adb socket read list (16) (19) 
D/ADB_SERVICES(  171): read_data=44365
D/ADB_SERVICES(  171): max_read_time=0.000069 max_send_time=0.000326 
V/ActivityManager(  560): We have pending thumbnails: null
D/ADB_SERVICES(  171): adb local_socket_ready list (16) (19) 
W/Trace   ( 3365): Unexpected value from nativeGetEnabledTags: 0
W/Trace   ( 3365): Unexpected value from nativeGetEnabledTags: 0
W/Trace   ( 3365): Unexpected value from nativeGetEnabledTags: 0
W/Trace   ( 3365): Unexpected value from nativeGetEnabledTags: 0
W/Trace   ( 3365): Unexpected value from nativeGetEnabledTags: 0
W/Trace   ( 3365): Unexpected value from nativeGetEnabledTags: 0
W/Trace   ( 3365): Unexpected value from nativeGetEnabledTags: 0
W/Trace   ( 3365): Unexpected value from nativeGetEnabledTags: 0
I/SurfaceTextureClient( 3365): [STC::queueBuffer] (this:0x5d8e0410) fps:1.99, dur:1504.15, max:512.94, min:495.56
I/BufferQueue(  131): [com.joey.expresscall/com.joey.expresscall.login.JVLoginActivity](this:0x41c0d2b0,api:1) [queue] fps:1.99, dur:1504.56, max:513.58, min:495.24
W/Trace   ( 3365): Unexpected value from nativeGetEnabledTags: 0
W/Trace   ( 3365): Unexpected value from nativeGetEnabledTags: 0
V/ActivityManager(  560): getTasks: max=1, flags=0, receiver=null
V/ActivityManager(  560): com.joey.expresscall/.login.JVLoginActivity: task=TaskRecord{42b95890 #5 A com.joey.expresscall U 0}
V/ActivityManager(  560): We have pending thumbnails: null
I/BufferQueue(  131): [com.joey.expresscall/com.joey.expresscall.login.JVLoginActivity](this:0x41c0d2b0,api:1) [release] fps:1.99, dur:1505.04, max:513.82, min:494.97
D/StateMachine(  560): handleMessage: E msg.what=131155
D/StateMachine(  560): processMsg: ConnectedState
D/WifiStateMachine(  560): ConnectedState{ what=131155 when=-4ms arg1=1 target=Handler (com.android.internal.util.StateMachine$SmHandler) {423de070} }
D/StateMachine(  560): processMsg: L2ConnectedState
D/WifiStateMachine(  560): L2ConnectedState{ what=131155 when=-4ms arg1=1 target=Handler (com.android.internal.util.StateMachine$SmHandler) {423de070} }
D/WifiNative-wlan0(  560): doString: SIGNAL_POLL
D/WifiCommon(  560): [wlan0] SET "SIGNAL_POLL"
D/wpa_supplicant(  819): RX ctrl_iface - hexdump(len=11): 53 49 47 4e 41 4c 5f 50 4f 4c 4c
D/wpa_supplicant(  819): wlan0: Control interface command 'SIGNAL_POLL'
D/wpa_supplicant(  819): nl80211: survey data missing!
I/WifiStateMachine(  560): fetchRssiAndLinkSpeedNative, newRssi:-33, newLinkSpeed:135
D/StateMachine(  560): handleMessage: X
W/Trace   ( 3365): Unexpected value from nativeGetEnabledTags: 0
W/Trace   ( 3365): Unexpected value from nativeGetEnabledTags: 0
W/Trace   ( 3365): Unexpected value from nativeGetEnabledTags: 0
W/Trace   ( 3365): Unexpected value from nativeGetEnabledTags: 0
W/Trace   ( 3365): Unexpected value from nativeGetEnabledTags: 0
W/Trace   ( 3365): Unexpected value from nativeGetEnabledTags: 0
W/Trace   ( 3365): Unexpected value from nativeGetEnabledTags: 0
W/Trace   ( 3365): Unexpected value from nativeGetEnabledTags: 0
W/Trace   ( 3365): Unexpected value from nativeGetEnabledTags: 0
W/Trace   ( 3365): Unexpected value from nativeGetEnabledTags: 0
I/SurfaceFlinger(  131): [SurfaceFlinger] fps:2.084291,dur:1439.34,max:513.92,min:430.29
V/ActivityManager(  560): getTasks: max=1, flags=0, receiver=null
V/ActivityManager(  560): com.joey.expresscall/.login.JVLoginActivity: task=TaskRecord{42b95890 #5 A com.joey.expresscall U 0}
V/ActivityManager(  560): We have pending thumbnails: null
W/Trace   ( 3365): Unexpected value from nativeGetEnabledTags: 0
W/Trace   ( 3365): Unexpected value from nativeGetEnabledTags: 0
W/Trace   ( 3365): Unexpected value from nativeGetEnabledTags: 0
W/Trace   ( 3365): Unexpected value from nativeGetEnabledTags: 0
W/Trace   ( 3365): Unexpected value from nativeGetEnabledTags: 0
W/Trace   ( 3365): Unexpected value from nativeGetEnabledTags: 0
W/Trace   ( 3365): Unexpected value from nativeGetEnabledTags: 0
W/Trace   ( 3365): Unexpected value from nativeGetEnabledTags: 0
W/Trace   ( 3365): Unexpected value from nativeGetEnabledTags: 0
W/Trace   ( 3365): Unexpected value from nativeGetEnabledTags: 0
D/NetworkControllerGemini(  654): refreshViews(0), DataConnected=false simColorId = -1
D/NetworkControllerGemini(  654): refreshViews(0), set parameters to signal cluster view.
D/NetworkControllerGemini(  654): refreshViews(0), tempPhoneSignalIconId.0 = 2130837558  tempPhoneSignalIconId.1 = 0  tempMobileActivityIconId= 0  tempDataTypeIconId= 0
D/SignalClusterViewGemini(  654): setMobileDataIndicators(0), visible=true, strengthIcon[0] ~ [1] 2130837558 ~ 0
D/SignalClusterViewGemini(  654): setShowSimIndicator(0), showSimIndicator=false simIndicatorResource = 0
D/SignalClusterViewGemini(  654): setDataConnected(0), dataConnected=false
D/SignalClusterViewGemini(  654): setDataNetType3G(0), dataNetType=null
D/SignalClusterViewGemini(  654): apply : mShowSimIndicator = false mSimIndicatorResource = 0 mShowSimIndicatorGemini = false mSimIndicatorResourceGemini = 0
D/SignalClusterViewGemini(  654): apply, mMobileVisible=true mMobileActivityId=0 mMobileTypeId=0 mMobileStrengthId[0] = 2130837558 mMobileStrengthId[1] = 0
D/SignalClusterViewGemini(  654): isSimInserted(0), SimInserted=false
D/SignalClusterViewGemini(  654): apply, mMobileVisibleGemini=true mMobileActivityIdGemini=0 mMobileTypeIdGemini=2130837912 mMobileStrengthIdGemini[0] = 2130837961 mMobileStrengthIdGemini[1] = 0
D/SignalClusterViewGemini(  654): isSimInserted(1), SimInserted=true
D/SignalClusterViewGemini(  654): mDataNetTypeGemini =Type_G resId= 2130837554 simColorId = 3
D/SignalClusterViewGemini(  654): apply, mMobileVisible=true, mWifiVisible=true, mIsAirplaneMode=false
D/SignalClusterViewGemini(  654): isSimInserted(0), SimInserted=false
D/SignalClusterViewGemini(  654): isSimInserted(1), SimInserted=true
D/SignalClusterViewGemini(  654): isSimInserted(1), SimInserted=true
D/NetworkControllerGemini(  654): refreshViews(1), DataConnected=false simColorId = 3
D/SignalClusterViewGemini(  654): setShowSimIndicator(1), showSimIndicator=false simIndicatorResource = 0
D/SignalClusterViewGemini(  654): setDataConnected(1), dataConnected=false
D/SignalClusterViewGemini(  654): setDataNetType3G(1), dataNetType=Type_G
D/SignalClusterViewGemini(  654): apply : mShowSimIndicator = false mSimIndicatorResource = 0 mShowSimIndicatorGemini = false mSimIndicatorResourceGemini = 0
D/SignalClusterViewGemini(  654): apply, mMobileVisibleGemini=true mMobileActivityIdGemini=0 mMobileTypeIdGemini=2130837912 mMobileStrengthIdGemini[0] = 2130837961 mMobileStrengthIdGemini[1] = 0
D/SignalClusterViewGemini(  654): isSimInserted(1), SimInserted=true
D/SignalClusterViewGemini(  654): mDataNetTypeGemini =Type_G resId= 2130837554 simColorId = 3
D/SignalClusterViewGemini(  654): apply, mMobileVisible=false, mWifiVisible=true, mIsAirplaneMode=false
D/SignalClusterViewGemini(  654): isSimInserted(0), SimInserted=false
D/SignalClusterViewGemini(  654): isSimInserted(1), SimInserted=true
D/SignalClusterViewGemini(  654): isSimInserted(1), SimInserted=true
W/Trace   (  654): Unexpected value from nativeGetEnabledTags: 0
W/Trace   (  654): Unexpected value from nativeGetEnabledTags: 0
W/Trace   (  654): Unexpected value from nativeGetEnabledTags: 0
W/Trace   (  654): Unexpected value from nativeGetEnabledTags: 0
W/Trace   (  654): Unexpected value from nativeGetEnabledTags: 0
W/Trace   (  654): Unexpected value from nativeGetEnabledTags: 0
W/Trace   (  654): Unexpected value from nativeGetEnabledTags: 0
W/Trace   (  654): Unexpected value from nativeGetEnabledTags: 0
W/Trace   (  654): Unexpected value from nativeGetEnabledTags: 0
W/Trace   (  654): Unexpected value from nativeGetEnabledTags: 0
W/Trace   (  654): Unexpected value from nativeGetEnabledTags: 0
W/Trace   (  654): Unexpected value from nativeGetEnabledTags: 0
I/SurfaceTextureClient(  654): [STC::queueBuffer] (this:0x5e2f6d10) fps:0.50, dur:2005.17, max:2005.17, min:2005.17
I/BufferQueue(  131): [StatusBar](this:0x41bff9e0,api:1) [queue] fps:0.50, dur:2004.42, max:2004.42, min:2004.42
W/Trace   (  654): Unexpected value from nativeGetEnabledTags: 0
W/Trace   (  654): Unexpected value from nativeGetEnabledTags: 0
I/BufferQueue(  131): [StatusBar](this:0x41bff9e0,api:1) [release] fps:0.50, dur:2016.63, max:2016.63, min:2016.63
W/ADB_SERVICES(  171): create_local_service_socket() name=shell:cat /proc/meminfo
W/ADB_SERVICES( 3553): adb: unable to open /proc/3553/oom_adj
D/ADB_SERVICES(  171):  closing because is_eof=1 r=1 s->fde.force_eof=0
W/ADB_SERVICES(  171): create_local_service_socket() name=shell:ps
W/ADB_SERVICES( 3554): adb: unable to open /proc/3554/oom_adj
D/ADB_SERVICES(  171):  closing because is_eof=1 r=1 s->fde.force_eof=0
W/Trace   ( 3365): Unexpected value from nativeGetEnabledTags: 0
W/Trace   ( 3365): Unexpected value from nativeGetEnabledTags: 0
W/Trace   ( 3365): Unexpected value from nativeGetEnabledTags: 0
W/Trace   ( 3365): Unexpected value from nativeGetEnabledTags: 0
W/Trace   ( 3365): Unexpected value from nativeGetEnabledTags: 0
W/Trace   ( 3365): Unexpected value from nativeGetEnabledTags: 0
W/Trace   ( 3365): Unexpected value from nativeGetEnabledTags: 0
W/Trace   ( 3365): Unexpected value from nativeGetEnabledTags: 0
I/SurfaceTextureClient( 3365): [STC::queueBuffer] (this:0x5d8e0410) fps:1.99, dur:1503.77, max:512.85, min:495.33
I/BufferQueue(  131): [com.joey.expresscall/com.joey.expresscall.login.JVLoginActivity](this:0x41c0d2b0,api:1) [queue] fps:2.00, dur:1503.39, max:512.72, min:494.68
W/Trace   ( 3365): Unexpected value from nativeGetEnabledTags: 0
W/Trace   ( 3365): Unexpected value from nativeGetEnabledTags: 0
V/ActivityManager(  560): getTasks: max=1, flags=0, receiver=null
V/ActivityManager(  560): com.joey.expresscall/.login.JVLoginActivity: task=TaskRecord{42b95890 #5 A com.joey.expresscall U 0}
V/ActivityManager(  560): We have pending thumbnails: null
I/BufferQueue(  131): [com.joey.expresscall/com.joey.expresscall.login.JVLoginActivity](this:0x41c0d2b0,api:1) [release] fps:2.00, dur:1502.86, max:512.03, min:495.23
I/SurfaceFlinger(  131): [SurfaceFlinger] fps:2.977001,dur:1007.73,max:495.59,min:81.46
V/ActivityManager(  560): Broadcast sticky: Intent { act=android.intent.action.SIG_STR flg=0x10 (has extras) } ordered=false userid=-1
D/NetworkControllerGemini(  654): PhoneStateListener:onSignalStrengthsChanged, sim2 before.
D/NetworkControllerGemini(  654): PhoneStateListener:onSignalStrengthsChanged, signalStrength=4
D/NetworkControllerGemini(  654): updateDataNetType(1), DataNetType=1.
D/NetworkControllerGemini(  654): updateDataNetType(1), simColorId=3
D/TelephonyManagerEx(  654): isNetworkRoaming
D/NetworkControllerGemini(  654): updateDataNetType(1), DataNetType3G=Type_G tempDataTypeIconId= 2130837912.
D/NetworkControllerGemini(  654): isSimInserted(1), SimInserted=true
D/NetworkControllerGemini(  654): updateTelephonySignalStrength(1), regState=1
D/NetworkControllerGemini(  654): updateTelephonySignalStrength(1), hasService=true
D/TelephonyManagerEx(  654): isNetworkRoaming
D/NetworkControllerGemini(  654): updateTelephonySignalStrength(1), isRoaming=false, mInetCondition=0
D/NetworkControllerGemini(  654): updateTelephonySignalStrength(1), simColorId=3
D/NetworkControllerGemini(  654): updateTelephonySignalStrength(1), tempDataNetType = Type_G , simColorId=3  tempPhoneSignalIconId[0] = 2130837961  tempPhoneSignalIconId[1] = 0
D/NetworkControllerGemini(  654):  updateTelephonySignalStrength(1) tempSIMCUSignVisible= true
D/NetworkControllerGemini(  654): updateTelephonySignalStrength(1) mSIMCUSignVisible = true
D/NetworkControllerGemini(  654): refreshViews(1), DataConnected=false simColorId = 3
D/SignalClusterViewGemini(  654): setShowSimIndicator(1), showSimIndicator=false simIndicatorResource = 0
W/Trace   (  729): Unexpected value from nativeGetEnabledTags: 0
D/Bluetooth HS/HF(  729): [BT][HFG] [API] mStateReceiver.onReceive(android.intent.action.SIG_STR)
D/Bluetooth HS/HF(  729): [BT][HFG] [API] mHandler.handleMessage(10)
W/Trace   (  729): Unexpected value from nativeGetEnabledTags: 0
D/SignalClusterViewGemini(  654): setDataConnected(1), dataConnected=false
D/SignalClusterViewGemini(  654): setDataNetType3G(1), dataNetType=Type_G
D/SignalClusterViewGemini(  654): apply : mShowSimIndicator = false mSimIndicatorResource = 0 mShowSimIndicatorGemini = false mSimIndicatorResourceGemini = 0
D/SignalClusterViewGemini(  654): apply, mMobileVisibleGemini=true mMobileActivityIdGemini=0 mMobileTypeIdGemini=2130837912 mMobileStrengthIdGemini[0] = 2130837961 mMobileStrengthIdGemini[1] = 0
D/SignalClusterViewGemini(  654): isSimInserted(1), SimInserted=true
D/SignalClusterViewGemini(  654): mDataNetTypeGemini =Type_G resId= 2130837554 simColorId = 3
D/SignalClusterViewGemini(  654): apply, mMobileVisible=false, mWifiVisible=true, mIsAirplaneMode=false
D/SignalClusterViewGemini(  654): isSimInserted(0), SimInserted=false
D/SignalClusterViewGemini(  654): isSimInserted(1), SimInserted=true
D/SignalClusterViewGemini(  654): isSimInserted(1), SimInserted=true
D/NetworkControllerGemini(  654): PhoneStateListener:onSignalStrengthsChanged, sim2 after.
W/Trace   (  654): Unexpected value from nativeGetEnabledTags: 0
W/Trace   (  654): Unexpected value from nativeGetEnabledTags: 0
W/Trace   (  654): Unexpected value from nativeGetEnabledTags: 0
W/Trace   (  654): Unexpected value from nativeGetEnabledTags: 0
W/Trace   (  654): Unexpected value from nativeGetEnabledTags: 0
W/Trace   (  654): Unexpected value from nativeGetEnabledTags: 0
W/Trace   (  654): Unexpected value from nativeGetEnabledTags: 0
W/Trace   (  654): Unexpected value from nativeGetEnabledTags: 0
W/Trace   (  654): Unexpected value from nativeGetEnabledTags: 0
W/Trace   (  654): Unexpected value from nativeGetEnabledTags: 0
W/Trace   (  654): Unexpected value from nativeGetEnabledTags: 0
W/Trace   (  654): Unexpected value from nativeGetEnabledTags: 0
W/Trace   (  654): Unexpected value from nativeGetEnabledTags: 0
W/Trace   (  654): Unexpected value from nativeGetEnabledTags: 0
V/ActivityManager(  560): getTasks: max=1, flags=0, receiver=null
V/ActivityManager(  560): com.joey.expresscall/.login.JVLoginActivity: task=TaskRecord{42b95890 #5 A com.joey.expresscall U 0}
V/ActivityManager(  560): We have pending thumbnails: null
W/Trace   ( 3365): Unexpected value from nativeGetEnabledTags: 0
W/Trace   ( 3365): Unexpected value from nativeGetEnabledTags: 0
W/Trace   ( 3365): Unexpected value from nativeGetEnabledTags: 0
W/Trace   ( 3365): Unexpected value from nativeGetEnabledTags: 0
W/Trace   ( 3365): Unexpected value from nativeGetEnabledTags: 0
W/Trace   ( 3365): Unexpected value from nativeGetEnabledTags: 0
W/Trace   ( 3365): Unexpected value from nativeGetEnabledTags: 0
W/Trace   ( 3365): Unexpected value from nativeGetEnabledTags: 0
W/Trace   ( 3365): Unexpected value from nativeGetEnabledTags: 0
W/Trace   ( 3365): Unexpected value from nativeGetEnabledTags: 0
D/NetworkControllerGemini(  654): refreshViews(0), DataConnected=false simColorId = -1
D/NetworkControllerGemini(  654): refreshViews(0), set parameters to signal cluster view.
D/NetworkControllerGemini(  654): refreshViews(0), tempPhoneSignalIconId.0 = 2130837558  tempPhoneSignalIconId.1 = 0  tempMobileActivityIconId= 0  tempDataTypeIconId= 0
D/SignalClusterViewGemini(  654): setMobileDataIndicators(0), visible=true, strengthIcon[0] ~ [1] 2130837558 ~ 0
D/SignalClusterViewGemini(  654): setShowSimIndicator(0), showSimIndicator=false simIndicatorResource = 0
D/SignalClusterViewGemini(  654): setDataConnected(0), dataConnected=false
D/SignalClusterViewGemini(  654): setDataNetType3G(0), dataNetType=null
D/SignalClusterViewGemini(  654): apply : mShowSimIndicator = false mSimIndicatorResource = 0 mShowSimIndicatorGemini = false mSimIndicatorResourceGemini = 0
D/SignalClusterViewGemini(  654): apply, mMobileVisible=true mMobileActivityId=0 mMobileTypeId=0 mMobileStrengthId[0] = 2130837558 mMobileStrengthId[1] = 0
D/SignalClusterViewGemini(  654): isSimInserted(0), SimInserted=false
D/SignalClusterViewGemini(  654): apply, mMobileVisibleGemini=true mMobileActivityIdGemini=0 mMobileTypeIdGemini=2130837912 mMobileStrengthIdGemini[0] = 2130837961 mMobileStrengthIdGemini[1] = 0
D/SignalClusterViewGemini(  654): isSimInserted(1), SimInserted=true
D/SignalClusterViewGemini(  654): mDataNetTypeGemini =Type_G resId= 2130837554 simColorId = 3
D/SignalClusterViewGemini(  654): apply, mMobileVisible=true, mWifiVisible=true, mIsAirplaneMode=false
D/SignalClusterViewGemini(  654): isSimInserted(0), SimInserted=false
D/SignalClusterViewGemini(  654): isSimInserted(1), SimInserted=true
D/SignalClusterViewGemini(  654): isSimInserted(1), SimInserted=true
D/NetworkControllerGemini(  654): refreshViews(1), DataConnected=false simColorId = 3
D/SignalClusterViewGemini(  654): setShowSimIndicator(1), showSimIndicator=false simIndicatorResource = 0
D/SignalClusterViewGemini(  654): setDataConnected(1), dataConnected=false
D/SignalClusterViewGemini(  654): setDataNetType3G(1), dataNetType=Type_G
D/SignalClusterViewGemini(  654): apply : mShowSimIndicator = false mSimIndicatorResource = 0 mShowSimIndicatorGemini = false mSimIndicatorResourceGemini = 0
D/SignalClusterViewGemini(  654): apply, mMobileVisibleGemini=true mMobileActivityIdGemini=0 mMobileTypeIdGemini=2130837912 mMobileStrengthIdGemini[0] = 2130837961 mMobileStrengthIdGemini[1] = 0
D/SignalClusterViewGemini(  654): isSimInserted(1), SimInserted=true
D/SignalClusterViewGemini(  654): mDataNetTypeGemini =Type_G resId= 2130837554 simColorId = 3
D/SignalClusterViewGemini(  654): apply, mMobileVisible=false, mWifiVisible=true, mIsAirplaneMode=false
D/SignalClusterViewGemini(  654): isSimInserted(0), SimInserted=false
D/SignalClusterViewGemini(  654): isSimInserted(1), SimInserted=true
D/SignalClusterViewGemini(  654): isSimInserted(1), SimInserted=true
W/Trace   (  654): Unexpected value from nativeGetEnabledTags: 0
W/Trace   (  654): Unexpected value from nativeGetEnabledTags: 0
W/Trace   (  654): Unexpected value from nativeGetEnabledTags: 0
W/Trace   (  654): Unexpected value from nativeGetEnabledTags: 0
W/Trace   (  654): Unexpected value from nativeGetEnabledTags: 0
W/Trace   (  654): Unexpected value from nativeGetEnabledTags: 0
W/Trace   (  654): Unexpected value from nativeGetEnabledTags: 0
W/Trace   (  654): Unexpected value from nativeGetEnabledTags: 0
W/Trace   (  654): Unexpected value from nativeGetEnabledTags: 0
W/Trace   (  654): Unexpected value from nativeGetEnabledTags: 0
W/Trace   (  654): Unexpected value from nativeGetEnabledTags: 0
W/Trace   (  654): Unexpected value from nativeGetEnabledTags: 0
I/SurfaceTextureClient(  654): [STC::queueBuffer] (this:0x5e2f6d10) fps:1.97, dur:1016.91, max:539.70, min:477.21
I/BufferQueue(  131): [StatusBar](this:0x41bff9e0,api:1) [queue] fps:1.97, dur:1017.13, max:539.73, min:477.41
W/Trace   (  654): Unexpected value from nativeGetEnabledTags: 0
W/Trace   (  654): Unexpected value from nativeGetEnabledTags: 0
I/BufferQueue(  131): [StatusBar](this:0x41bff9e0,api:1) [release] fps:1.98, dur:1008.66, max:530.36, min:478.30
D/Settings/BW( 1190): ReadCodeTask:file size: 4096
W/Trace   ( 3365): Unexpected value from nativeGetEnabledTags: 0
W/Trace   ( 3365): Unexpected value from nativeGetEnabledTags: 0
W/Trace   ( 3365): Unexpected value from nativeGetEnabledTags: 0
W/Trace   ( 3365): Unexpected value from nativeGetEnabledTags: 0
W/Trace   ( 3365): Unexpected value from nativeGetEnabledTags: 0
W/Trace   ( 3365): Unexpected value from nativeGetEnabledTags: 0
W/Trace   ( 3365): Unexpected value from nativeGetEnabledTags: 0
W/Trace   ( 3365): Unexpected value from nativeGetEnabledTags: 0
W/Trace   ( 3365): Unexpected value from nativeGetEnabledTags: 0
W/Trace   ( 3365): Unexpected value from nativeGetEnabledTags: 0
V/ActivityManager(  560): getTasks: max=1, flags=0, receiver=null
V/ActivityManager(  560): com.joey.expresscall/.login.JVLoginActivity: task=TaskRecord{42b95890 #5 A com.joey.expresscall U 0}
V/ActivityManager(  560): We have pending thumbnails: null
W/Trace   ( 3365): Unexpected value from nativeGetEnabledTags: 0
W/Trace   ( 3365): Unexpected value from nativeGetEnabledTags: 0
W/Trace   ( 3365): Unexpected value from nativeGetEnabledTags: 0
W/Trace   ( 3365): Unexpected value from nativeGetEnabledTags: 0
W/Trace   ( 3365): Unexpected value from nativeGetEnabledTags: 0
W/Trace   ( 3365): Unexpected value from nativeGetEnabledTags: 0
W/Trace   ( 3365): Unexpected value from nativeGetEnabledTags: 0
W/Trace   ( 3365): Unexpected value from nativeGetEnabledTags: 0
I/SurfaceTextureClient( 3365): [STC::queueBuffer] (this:0x5d8e0410) fps:1.99, dur:1504.78, max:513.28, min:495.52
V/ActivityManager(  560): getTasks: max=1, flags=0, receiver=null
I/BufferQueue(  131): [com.joey.expresscall/com.joey.expresscall.login.JVLoginActivity](this:0x41c0d2b0,api:1) [queue] fps:1.99, dur:1505.09, max:513.90, min:495.50
W/Trace   ( 3365): Unexpected value from nativeGetEnabledTags: 0
W/Trace   ( 3365): Unexpected value from nativeGetEnabledTags: 0
V/ActivityManager(  560): com.joey.expresscall/.login.JVLoginActivity: task=TaskRecord{42b95890 #5 A com.joey.expresscall U 0}
V/ActivityManager(  560): We have pending thumbnails: null
I/BufferQueue(  131): [com.joey.expresscall/com.joey.expresscall.login.JVLoginActivity](this:0x41c0d2b0,api:1) [release] fps:1.99, dur:1505.24, max:513.70, min:495.77
I/SurfaceFlinger(  131): [SurfaceFlinger] fps:3.321746,dur:1505.23,max:513.79,min:82.31
D/StateMachine(  560): handleMessage: E msg.what=131155
D/StateMachine(  560): processMsg: ConnectedState
D/WifiStateMachine(  560): ConnectedState{ what=131155 when=-4ms arg1=1 target=Handler (com.android.internal.util.StateMachine$SmHandler) {423de070} }
D/StateMachine(  560): processMsg: L2ConnectedState
D/WifiStateMachine(  560): L2ConnectedState{ what=131155 when=-6ms arg1=1 target=Handler (com.android.internal.util.StateMachine$SmHandler) {423de070} }
D/WifiNative-wlan0(  560): doString: SIGNAL_POLL
D/WifiCommon(  560): [wlan0] SET "SIGNAL_POLL"
D/wpa_supplicant(  819): RX ctrl_iface - hexdump(len=11): 53 49 47 4e 41 4c 5f 50 4f 4c 4c
D/wpa_supplicant(  819): wlan0: Control interface command 'SIGNAL_POLL'
W/Trace   ( 3365): Unexpected value from nativeGetEnabledTags: 0
W/Trace   ( 3365): Unexpected value from nativeGetEnabledTags: 0
W/Trace   ( 3365): Unexpected value from nativeGetEnabledTags: 0
W/Trace   ( 3365): Unexpected value from nativeGetEnabledTags: 0
W/Trace   ( 3365): Unexpected value from nativeGetEnabledTags: 0
W/Trace   ( 3365): Unexpected value from nativeGetEnabledTags: 0
W/Trace   ( 3365): Unexpected value from nativeGetEnabledTags: 0
D/wpa_supplicant(  819): nl80211: survey data missing!
I/WifiStateMachine(  560): fetchRssiAndLinkSpeedNative, newRssi:-33, newLinkSpeed:135
