--------- beginning of /dev/log/main
D/ADB_SERVICES(  181):  closing because is_eof=1 r=-1 s->fde.force_eof=0
W/ADB_SERVICES(  181): create_local_service_socket() name=shell:export ANDROID_LOG_TAGS="" ; exec logcat
W/ADB_SERVICES(15454): adb: unable to open /proc/15454/oom_adj
W/Trace   (  788): Unexpected value from nativeGetEnabledTags: 0
W/Trace   (  788): Unexpected value from nativeGetEnabledTags: 0
W/Trace   (  788): Unexpected value from nativeGetEnabledTags: 0
W/Trace   (  788): Unexpected value from nativeGetEnabledTags: 0
W/Trace   (  788): Unexpected value from nativeGetEnabledTags: 0
W/Trace   (  788): Unexpected value from nativeGetEnabledTags: 0
W/Trace   (  788): Unexpected value from nativeGetEnabledTags: 0
W/Trace   (  788): Unexpected value from nativeGetEnabledTags: 0
W/Trace   (  788): Unexpected value from nativeGetEnabledTags: 0
W/Trace   (  788): Unexpected value from nativeGetEnabledTags: 0
--------- beginning of /dev/log/system
V/ActivityManager(  663): getTasks: max=1, flags=0, receiver=null
V/ActivityManager(  663): com.joey.expresscall/.test.ECInterfaceTest: task=TaskRecord{4237d740 #63 A com.joey.expresscall U 0}
V/ActivityManager(  663): We have pending thumbnails: null
W/Trace   ( 9069): Unexpected value from nativeGetEnabledTags: 0
W/Trace   ( 9069): Unexpected value from nativeGetEnabledTags: 0
W/Trace   ( 9069): Unexpected value from nativeGetEnabledTags: 0
W/Trace   ( 9069): Unexpected value from nativeGetEnabledTags: 0
V/ActivityManager(  663): getTasks: max=1, flags=0, receiver=null
V/ActivityManager(  663): com.joey.expresscall/.test.ECInterfaceTest: task=TaskRecord{4237d740 #63 A com.joey.expresscall U 0}
V/ActivityManager(  663): We have pending thumbnails: null
W/Trace   (  788): Unexpected value from nativeGetEnabledTags: 0
W/Trace   (  788): Unexpected value from nativeGetEnabledTags: 0
W/Trace   (  788): Unexpected value from nativeGetEnabledTags: 0
W/Trace   (  788): Unexpected value from nativeGetEnabledTags: 0
W/Trace   (  788): Unexpected value from nativeGetEnabledTags: 0
W/Trace   (  788): Unexpected value from nativeGetEnabledTags: 0
W/Trace   (  788): Unexpected value from nativeGetEnabledTags: 0
W/Trace   (  788): Unexpected value from nativeGetEnabledTags: 0
I/SurfaceTextureClient(  788): [STC::queueBuffer] (this:0x5e363390) fps:1.33, dur:1507.65, max:996.55, min:511.10
I/BufferQueue(  131): [StatusBar](this:0x41fdf8f8,api:1) [queue] fps:1.33, dur:1507.92, max:996.86, min:511.05
W/Trace   (  788): Unexpected value from nativeGetEnabledTags: 0
W/Trace   (  788): Unexpected value from nativeGetEnabledTags: 0
I/BufferQueue(  131): [StatusBar](this:0x41fdf8f8,api:1) [release] fps:1.33, dur:1504.71, max:996.15, min:508.56
I/SurfaceFlinger(  131): [SurfaceFlinger] fps:1.329152,dur:1504.72,max:996.22,min:508.50
D/StateMachine(  663): handleMessage: E msg.what=131155
D/StateMachine(  663): processMsg: ConnectedState
D/WifiStateMachine(  663): ConnectedState{ what=131155 when=-3ms arg1=15 target=Handler (com.android.internal.util.StateMachine$SmHandler) {41c1f138} }
D/StateMachine(  663): processMsg: L2ConnectedState
D/WifiStateMachine(  663): L2ConnectedState{ what=131155 when=-4ms arg1=15 target=Handler (com.android.internal.util.StateMachine$SmHandler) {41c1f138} }
D/WifiNative-wlan0(  663): doString: SIGNAL_POLL
D/WifiCommon(  663): [wlan0] SET "SIGNAL_POLL"
D/wpa_supplicant( 1076): RX ctrl_iface - hexdump(len=11): 53 49 47 4e 41 4c 5f 50 4f 4c 4c
D/wpa_supplicant( 1076): wlan0: Control interface command 'SIGNAL_POLL'
D/wpa_supplicant( 1076): nl80211: survey data missing!
I/WifiStateMachine(  663): fetchRssiAndLinkSpeedNative, newRssi:-30, newLinkSpeed:135
D/StateMachine(  663): handleMessage: X
V/ActivityManager(  663): getTasks: max=1, flags=0, receiver=null
V/ActivityManager(  663): com.joey.expresscall/.test.ECInterfaceTest: task=TaskRecord{4237d740 #63 A com.joey.expresscall U 0}
V/ActivityManager(  663): We have pending thumbnails: null
W/Trace   ( 9069): Unexpected value from nativeGetEnabledTags: 0
W/Trace   ( 9069): Unexpected value from nativeGetEnabledTags: 0
W/Trace   (  788): Unexpected value from nativeGetEnabledTags: 0
W/Trace   (  788): Unexpected value from nativeGetEnabledTags: 0
W/Trace   (  788): Unexpected value from nativeGetEnabledTags: 0
W/Trace   (  788): Unexpected value from nativeGetEnabledTags: 0
W/Trace   (  788): Unexpected value from nativeGetEnabledTags: 0
W/Trace   (  788): Unexpected value from nativeGetEnabledTags: 0
W/Trace   (  788): Unexpected value from nativeGetEnabledTags: 0
W/Trace   (  788): Unexpected value from nativeGetEnabledTags: 0
W/Trace   (  788): Unexpected value from nativeGetEnabledTags: 0
W/Trace   (  788): Unexpected value from nativeGetEnabledTags: 0
W/Trace   ( 9069): Unexpected value from nativeGetEnabledTags: 0
W/Trace   ( 9069): Unexpected value from nativeGetEnabledTags: 0
D/InputReader(  663): AP_PROF:AppLaunch_dispatchPtr:Down:32426370
I/AP_PROF (  663): unable to open /proc/mtprof/status entry
D/PowerManagerService(  663): userActivityFromNative
W/Trace   (15160): Unexpected value from nativeGetEnabledTags: 0
D/PowerManagerService(  663): userActivityNoUpdateLocked: eventTime=32426370, event=2, flags=0x0, uid=1000
D/PowerManagerNotifier(  663): onUserActivity: event=2, uid=1000
D/PowerManagerService(  663): updateUserActivitySummaryLocked: mWakefulness=Awake, mUserActivitySummary=0x5, nextTimeout=32434370 (in 7997 ms)
D/PowerManagerService(  663): newScreenState = 2
D/PowerManagerDisplayController(  663): requestPowerState: screenState=2, useProximitySensor=false, screenBrightness=128, screenAutoBrightnessAdjustment=0.0, useAutoBrightness=false, useEcoBrightness=false, blockScreenOn=false, waitForNegativeProximity=false
D/LightsService(  663): setLight_native: light=2, colorARGB=0xff808080, flashMode=0, onMS=0, offMS=0, brightnessMode=0
D/lights  (  663): write_int open fd=268
W/Trace   (15160): Unexpected value from nativeGetEnabledTags: 0
I/PowerManagerService(  663): setBrightness mButtonLight, screenBrightness=128
D/PowerManagerService(  663): updateScreenStateLocked: mDisplayReady=true, newScreenState=2, mWakefulness=1, mWakeLockSummary=0x0, mUserActivitySummary=0x5, mBootCompleted=true
D/PowerManagerService(  663): handleSandman: canDream=true, mWakefulness=Awake
W/Trace   (15160): Unexpected value from nativeGetEnabledTags: 0
W/Trace   (15160): Unexpected value from nativeGetEnabledTags: 0
W/Trace   (15160): Unexpected value from nativeGetEnabledTags: 0
W/Trace   (15160): Unexpected value from nativeGetEnabledTags: 0
W/Trace   (15160): Unexpected value from nativeGetEnabledTags: 0
W/Trace   (15160): Unexpected value from nativeGetEnabledTags: 0
W/Trace   (15160): Unexpected value from nativeGetEnabledTags: 0
W/Trace   (15160): Unexpected value from nativeGetEnabledTags: 0
D/InputReader(  663): AP_PROF:AppLaunch_dispatchPtr:Up:32426433
W/Trace   (15160): Unexpected value from nativeGetEnabledTags: 0
W/Trace   (15160): Unexpected value from nativeGetEnabledTags: 0
W/Trace   (15160): Unexpected value from nativeGetEnabledTags: 0
W/Trace   (15160): Unexpected value from nativeGetEnabledTags: 0
W/Trace   (15160): Unexpected value from nativeGetEnabledTags: 0
W/Trace   (15160): Unexpected value from nativeGetEnabledTags: 0
W/Trace   (15160): Unexpected value from nativeGetEnabledTags: 0
W/Trace   (15160): Unexpected value from nativeGetEnabledTags: 0
W/Trace   (15160): Unexpected value from nativeGetEnabledTags: 0
W/Trace   (15160): Unexpected value from nativeGetEnabledTags: 0
W/Trace   (15160): Unexpected value from nativeGetEnabledTags: 0
W/Trace   (15160): Unexpected value from nativeGetEnabledTags: 0
I/SurfaceTextureClient(15160): [STC::queueBuffer] (this:0x5c909aa0) fps:1.66, dur:13856.36, max:13476.91, min:15.10
I/SurfaceTextureClient(15160): [STC::queueBuffer] this:0x5c909aa0, api:1, last queue time elapsed:13476.91
I/BufferQueue(  131): [com.joey.expresscall/com.joey.expresscall.test.ECInterfaceTest](this:0x41cae430,api:1) [queue] fps:1.66, dur:13857.39, max:13477.92, min:15.21
W/Trace   (15160): Unexpected value from nativeGetEnabledTags: 0
W/Trace   (15160): Unexpected value from nativeGetEnabledTags: 0
I/BufferQueue(  131): [com.joey.expresscall/com.joey.expresscall.test.ECInterfaceTest](this:0x41cae430,api:1) [release] fps:1.66, dur:13860.06, max:13480.35, min:17.19
I/SurfaceFlinger(  131): [SurfaceFlinger] fps:1.675249,dur:1193.85,max:702.58,min:491.27
V/ActivityManager(  663): getTasks: max=1, flags=0, receiver=null
V/ActivityManager(  663): com.joey.expresscall/.test.ECInterfaceTest: task=TaskRecord{4237d740 #63 A com.joey.expresscall U 0}
V/ActivityManager(  663): We have pending thumbnails: null
V/Provider/Settings(15160): invalidate [system]: current 38 != cached 37
D/SettingsProvider(  663): call request for 0
V/SettingsProvider(  663): call(system:sound_effects_enabled) for 0
D/SettingsProvider(  663): lookupValue table system cache contains Key sound_effects_enabled , value = Bundle[{value=0}]
V/Provider/Settings(15160): from db cache, name = sound_effects_enabled , value = 0
D/dalvikvm(15160): create interp thread : stack size=32KB
D/dalvikvm(15160): create new thread
D/dalvikvm(15160): new thread created
D/dalvikvm(15160): update thread list
D/dalvikvm(15160): threadid=15: interp stack at 0x5e49f000
D/dalvikvm(15160): threadid=15: created from interp
D/dalvikvm(15160): start new thread
D/dalvikvm(15160): threadid=15: notify debugger
D/dalvikvm(15160): threadid=15 (Thread-1321): calling run()
W/Trace   (15160): Unexpected value from nativeGetEnabledTags: 0
W/Trace   (15160): Unexpected value from nativeGetEnabledTags: 0
W/Trace   ( 9069): Unexpected value from nativeGetEnabledTags: 0
W/Trace   (15160): Unexpected value from nativeGetEnabledTags: 0
W/Trace   ( 9069): Unexpected value from nativeGetEnabledTags: 0
W/Trace   (15160): Unexpected value from nativeGetEnabledTags: 0
W/Trace   (15160): Unexpected value from nativeGetEnabledTags: 0
W/Trace   (15160): Unexpected value from nativeGetEnabledTags: 0
W/Trace   (15160): Unexpected value from nativeGetEnabledTags: 0
W/Trace   (15160): Unexpected value from nativeGetEnabledTags: 0
W/Trace   (15160): Unexpected value from nativeGetEnabledTags: 0
W/Trace   (15160): Unexpected value from nativeGetEnabledTags: 0
V/HttpCommImp(15160): Post string = {"Request":{"token":"189105176191463925928903","pageSize":10,"pageNum":0}}
I/httpComm(15160): url = http://jdsc2015.xicp.net/SYH/record/groupCallList.do
E/MyLog   (15160): append without file
I/System.out(15160): [CDS]rx timeout:20000
I/System.out(15160): >doSendRequest
I/System.out(15160): <doSendRequest
I/System.out(15160): [CDS]close[46941]
I/System.out(15160): close [socket][/0.0.0.0:46941]
I/System.out(15160): ex:org.apache.http.NoHttpResponseException: The target server failed to respond
I/System.out(15160): retry1
D/FrameworkListener(  127): dispatchCommand data = (getaddrinfo jdsc2015.xicp.net ^ 1024 0 1 0)
D/libc-netbsd(  127): getaddrinfo: jdsc2015.xicp.net NO result from proxy 
D/libc-netbsd(  127): res_queryN name = jdsc2015.xicp.net, class = 1, type = 1
D/libc-netbsd(  127): res_queryN name = jdsc2015.xicp.net succeed
D/SocketClient(  127): SocketClient sendDatalocked done: 222
D/SocketClient(  127): SocketClient sendDatalocked done: 
D/SocketClient(  127): SocketClient sendDatalocked done: 
D/SocketClient(  127): SocketClient sendDatalocked done: 
D/SocketClient(  127): SocketClient sendDatalocked done: 
D/SocketClient(  127): SocketClient sendDatalocked done: 
D/SocketClient(  127): SocketClient sendDatalocked done: 
D/libc-netbsd(15160): getaddrinfo: jdsc2015.xicp.net get result from proxy >>
I/System.out(15160): propertyValue:true
I/System.out(15160): [socket][2] connection /103.44.145.247:80;LocalPort=40337(20000)
I/System.out(15160): [CDS]connect[/103.44.145.247:80] tm:20
D/Posix   (15160): [Posix_connect Debug]Process com.joey.expresscall :80 
I/System.out(15160): [socket][/192.168.3.9:40337] connected
I/System.out(15160): [CDS]rx timeout:20000
W/System.err(15160): rto value is too small:0
I/System.out(15160): >doSendRequest
I/System.out(15160): <doSendRequest
D/dalvikvm(15160): GC_CONCURRENT freed 380K, 14% free 3723K/4284K, paused 4ms+3ms, total 32ms
V/ActivityManager(  663): getTasks: max=1, flags=0, receiver=null
V/ActivityManager(  663): com.joey.expresscall/.test.ECInterfaceTest: task=TaskRecord{4237d740 #63 A com.joey.expresscall U 0}
V/ActivityManager(  663): We have pending thumbnails: null
W/Trace   (  788): Unexpected value from nativeGetEnabledTags: 0
W/Trace   (  788): Unexpected value from nativeGetEnabledTags: 0
W/Trace   (  788): Unexpected value from nativeGetEnabledTags: 0
W/Trace   (  788): Unexpected value from nativeGetEnabledTags: 0
W/Trace   (  788): Unexpected value from nativeGetEnabledTags: 0
W/Trace   (  788): Unexpected value from nativeGetEnabledTags: 0
W/Trace   (  788): Unexpected value from nativeGetEnabledTags: 0
W/Trace   (  788): Unexpected value from nativeGetEnabledTags: 0
I/SurfaceTextureClient(  788): [STC::queueBuffer] (this:0x5e363390) fps:1.33, dur:1498.49, max:1007.79, min:490.70
I/BufferQueue(  131): [StatusBar](this:0x41fdf8f8,api:1) [queue] fps:1.33, dur:1498.51, max:1008.10, min:490.41
W/Trace   (  788): Unexpected value from nativeGetEnabledTags: 0
W/Trace   (  788): Unexpected value from nativeGetEnabledTags: 0
I/BufferQueue(  131): [StatusBar](this:0x41fdf8f8,api:1) [release] fps:1.33, dur:1498.35, max:1007.00, min:491.35
I/System.out(15160): [CDS]close[40337]
I/System.out(15160): close [socket][/0.0.0.0:40337]
I/System.out(15160): close [socket][/0.0.0.0:40337]
V/HttpCommImp(15160): Post request string = null
I/interfacetest%%%(15160): response = null
E/MyLog   (15160): append without file
I/NotificationService(  663): enqueueToast pkg=com.joey.expresscall callback=android.app.ITransientNotification$Stub$Proxy@41c26a60 duration=0
V/NotificationService(  663): notifications are enabled for com.joey.expresscall
D/NotificationService(  663): Show pkg=com.joey.expresscall callback=android.app.ITransientNotification$Stub$Proxy@41c26a60
D/dalvikvm(15160): threadid=15: exiting
D/dalvikvm(15160): threadid=15: bye!
W/Trace   (15160): Unexpected value from nativeGetEnabledTags: 0
W/Trace   (15160): Unexpected value from nativeGetEnabledTags: 0
W/Trace   (15160): Unexpected value from nativeGetEnabledTags: 0
I/BufferQueue(  131): [unnamed-131-359](this:0x41ff4eb0,api:0) BufferQueue
I/BufferQueue(  131): [unnamed-131-359](this:0x41ff4eb0,api:0) consumerConnect
I/BufferQueue(  131): [unnamed-131-359](this:0x41ff4eb0,api:0) setConsumerName: unnamed-131-359
I/SurfaceTexture(  131): [unnamed-131-359](this:0x41cab8e0,api:0) SurfaceTexture
I/BufferQueue(  131): [unnamed-131-359](this:0x41ff4eb0,api:0) setSynchronousMode: enabled=1
I/BufferQueue(  131): [unnamed-131-359](this:0x41ff4eb0,api:0) setDefaultBufferSize: w=1, h=1
I/BufferQueue(  131): [Toast](this:0x41ff4eb0,api:0) setConsumerName: Toast
W/Trace   (  663): Unexpected value from nativeGetEnabledTags: 0
D/KeyguardUpdateMonitor(  663): sendKeyguardVisibilityChanged(true)
D/KeyguardUpdateMonitor(  663): handleKeyguardVisibilityChanged(1)
D/KeyguardViewMediator(  663): handleMessage enter msg name=SET_HIDDEN
D/KeyguardViewMediator(  663): handleMessage exit msg name=SET_HIDDEN
I/BufferQueue(  131): [Toast](this:0x41ff4eb0,api:0) setDefaultBufferSize: w=144, h=77
D/PowerManagerService(  663): acquireWakeLockInternal: lock=1101618792, flags=0x2000000a, tag="WindowManager", ws={WorkSource: uids=[10066]}, uid=1000, pid=663
D/PowerManagerService(  663): updateWakeLockSummaryLocked: mWakefulness=Awake, mWakeLockSummary=0x23
D/PowerManagerService(  663): newScreenState = 2
D/PowerManagerDisplayController(  663): requestPowerState: screenState=2, useProximitySensor=false, screenBrightness=128, screenAutoBrightnessAdjustment=0.0, useAutoBrightness=false, useEcoBrightness=false, blockScreenOn=false, waitForNegativeProximity=false
I/PowerManagerService(  663): setBrightness mButtonLight, screenBrightness=128
D/PowerManagerService(  663): updateScreenStateLocked: mDisplayReady=true, newScreenState=2, mWakefulness=1, mWakeLockSummary=0x23, mUserActivitySummary=0x5, mBootCompleted=true
D/PowerManagerService(  663): handleSandman: canDream=true, mWakefulness=Awake
W/Trace   (  663): Unexpected value from nativeGetEnabledTags: 0
W/Trace   (15160): Unexpected value from nativeGetEnabledTags: 0
W/Trace   (15160): Unexpected value from nativeGetEnabledTags: 0
W/Trace   (15160): Unexpected value from nativeGetEnabledTags: 0
W/Trace   (15160): Unexpected value from nativeGetEnabledTags: 0
W/Trace   (15160): Unexpected value from nativeGetEnabledTags: 0
W/Trace   (15160): Unexpected value from nativeGetEnabledTags: 0
W/Trace   (15160): Unexpected value from nativeGetEnabledTags: 0
W/Trace   (15160): Unexpected value from nativeGetEnabledTags: 0
W/Trace   (15160): Unexpected value from nativeGetEnabledTags: 0
I/BufferQueue(  131): [Toast](this:0x41ff4eb0,api:0) connect: api=2
I/BufferQueue(  131): [Toast](this:0x41ff4eb0,api:2) setSynchronousMode: enabled=1
I/BufferQueue(  131): [Toast](this:0x41ff4eb0,api:2) new GraphicBuffer needed
D/BufferQueue(  131):     [OLD] gb:NULL
I/GraphicBuffer(  131): allocate buffer (w:160 h:77 f:1) err(0)
I/BufferQueue(  131):     [NEW] gb=0x41cac540, handle=0x41cac0e0, w=144, h=77, s=160, fmt=1
W/Trace   (15160): Unexpected value from nativeGetEnabledTags: 0
W/Trace   (  663): Unexpected value from nativeGetEnabledTags: 0
D/KeyguardUpdateMonitor(  663): sendKeyguardVisibilityChanged(true)
D/KeyguardUpdateMonitor(  663): handleKeyguardVisibilityChanged(1)
D/KeyguardViewMediator(  663): handleMessage enter msg name=SET_HIDDEN
D/KeyguardViewMediator(  663): handleMessage exit msg name=SET_HIDDEN
W/Trace   (  663): Unexpected value from nativeGetEnabledTags: 0
W/Trace   (15160): Unexpected value from nativeGetEnabledTags: 0
I/SurfaceTexture(  131): [Toast](this:0x41cab8e0,api:2) [void* android::SurfaceTexture::createImage(EGLDisplay, const android::sp<android::GraphicBuffer>&)]
D/SurfaceTexture(  131):     GraphicBuffer: gb=0x41cac540 handle=0x41cac0e0
D/SurfaceTexture(  131):     EGLImage: dpy=0x1, img=0x41ff7a88
I/SurfaceTextureClient(  131): [STC::queueBuffer] (this:0x41fd3170) fps:0.57, dur:21095.44, max:20871.34, min:16.90
I/SurfaceTextureClient(  131): [STC::queueBuffer] this:0x41fd3170, api:1, last queue time elapsed:20871.34
I/BufferQueue(  131): [FramebufferSurface](this:0x41fd2668,api:1) [release] fps:0.57, dur:21095.52, max:20871.48, min:16.90
I/BufferQueue(  131): [FramebufferSurface](this:0x41fd2668,api:1) [queue] fps:0.57, dur:21095.57, max:20871.55, min:16.90
W/Trace   ( 9069): Unexpected value from nativeGetEnabledTags: 0
W/Trace   ( 9069): Unexpected value from nativeGetEnabledTags: 0
D/NetworkControllerGemini(  788): refreshViews(0), DataConnected=false simColorId = -1
D/NetworkControllerGemini(  788): refreshViews(0), set parameters to signal cluster view.
D/ADB_SERVICES(  181): adb fdevent_process list (16) (17) 
D/ADB_SERVICES(  181): adb socket read list (16) 
D/ADB_SERVICES(  181): read_data=37035
D/ADB_SERVICES(  181): max_read_time=0.000071 max_send_time=0.000105 
D/NetworkControllerGemini(  788): refreshViews(0), tempPhoneSignalIconId.0 = 2130837558  tempPhoneSignalIconId.1 = 0  tempMobileActivityIconId= 0  tempDataTypeIconId= 0
D/SignalClusterViewGemini(  788): setMobileDataIndicators(0), visible=true, strengthIcon[0] ~ [1] 2130837558 ~ 0
D/ADB_SERVICES(  181): adb local_socket_ready list (16) 
D/SignalClusterViewGemini(  788): setShowSimIndicator(0), showSimIndicator=false simIndicatorResource = 0
D/SignalClusterViewGemini(  788): setDataConnected(0), dataConnected=false
D/SignalClusterViewGemini(  788): setDataNetType3G(0), dataNetType=null
D/skia    (  788): Flag is not 10
D/SignalClusterViewGemini(  788): apply : mShowSimIndicator = false mSimIndicatorResource = 0 mShowSimIndicatorGemini = false mSimIndicatorResourceGemini = 0
D/SignalClusterViewGemini(  788): apply, mMobileVisible=true mMobileActivityId=0 mMobileTypeId=0 mMobileStrengthId[0] = 2130837558 mMobileStrengthId[1] = 0
D/SignalClusterViewGemini(  788): isSimInserted(0), SimInserted=false
D/SignalClusterViewGemini(  788): apply, mMobileVisibleGemini=true mMobileActivityIdGemini=0 mMobileTypeIdGemini=2130837912 mMobileStrengthIdGemini[0] = 2130837961 mMobileStrengthIdGemini[1] = 0
D/SignalClusterViewGemini(  788): isSimInserted(1), SimInserted=true
D/SignalClusterViewGemini(  788): mDataNetTypeGemini =Type_G resId= 2130837554 simColorId = 3
D/SignalClusterViewGemini(  788): apply, mMobileVisible=true, mWifiVisible=true, mIsAirplaneMode=false
D/SignalClusterViewGemini(  788): isSimInserted(0), SimInserted=false
D/SignalClusterViewGemini(  788): isSimInserted(1), SimInserted=true
D/SignalClusterViewGemini(  788): isSimInserted(1), SimInserted=true
D/NetworkControllerGemini(  788): refreshViews(1), DataConnected=false simColorId = 3
D/SignalClusterViewGemini(  788): setShowSimIndicator(1), showSimIndicator=false simIndicatorResource = 0
D/SignalClusterViewGemini(  788): setDataConnected(1), dataConnected=false
D/SignalClusterViewGemini(  788): setDataNetType3G(1), dataNetType=Type_G
D/SignalClusterViewGemini(  788): apply : mShowSimIndicator = false mSimIndicatorResource = 0 mShowSimIndicatorGemini = false mSimIndicatorResourceGemini = 0
D/SignalClusterViewGemini(  788): apply, mMobileVisibleGemini=true mMobileActivityIdGemini=0 mMobileTypeIdGemini=2130837912 mMobileStrengthIdGemini[0] = 2130837961 mMobileStrengthIdGemini[1] = 0
D/SignalClusterViewGemini(  788): isSimInserted(1), SimInserted=true
D/SignalClusterViewGemini(  788): mDataNetTypeGemini =Type_G resId= 2130837554 simColorId = 3
D/SignalClusterViewGemini(  788): apply, mMobileVisible=false, mWifiVisible=true, mIsAirplaneMode=false
D/SignalClusterViewGemini(  788): isSimInserted(0), SimInserted=false
D/SignalClusterViewGemini(  788): isSimInserted(1), SimInserted=true
D/SignalClusterViewGemini(  788): isSimInserted(1), SimInserted=true
W/Trace   (  788): Unexpected value from nativeGetEnabledTags: 0
W/Trace   (  788): Unexpected value from nativeGetEnabledTags: 0
W/Trace   (  788): Unexpected value from nativeGetEnabledTags: 0
W/Trace   (  788): Unexpected value from nativeGetEnabledTags: 0
W/Trace   (  788): Unexpected value from nativeGetEnabledTags: 0
W/Trace   (  788): Unexpected value from nativeGetEnabledTags: 0
W/Trace   (  788): Unexpected value from nativeGetEnabledTags: 0
W/Trace   (  788): Unexpected value from nativeGetEnabledTags: 0
W/Trace   (  788): Unexpected value from nativeGetEnabledTags: 0
W/Trace   (  788): Unexpected value from nativeGetEnabledTags: 0
W/Trace   (  788): Unexpected value from nativeGetEnabledTags: 0
W/Trace   (  788): Unexpected value from nativeGetEnabledTags: 0
W/Trace   (  788): Unexpected value from nativeGetEnabledTags: 0
W/Trace   (  788): Unexpected value from nativeGetEnabledTags: 0
W/Trace   (  788): Unexpected value from nativeGetEnabledTags: 0
W/Trace   (  788): Unexpected value from nativeGetEnabledTags: 0
W/Trace   (  788): Unexpected value from nativeGetEnabledTags: 0
W/Trace   (  788): Unexpected value from nativeGetEnabledTags: 0
W/Trace   (  788): Unexpected value from nativeGetEnabledTags: 0
W/Trace   (  788): Unexpected value from nativeGetEnabledTags: 0
W/Trace   (  788): Unexpected value from nativeGetEnabledTags: 0
W/Trace   (  788): Unexpected value from nativeGetEnabledTags: 0
W/Trace   (  788): Unexpected value from nativeGetEnabledTags: 0
W/Trace   (  788): Unexpected value from nativeGetEnabledTags: 0
W/Trace   (  663): Unexpected value from nativeGetEnabledTags: 0
D/KeyguardUpdateMonitor(  663): sendKeyguardVisibilityChanged(true)
D/KeyguardUpdateMonitor(  663): handleKeyguardVisibilityChanged(1)
D/KeyguardViewMediator(  663): handleMessage enter msg name=SET_HIDDEN
D/KeyguardViewMediator(  663): handleMessage exit msg name=SET_HIDDEN
W/Trace   (  663): Unexpected value from nativeGetEnabledTags: 0
V/ActivityManager(  663): getTasks: max=1, flags=0, receiver=null
V/ActivityManager(  663): com.joey.expresscall/.test.ECInterfaceTest: task=TaskRecord{4237d740 #63 A com.joey.expresscall U 0}
V/ActivityManager(  663): We have pending thumbnails: null
W/Trace   ( 9069): Unexpected value from nativeGetEnabledTags: 0
W/Trace   ( 9069): Unexpected value from nativeGetEnabledTags: 0
D/NetworkControllerGemini(  788): PhoneStateListener:onSignalStrengthsChanged, sim2 before.
D/NetworkControllerGemini(  788): PhoneStateListener:onSignalStrengthsChanged, signalStrength=4
D/NetworkControllerGemini(  788): updateDataNetType(1), DataNetType=1.
D/NetworkControllerGemini(  788): updateDataNetType(1), simColorId=3
D/TelephonyManagerEx(  788): isNetworkRoaming
D/NetworkControllerGemini(  788): updateDataNetType(1), DataNetType3G=Type_G tempDataTypeIconId= 2130837912.
D/NetworkControllerGemini(  788): isSimInserted(1), SimInserted=true
D/NetworkControllerGemini(  788): updateTelephonySignalStrength(1), regState=1
D/NetworkControllerGemini(  788): updateTelephonySignalStrength(1), hasService=true
D/TelephonyManagerEx(  788): isNetworkRoaming
D/NetworkControllerGemini(  788): updateTelephonySignalStrength(1), isRoaming=false, mInetCondition=0
V/ActivityManager(  663): Broadcast sticky: Intent { act=android.intent.action.SIG_STR flg=0x10 (has extras) } ordered=false userid=-1
D/NetworkControllerGemini(  788): updateTelephonySignalStrength(1), simColorId=3
D/NetworkControllerGemini(  788): updateTelephonySignalStrength(1), tempDataNetType = Type_G , simColorId=3  tempPhoneSignalIconId[0] = 2130837961  tempPhoneSignalIconId[1] = 0
D/NetworkControllerGemini(  788):  updateTelephonySignalStrength(1) tempSIMCUSignVisible= true
D/NetworkControllerGemini(  788): updateTelephonySignalStrength(1) mSIMCUSignVisible = true
D/NetworkControllerGemini(  788): refreshViews(1), DataConnected=false simColorId = 3
W/Trace   (  864): Unexpected value from nativeGetEnabledTags: 0
D/Bluetooth HS/HF(  864): [BT][HFG] [API] mStateReceiver.onReceive(android.intent.action.SIG_STR)
W/Trace   (  864): Unexpected value from nativeGetEnabledTags: 0
D/Bluetooth HS/HF(  864): [BT][HFG] [API] mHandler.handleMessage(10)
D/SignalClusterViewGemini(  788): setShowSimIndicator(1), showSimIndicator=false simIndicatorResource = 0
D/SignalClusterViewGemini(  788): setDataConnected(1), dataConnected=false
D/SignalClusterViewGemini(  788): setDataNetType3G(1), dataNetType=Type_G
D/SignalClusterViewGemini(  788): apply : mShowSimIndicator = false mSimIndicatorResource = 0 mShowSimIndicatorGemini = false mSimIndicatorResourceGemini = 0
D/SignalClusterViewGemini(  788): apply, mMobileVisibleGemini=true mMobileActivityIdGemini=0 mMobileTypeIdGemini=2130837912 mMobileStrengthIdGemini[0] = 2130837961 mMobileStrengthIdGemini[1] = 0
D/SignalClusterViewGemini(  788): isSimInserted(1), SimInserted=true
D/SignalClusterViewGemini(  788): mDataNetTypeGemini =Type_G resId= 2130837554 simColorId = 3
D/SignalClusterViewGemini(  788): apply, mMobileVisible=false, mWifiVisible=true, mIsAirplaneMode=false
D/SignalClusterViewGemini(  788): isSimInserted(0), SimInserted=false
D/SignalClusterViewGemini(  788): isSimInserted(1), SimInserted=true
D/SignalClusterViewGemini(  788): isSimInserted(1), SimInserted=true
D/NetworkControllerGemini(  788): PhoneStateListener:onSignalStrengthsChanged, sim2 after.
W/Trace   (  788): Unexpected value from nativeGetEnabledTags: 0
W/Trace   (  788): Unexpected value from nativeGetEnabledTags: 0
W/Trace   (  788): Unexpected value from nativeGetEnabledTags: 0
W/Trace   (  788): Unexpected value from nativeGetEnabledTags: 0
W/Trace   (  788): Unexpected value from nativeGetEnabledTags: 0
W/Trace   (  788): Unexpected value from nativeGetEnabledTags: 0
W/Trace   (  788): Unexpected value from nativeGetEnabledTags: 0
W/Trace   (  788): Unexpected value from nativeGetEnabledTags: 0
W/Trace   (  788): Unexpected value from nativeGetEnabledTags: 0
W/Trace   (  788): Unexpected value from nativeGetEnabledTags: 0
W/Trace   (  788): Unexpected value from nativeGetEnabledTags: 0
W/Trace   (  788): Unexpected value from nativeGetEnabledTags: 0
I/SurfaceTextureClient(  788): [STC::queueBuffer] (this:0x5e363390) fps:2.98, dur:1006.58, max:510.65, min:77.24
I/BufferQueue(  131): [StatusBar](this:0x41fdf8f8,api:1) [queue] fps:2.98, dur:1006.59, max:510.99, min:77.44
I/SurfaceFlinger(  131): [SurfaceFlinger] fps:26.110430,dur:1302.16,max:342.80,min:1.59
W/Trace   ( 9069): Unexpected value from nativeGetEnabledTags: 0
W/Trace   ( 9069): Unexpected value from nativeGetEnabledTags: 0
E/Fence   (  788): dequeueBuffer_DEPRECATED: fence 67 didn't signal in 300 ms
W/Trace   (  788): Unexpected value from nativeGetEnabledTags: 0
W/Trace   (  788): Unexpected value from nativeGetEnabledTags: 0
D/NetworkControllerGemini(  788): refreshViews(0), DataConnected=false simColorId = -1
D/NetworkControllerGemini(  788): refreshViews(0), set parameters to signal cluster view.
W/ADB_SERVICES(  181): create_local_service_socket() name=shell:cat /proc/meminfo
D/NetworkControllerGemini(  788): refreshViews(0), tempPhoneSignalIconId.0 = 2130837558  tempPhoneSignalIconId.1 = 0  tempMobileActivityIconId= 0  tempDataTypeIconId= 0
D/SignalClusterViewGemini(  788): setMobileDataIndicators(0), visible=true, strengthIcon[0] ~ [1] 2130837558 ~ 0
D/SignalClusterViewGemini(  788): setShowSimIndicator(0), showSimIndicator=false simIndicatorResource = 0
D/SignalClusterViewGemini(  788): setDataConnected(0), dataConnected=false
W/ADB_SERVICES(15457): adb: unable to open /proc/15457/oom_adj
D/SignalClusterViewGemini(  788): setDataNetType3G(0), dataNetType=null
D/ADB_SERVICES(  181):  closing because is_eof=1 r=1 s->fde.force_eof=0
D/SignalClusterViewGemini(  788): apply : mShowSimIndicator = false mSimIndicatorResource = 0 mShowSimIndicatorGemini = false mSimIndicatorResourceGemini = 0
D/SignalClusterViewGemini(  788): apply, mMobileVisible=true mMobileActivityId=0 mMobileTypeId=0 mMobileStrengthId[0] = 2130837558 mMobileStrengthId[1] = 0
W/ADB_SERVICES(  181): create_local_service_socket() name=shell:ps
D/SignalClusterViewGemini(  788): isSimInserted(0), SimInserted=false
W/ADB_SERVICES(15458): adb: unable to open /proc/15458/oom_adj
D/SignalClusterViewGemini(  788): apply, mMobileVisibleGemini=true mMobileActivityIdGemini=0 mMobileTypeIdGemini=2130837912 mMobileStrengthIdGemini[0] = 2130837961 mMobileStrengthIdGemini[1] = 0
D/SignalClusterViewGemini(  788): isSimInserted(1), SimInserted=true
D/SignalClusterViewGemini(  788): mDataNetTypeGemini =Type_G resId= 2130837554 simColorId = 3
D/SignalClusterViewGemini(  788): apply, mMobileVisible=true, mWifiVisible=true, mIsAirplaneMode=false
D/SignalClusterViewGemini(  788): isSimInserted(0), SimInserted=false
D/SignalClusterViewGemini(  788): isSimInserted(1), SimInserted=true
D/SignalClusterViewGemini(  788): isSimInserted(1), SimInserted=true
D/NetworkControllerGemini(  788): refreshViews(1), DataConnected=false simColorId = 3
D/SignalClusterViewGemini(  788): setShowSimIndicator(1), showSimIndicator=false simIndicatorResource = 0
D/SignalClusterViewGemini(  788): setDataConnected(1), dataConnected=false
D/SignalClusterViewGemini(  788): setDataNetType3G(1), dataNetType=Type_G
D/SignalClusterViewGemini(  788): apply : mShowSimIndicator = false mSimIndicatorResource = 0 mShowSimIndicatorGemini = false mSimIndicatorResourceGemini = 0
D/SignalClusterViewGemini(  788): apply, mMobileVisibleGemini=true mMobileActivityIdGemini=0 mMobileTypeIdGemini=2130837912 mMobileStrengthIdGemini[0] = 2130837961 mMobileStrengthIdGemini[1] = 0
D/SignalClusterViewGemini(  788): isSimInserted(1), SimInserted=true
D/SignalClusterViewGemini(  788): mDataNetTypeGemini =Type_G resId= 2130837554 simColorId = 3
D/SignalClusterViewGemini(  788): apply, mMobileVisible=false, mWifiVisible=true, mIsAirplaneMode=false
D/SignalClusterViewGemini(  788): isSimInserted(0), SimInserted=false
D/SignalClusterViewGemini(  788): isSimInserted(1), SimInserted=true
D/SignalClusterViewGemini(  788): isSimInserted(1), SimInserted=true
W/Trace   (  788): Unexpected value from nativeGetEnabledTags: 0
W/Trace   (  788): Unexpected value from nativeGetEnabledTags: 0
W/Trace   (  788): Unexpected value from nativeGetEnabledTags: 0
W/Trace   (  788): Unexpected value from nativeGetEnabledTags: 0
W/Trace   (  788): Unexpected value from nativeGetEnabledTags: 0
W/Trace   (  788): Unexpected value from nativeGetEnabledTags: 0
W/Trace   (  788): Unexpected value from nativeGetEnabledTags: 0
W/Trace   (  788): Unexpected value from nativeGetEnabledTags: 0
W/Trace   (  788): Unexpected value from nativeGetEnabledTags: 0
W/Trace   (  788): Unexpected value from nativeGetEnabledTags: 0
W/Trace   (  788): Unexpected value from nativeGetEnabledTags: 0
W/Trace   (  788): Unexpected value from nativeGetEnabledTags: 0
W/Trace   (  788): Unexpected value from nativeGetEnabledTags: 0
W/Trace   (  788): Unexpected value from nativeGetEnabledTags: 0
D/ADB_SERVICES(  181):  closing because is_eof=1 r=1 s->fde.force_eof=0
V/ActivityManager(  663): getTasks: max=1, flags=0, receiver=null
V/ActivityManager(  663): com.joey.expresscall/.test.ECInterfaceTest: task=TaskRecord{4237d740 #63 A com.joey.expresscall U 0}
V/ActivityManager(  663): We have pending thumbnails: null
I/BufferQueue(  131): [StatusBar](this:0x41fdf8f8,api:1) [release] fps:2.68, dur:1494.25, max:496.84, min:91.27
W/Trace   (  788): Unexpected value from nativeGetEnabledTags: 0
W/Trace   (  788): Unexpected value from nativeGetEnabledTags: 0
W/Trace   (  788): Unexpected value from nativeGetEnabledTags: 0
W/Trace   (  788): Unexpected value from nativeGetEnabledTags: 0
W/Trace   (  788): Unexpected value from nativeGetEnabledTags: 0
W/Trace   (  788): Unexpected value from nativeGetEnabledTags: 0
W/Trace   (  788): Unexpected value from nativeGetEnabledTags: 0
W/Trace   (  788): Unexpected value from nativeGetEnabledTags: 0
W/Trace   (  788): Unexpected value from nativeGetEnabledTags: 0
W/Trace   (  788): Unexpected value from nativeGetEnabledTags: 0
D/StateMachine(  663): handleMessage: E msg.what=131155
D/StateMachine(  663): processMsg: ConnectedState
D/WifiStateMachine(  663): ConnectedState{ what=131155 when=-4ms arg1=15 target=Handler (com.android.internal.util.StateMachine$SmHandler) {41c1f138} }
D/StateMachine(  663): processMsg: L2ConnectedState
D/WifiStateMachine(  663): L2ConnectedState{ what=131155 when=-6ms arg1=15 target=Handler (com.android.internal.util.StateMachine$SmHandler) {41c1f138} }
D/WifiNative-wlan0(  663): doString: SIGNAL_POLL
D/WifiCommon(  663): [wlan0] SET "SIGNAL_POLL"
D/wpa_supplicant( 1076): RX ctrl_iface - hexdump(len=11): 53 49 47 4e 41 4c 5f 50 4f 4c 4c
D/wpa_supplicant( 1076): wlan0: Control interface command 'SIGNAL_POLL'
D/wpa_supplicant( 1076): nl80211: survey data missing!
I/WifiStateMachine(  663): fetchRssiAndLinkSpeedNative, newRssi:-30, newLinkSpeed:135
D/StateMachine(  663): handleMessage: X
V/ActivityManager(  663): getTasks: max=1, flags=0, receiver=null
V/ActivityManager(  663): com.joey.expresscall/.test.ECInterfaceTest: task=TaskRecord{4237d740 #63 A com.joey.expresscall U 0}
V/ActivityManager(  663): We have pending thumbnails: null
W/Trace   ( 9069): Unexpected value from nativeGetEnabledTags: 0
W/Trace   ( 9069): Unexpected value from nativeGetEnabledTags: 0
W/Trace   (  788): Unexpected value from nativeGetEnabledTags: 0
W/Trace   (  788): Unexpected value from nativeGetEnabledTags: 0
W/Trace   (  788): Unexpected value from nativeGetEnabledTags: 0
W/Trace   (  788): Unexpected value from nativeGetEnabledTags: 0
W/Trace   (  788): Unexpected value from nativeGetEnabledTags: 0
W/Trace   (  788): Unexpected value from nativeGetEnabledTags: 0
W/Trace   (  788): Unexpected value from nativeGetEnabledTags: 0
W/Trace   (  788): Unexpected value from nativeGetEnabledTags: 0
I/SurfaceTextureClient(  788): [STC::queueBuffer] (this:0x5e363390) fps:3.00, dur:1000.44, max:498.00, min:17.21
I/BufferQueue(  131): [StatusBar](this:0x41fdf8f8,api:1) [queue] fps:3.00, dur:1000.43, max:498.24, min:16.68
W/Trace   (  788): Unexpected value from nativeGetEnabledTags: 0
W/Trace   (  788): Unexpected value from nativeGetEnabledTags: 0
I/SurfaceFlinger(  131): [SurfaceFlinger] fps:2.970385,dur:1009.97,max:496.59,min:17.96
D/NotificationService(  663): Timeout pkg=com.joey.expresscall callback=android.app.ITransientNotification$Stub$Proxy@41c26a60
D/IPCThreadState(  663): [DN #5] BR_CLEAR_DEATH_NOTIFICATION_DONE cookie 0x5dd15a48
I/BufferQueue(  131): [Toast](this:0x41ff4eb0,api:2) disconnect: api=2
I/SurfaceTexture(  131): [Toast] [virtual android::status_t android::SurfaceTexture::forceAuxConversionLocked()] mCurrentTexture:0, mCurrentBuf:0x41cac540
I/BufferQueue(  131): [Toast](this:0x41ff4eb0,api:0) getReleasedBuffers: returning mask 0xffffffff
I/SurfaceTexture(  131): [Toast](this:0x41cab8e0,api:0) destroying EGLImage dpy=0x1 img=0x41ff7a88
W/Trace   (  663): Unexpected value from nativeGetEnabledTags: 0
D/KeyguardUpdateMonitor(  663): sendKeyguardVisibilityChanged(true)
D/KeyguardUpdateMonitor(  663): handleKeyguardVisibilityChanged(1)
D/KeyguardViewMediator(  663): handleMessage enter msg name=SET_HIDDEN
D/KeyguardViewMediator(  663): handleMessage exit msg name=SET_HIDDEN
W/Trace   (  663): Unexpected value from nativeGetEnabledTags: 0
I/SurfaceTextureClient(  131): [STC::queueBuffer] (this:0x41fd3170) fps:13.19, dur:1970.69, max:1525.25, min:12.24
I/BufferQueue(  131): [FramebufferSurface](this:0x41fd2668,api:1) [release] fps:13.19, dur:1970.65, max:1525.33, min:12.24
I/BufferQueue(  131): [FramebufferSurface](this:0x41fd2668,api:1) [queue] fps:13.19, dur:1970.65, max:1525.41, min:12.24
W/Trace   ( 9069): Unexpected value from nativeGetEnabledTags: 0
W/Trace   ( 9069): Unexpected value from nativeGetEnabledTags: 0
W/Trace   (  663): Unexpected value from nativeGetEnabledTags: 0
D/KeyguardUpdateMonitor(  663): sendKeyguardVisibilityChanged(true)
D/KeyguardUpdateMonitor(  663): handleKeyguardVisibilityChanged(1)
D/KeyguardViewMediator(  663): handleMessage enter msg name=SET_HIDDEN
D/KeyguardViewMediator(  663): handleMessage exit msg name=SET_HIDDEN
D/IPCThreadState(  663): [DN #5] BR_CLEAR_DEATH_NOTIFICATION_DONE cookie 0x62fac138
I/BufferQueue(  131): [Toast](this:0x41ff4eb0,api:0) consumerDisconnect
I/BufferQueue(  131): [Toast](this:0x41ff4eb0,api:0) ~BufferQueue
W/Trace   (  663): Unexpected value from nativeGetEnabledTags: 0
W/Trace   (  663): Unexpected value from nativeGetEnabledTags: 0
D/KeyguardUpdateMonitor(  663): sendKeyguardVisibilityChanged(true)
D/KeyguardUpdateMonitor(  663): handleKeyguardVisibilityChanged(1)
D/KeyguardViewMediator(  663): handleMessage enter msg name=SET_HIDDEN
D/KeyguardViewMediator(  663): handleMessage exit msg name=SET_HIDDEN
D/PowerManagerService(  663): userActivityNoUpdateLocked: eventTime=32429414, event=0, flags=0x0, uid=1000
D/PowerManagerNotifier(  663): onUserActivity: event=0, uid=1000
D/PowerManagerService(  663): updateUserActivitySummaryLocked: mWakefulness=Awake, mUserActivitySummary=0x5, nextTimeout=32437414 (in 7998 ms)
D/PowerManagerService(  663): newScreenState = 2
D/PowerManagerDisplayController(  663): requestPowerState: screenState=2, useProximitySensor=false, screenBrightness=128, screenAutoBrightnessAdjustment=0.0, useAutoBrightness=false, useEcoBrightness=false, blockScreenOn=false, waitForNegativeProximity=false
I/PowerManagerService(  663): setBrightness mButtonLight, screenBrightness=128
D/PowerManagerService(  663): updateScreenStateLocked: mDisplayReady=true, newScreenState=2, mWakefulness=1, mWakeLockSummary=0x23, mUserActivitySummary=0x5, mBootCompleted=true
D/PowerManagerService(  663): handleSandman: canDream=true, mWakefulness=Awake
D/PowerManagerService(  663): releaseWakeLockInternal: lock=1101618792, flags=0x0
D/PowerManagerService(  663): userActivityNoUpdateLocked: eventTime=32429418, event=0, flags=0x1, uid=1000
D/PowerManagerNotifier(  663): onUserActivity: event=0, uid=1000
D/PowerManagerService(  663): updateWakeLockSummaryLocked: mWakefulness=Awake, mWakeLockSummary=0x0
D/PowerManagerService(  663): updateUserActivitySummaryLocked: mWakefulness=Awake, mUserActivitySummary=0x5, nextTimeout=32437414 (in 7994 ms)
D/PowerManagerService(  663): newScreenState = 2
D/PowerManagerDisplayController(  663): requestPowerState: screenState=2, useProximitySensor=false, screenBrightness=128, screenAutoBrightnessAdjustment=0.0, useAutoBrightness=false, useEcoBrightness=false, blockScreenOn=false, waitForNegativeProximity=false
I/PowerManagerService(  663): setBrightness mButtonLight, screenBrightness=128
D/PowerManagerService(  663): updateScreenStateLocked: mDisplayReady=true, newScreenState=2, mWakefulness=1, mWakeLockSummary=0x0, mUserActivitySummary=0x5, mBootCompleted=true
D/PowerManagerService(  663): handleSandman: canDream=true, mWakefulness=Awake
W/Trace   (  663): Unexpected value from nativeGetEnabledTags: 0
V/ActivityManager(  663): getTasks: max=1, flags=0, receiver=null
V/ActivityManager(  663): com.joey.expresscall/.test.ECInterfaceTest: task=TaskRecord{4237d740 #63 A com.joey.expresscall U 0}
V/ActivityManager(  663): We have pending thumbnails: null
W/Trace   ( 9069): Unexpected value from nativeGetEnabledTags: 0
W/Trace   ( 9069): Unexpected value from nativeGetEnabledTags: 0
V/ActivityManager(  663): getTasks: max=1, flags=0, receiver=null
V/ActivityManager(  663): com.joey.expresscall/.test.ECInterfaceTest: task=TaskRecord{4237d740 #63 A com.joey.expresscall U 0}
V/ActivityManager(  663): We have pending thumbnails: null
W/Trace   (  788): Unexpected value from nativeGetEnabledTags: 0
W/Trace   (  788): Unexpected value from nativeGetEnabledTags: 0
W/Trace   (  788): Unexpected value from nativeGetEnabledTags: 0
W/Trace   (  788): Unexpected value from nativeGetEnabledTags: 0
W/Trace   (  788): Unexpected value from nativeGetEnabledTags: 0
W/Trace   (  788): Unexpected value from nativeGetEnabledTags: 0
W/Trace   (  788): Unexpected value from nativeGetEnabledTags: 0
W/Trace   (  788): Unexpected value from nativeGetEnabledTags: 0
W/Trace   (  788): Unexpected value from nativeGetEnabledTags: 0
W/Trace   (  788): Unexpected value from nativeGetEnabledTags: 0
D/Settings/BW(14791): ReadCodeTask:file size: 4096
I/BufferQueue(  131): [StatusBar](this:0x41fdf8f8,api:1) [release] fps:1.99, dur:1508.89, max:995.52, min:18.06
D/dalvikvm(14791): GC_CONCURRENT freed 409K, 19% free 2663K/3288K, paused 2ms+2ms, total 26ms
W/Trace   ( 9069): Unexpected value from nativeGetEnabledTags: 0
W/Trace   ( 9069): Unexpected value from nativeGetEnabledTags: 0
D/NetworkControllerGemini(  788): refreshViews(0), DataConnected=false simColorId = -1
D/NetworkControllerGemini(  788): refreshViews(0), set parameters to signal cluster view.
D/NetworkControllerGemini(  788): refreshViews(0), tempPhoneSignalIconId.0 = 2130837558  tempPhoneSignalIconId.1 = 0  tempMobileActivityIconId= 0  tempDataTypeIconId= 0
D/SignalClusterViewGemini(  788): setMobileDataIndicators(0), visible=true, strengthIcon[0] ~ [1] 2130837558 ~ 0
D/SignalClusterViewGemini(  788): setShowSimIndicator(0), showSimIndicator=false simIndicatorResource = 0
D/SignalClusterViewGemini(  788): setDataConnected(0), dataConnected=false
D/SignalClusterViewGemini(  788): setDataNetType3G(0), dataNetType=null
D/skia    (  788): Flag is not 10
D/SignalClusterViewGemini(  788): apply : mShowSimIndicator = false mSimIndicatorResource = 0 mShowSimIndicatorGemini = false mSimIndicatorResourceGemini = 0
D/SignalClusterViewGemini(  788): apply, mMobileVisible=true mMobileActivityId=0 mMobileTypeId=0 mMobileStrengthId[0] = 2130837558 mMobileStrengthId[1] = 0
D/SignalClusterViewGemini(  788): isSimInserted(0), SimInserted=false
D/SignalClusterViewGemini(  788): apply, mMobileVisibleGemini=true mMobileActivityIdGemini=0 mMobileTypeIdGemini=2130837912 mMobileStrengthIdGemini[0] = 2130837961 mMobileStrengthIdGemini[1] = 0
D/SignalClusterViewGemini(  788): isSimInserted(1), SimInserted=true
D/SignalClusterViewGemini(  788): mDataNetTypeGemini =Type_G resId= 2130837554 simColorId = 3
D/SignalClusterViewGemini(  788): apply, mMobileVisible=true, mWifiVisible=true, mIsAirplaneMode=false
D/SignalClusterViewGemini(  788): isSimInserted(0), SimInserted=false
D/SignalClusterViewGemini(  788): isSimInserted(1), SimInserted=true
D/SignalClusterViewGemini(  788): isSimInserted(1), SimInserted=true
D/NetworkControllerGemini(  788): refreshViews(1), DataConnected=false simColorId = 3
D/SignalClusterViewGemini(  788): setShowSimIndicator(1), showSimIndicator=false simIndicatorResource = 0
D/SignalClusterViewGemini(  788): setDataConnected(1), dataConnected=false
D/SignalClusterViewGemini(  788): setDataNetType3G(1), dataNetType=Type_G
D/SignalClusterViewGemini(  788): apply : mShowSimIndicator = false mSimIndicatorResource = 0 mShowSimIndicatorGemini = false mSimIndicatorResourceGemini = 0
D/SignalClusterViewGemini(  788): apply, mMobileVisibleGemini=true mMobileActivityIdGemini=0 mMobileTypeIdGemini=2130837912 mMobileStrengthIdGemini[0] = 2130837961 mMobileStrengthIdGemini[1] = 0
D/SignalClusterViewGemini(  788): isSimInserted(1), SimInserted=true
D/SignalClusterViewGemini(  788): mDataNetTypeGemini =Type_G resId= 2130837554 simColorId = 3
D/SignalClusterViewGemini(  788): apply, mMobileVisible=false, mWifiVisible=true, mIsAirplaneMode=false
D/SignalClusterViewGemini(  788): isSimInserted(0), SimInserted=false
D/SignalClusterViewGemini(  788): isSimInserted(1), SimInserted=true
D/SignalClusterViewGemini(  788): isSimInserted(1), SimInserted=true
W/Trace   (  788): Unexpected value from nativeGetEnabledTags: 0
W/Trace   (  788): Unexpected value from nativeGetEnabledTags: 0
W/Trace   (  788): Unexpected value from nativeGetEnabledTags: 0
W/Trace   (  788): Unexpected value from nativeGetEnabledTags: 0
W/Trace   (  788): Unexpected value from nativeGetEnabledTags: 0
W/Trace   (  788): Unexpected value from nativeGetEnabledTags: 0
W/Trace   (  788): Unexpected value from nativeGetEnabledTags: 0
W/Trace   (  788): Unexpected value from nativeGetEnabledTags: 0
W/Trace   (  788): Unexpected value from nativeGetEnabledTags: 0
W/Trace   (  788): Unexpected value from nativeGetEnabledTags: 0
W/Trace   (  788): Unexpected value from nativeGetEnabledTags: 0
W/Trace   (  788): Unexpected value from nativeGetEnabledTags: 0
I/SurfaceTextureClient(  788): [STC::queueBuffer] (this:0x5e363390) fps:1.36, dur:1465.47, max:995.84, min:469.63
I/BufferQueue(  131): [StatusBar](this:0x41fdf8f8,api:1) [queue] fps:1.37, dur:1465.16, max:995.53, min:469.63
W/Trace   (  788): Unexpected value from nativeGetEnabledTags: 0
W/Trace   (  788): Unexpected value from nativeGetEnabledTags: 0
I/SurfaceFlinger(  131): [SurfaceFlinger] fps:21.958950,dur:1457.26,max:461.48,min:2.02
W/Trace   (  788): Unexpected value from nativeGetEnabledTags: 0
W/Trace   (  788): Unexpected value from nativeGetEnabledTags: 0
W/Trace   (  788): Unexpected value from nativeGetEnabledTags: 0
W/Trace   (  788): Unexpected value from nativeGetEnabledTags: 0
W/Trace   (  788): Unexpected value from nativeGetEnabledTags: 0
W/Trace   (  788): Unexpected value from nativeGetEnabledTags: 0
W/Trace   (  788): Unexpected value from nativeGetEnabledTags: 0
W/Trace   (  788): Unexpected value from nativeGetEnabledTags: 0
D/ConnectivityService(  663): getActiveNetworkInfo:NetworkInfo: type: WIFI[], state: CONNECTED/CONNECTED, reason: (unspecified), extra: "XFZDDD", roaming: false, failover: false, isAvailable: true, simId: 0/10076
V/Provider/Settings( 9483):  from settings cache , name = gprs_connection_sim_setting , value = 0
V/ActivityManager(  663): Broadcast: Intent { act=action_traffic_refresh flg=0x10 (has extras) } ordered=false userid=0
W/Trace   ( 9483): Unexpected value from nativeGetEnabledTags: 0
W/Trace   ( 9483): Unexpected value from nativeGetEnabledTags: 0
V/ActivityManager(  663): getTasks: max=1, flags=0, receiver=null
V/ActivityManager(  663): com.joey.expresscall/.test.ECInterfaceTest: task=TaskRecord{4237d740 #63 A com.joey.expresscall U 0}
V/ActivityManager(  663): We have pending thumbnails: null
D/ConnectivityService(  663): getActiveNetworkInfo:NetworkInfo: type: WIFI[], state: CONNECTED/CONNECTED, reason: (unspecified), extra: "XFZDDD", roaming: false, failover: false, isAvailable: true, simId: 0/10076
V/Provider/Settings( 9483):  from settings cache , name = gprs_connection_sim_setting , value = 0
D/ConnectivityService(  663): getActiveNetworkInfo:NetworkInfo: type: WIFI[], state: CONNECTED/CONNECTED, reason: (unspecified), extra: "XFZDDD", roaming: false, failover: false, isAvailable: true, simId: 0/10076
V/Provider/Settings( 9483):  from settings cache , name = gprs_connection_sim_setting , value = 0
D/ConnectivityService(  663): getActiveNetworkInfo:NetworkInfo: type: WIFI[], state: CONNECTED/CONNECTED, reason: (unspecified), extra: "XFZDDD", roaming: false, failover: false, isAvailable: true, simId: 0/10076
V/Provider/Settings( 9483):  from settings cache , name = gprs_connection_sim_setting , value = 0
D/ConnectivityService(  663): getActiveNetworkInfo:NetworkInfo: type: WIFI[], state: CONNECTED/CONNECTED, reason: (unspecified), extra: "XFZDDD", roaming: false, failover: false, isAvailable: true, simId: 0/10076
