W/Trace   (  654): Unexpected value from nativeGetEnabledTags: 0
W/Trace   (  654): Unexpected value from nativeGetEnabledTags: 0
W/Trace   (  654): Unexpected value from nativeGetEnabledTags: 0
W/Trace   (  654): Unexpected value from nativeGetEnabledTags: 0
W/Trace   (  654): Unexpected value from nativeGetEnabledTags: 0
W/Trace   (  654): Unexpected value from nativeGetEnabledTags: 0
W/Trace   (  654): Unexpected value from nativeGetEnabledTags: 0
W/Trace   (  654): Unexpected value from nativeGetEnabledTags: 0
W/Trace   (  654): Unexpected value from nativeGetEnabledTags: 0
W/Trace   (  654): Unexpected value from nativeGetEnabledTags: 0
W/Trace   (  654): Unexpected value from nativeGetEnabledTags: 0
I/SurfaceTextureClient(  654): [STC::queueBuffer] (this:0x5e2f6d10) fps:0.98, dur:1018.80, max:1018.80, min:1018.80
I/BufferQueue(  131): [StatusBar](this:0x41bff9e0,api:1) [queue] fps:0.98, dur:1018.96, max:1018.96, min:1018.96
W/Trace   (  654): Unexpected value from nativeGetEnabledTags: 0
W/Trace   (  654): Unexpected value from nativeGetEnabledTags: 0
I/BufferQueue(  131): [StatusBar](this:0x41bff9e0,api:1) [release] fps:0.99, dur:1008.70, max:1008.70, min:1008.70
I/SurfaceFlinger(  131): [SurfaceFlinger] fps:3.304504,dur:1210.47,max:497.66,min:201.77
W/Trace   ( 3365): Unexpected value from nativeGetEnabledTags: 0
W/Trace   ( 3365): Unexpected value from nativeGetEnabledTags: 0
W/Trace   ( 3365): Unexpected value from nativeGetEnabledTags: 0
W/Trace   ( 3365): Unexpected value from nativeGetEnabledTags: 0
W/Trace   ( 3365): Unexpected value from nativeGetEnabledTags: 0
W/Trace   ( 3365): Unexpected value from nativeGetEnabledTags: 0
W/Trace   ( 3365): Unexpected value from nativeGetEnabledTags: 0
W/Trace   ( 3365): Unexpected value from nativeGetEnabledTags: 0
I/SurfaceTextureClient( 3365): [STC::queueBuffer] (this:0x5d8e0410) fps:2.00, dur:1501.13, max:509.94, min:493.60
I/BufferQueue(  131): [com.joey.expresscall/com.joey.expresscall.login.JVLoginActivity](this:0x41c0d2b0,api:1) [queue] fps:2.00, dur:1501.11, max:510.20, min:493.32
W/Trace   ( 3365): Unexpected value from nativeGetEnabledTags: 0
W/Trace   ( 3365): Unexpected value from nativeGetEnabledTags: 0
I/BufferQueue(  131): [com.joey.expresscall/com.joey.expresscall.login.JVLoginActivity](this:0x41c0d2b0,api:1) [release] fps:2.00, dur:1501.99, max:510.80, min:493.53
D/StateMachine(  560): handleMessage: E msg.what=131155
D/StateMachine(  560): processMsg: ConnectedState
D/WifiStateMachine(  560): ConnectedState{ what=131155 when=-4ms arg1=1 target=Handler (com.android.internal.util.StateMachine$SmHandler) {423de070} }
D/StateMachine(  560): processMsg: L2ConnectedState
D/WifiStateMachine(  560): L2ConnectedState{ what=131155 when=-5ms arg1=1 target=Handler (com.android.internal.util.StateMachine$SmHandler) {423de070} }
D/WifiNative-wlan0(  560): doString: SIGNAL_POLL
D/WifiCommon(  560): [wlan0] SET "SIGNAL_POLL"
D/wpa_supplicant(  819): RX ctrl_iface - hexdump(len=11): 53 49 47 4e 41 4c 5f 50 4f 4c 4c
D/wpa_supplicant(  819): wlan0: Control interface command 'SIGNAL_POLL'
D/wpa_supplicant(  819): nl80211: survey data missing!
I/WifiStateMachine(  560): fetchRssiAndLinkSpeedNative, newRssi:-33, newLinkSpeed:135
D/StateMachine(  560): handleMessage: X
V/ActivityManager(  560): getTasks: max=1, flags=0, receiver=null
V/ActivityManager(  560): com.joey.expresscall/.login.JVLoginActivity: task=TaskRecord{42b95890 #5 A com.joey.expresscall U 0}
V/ActivityManager(  560): We have pending thumbnails: null
W/Trace   ( 3365): Unexpected value from nativeGetEnabledTags: 0
W/Trace   ( 3365): Unexpected value from nativeGetEnabledTags: 0
W/Trace   ( 3365): Unexpected value from nativeGetEnabledTags: 0
W/Trace   ( 3365): Unexpected value from nativeGetEnabledTags: 0
W/Trace   ( 3365): Unexpected value from nativeGetEnabledTags: 0
W/Trace   ( 3365): Unexpected value from nativeGetEnabledTags: 0
W/Trace   ( 3365): Unexpected value from nativeGetEnabledTags: 0
W/Trace   ( 3365): Unexpected value from nativeGetEnabledTags: 0
W/Trace   ( 3365): Unexpected value from nativeGetEnabledTags: 0
W/Trace   ( 3365): Unexpected value from nativeGetEnabledTags: 0
D/NetworkControllerGemini(  654): refreshViews(0), DataConnected=false simColorId = -1
D/NetworkControllerGemini(  654): refreshViews(0), set parameters to signal cluster view.
D/NetworkControllerGemini(  654): refreshViews(0), tempPhoneSignalIconId.0 = 2130837558  tempPhoneSignalIconId.1 = 0  tempMobileActivityIconId= 0  tempDataTypeIconId= 0
D/SignalClusterViewGemini(  654): setMobileDataIndicators(0), visible=true, strengthIcon[0] ~ [1] 2130837558 ~ 0
D/SignalClusterViewGemini(  654): setShowSimIndicator(0), showSimIndicator=false simIndicatorResource = 0
D/SignalClusterViewGemini(  654): setDataConnected(0), dataConnected=false
D/SignalClusterViewGemini(  654): setDataNetType3G(0), dataNetType=null
D/SignalClusterViewGemini(  654): apply : mShowSimIndicator = false mSimIndicatorResource = 0 mShowSimIndicatorGemini = false mSimIndicatorResourceGemini = 0
D/SignalClusterViewGemini(  654): apply, mMobileVisible=true mMobileActivityId=0 mMobileTypeId=0 mMobileStrengthId[0] = 2130837558 mMobileStrengthId[1] = 0
D/SignalClusterViewGemini(  654): isSimInserted(0), SimInserted=false
D/SignalClusterViewGemini(  654): apply, mMobileVisibleGemini=true mMobileActivityIdGemini=0 mMobileTypeIdGemini=2130837912 mMobileStrengthIdGemini[0] = 2130837961 mMobileStrengthIdGemini[1] = 0
D/SignalClusterViewGemini(  654): isSimInserted(1), SimInserted=true
D/SignalClusterViewGemini(  654): mDataNetTypeGemini =Type_G resId= 2130837554 simColorId = 3
D/SignalClusterViewGemini(  654): apply, mMobileVisible=true, mWifiVisible=true, mIsAirplaneMode=false
D/SignalClusterViewGemini(  654): isSimInserted(0), SimInserted=false
D/SignalClusterViewGemini(  654): isSimInserted(1), SimInserted=true
D/SignalClusterViewGemini(  654): isSimInserted(1), SimInserted=true
D/NetworkControllerGemini(  654): refreshViews(1), DataConnected=false simColorId = 3
D/SignalClusterViewGemini(  654): setShowSimIndicator(1), showSimIndicator=false simIndicatorResource = 0
D/SignalClusterViewGemini(  654): setDataConnected(1), dataConnected=false
D/SignalClusterViewGemini(  654): setDataNetType3G(1), dataNetType=Type_G
D/SignalClusterViewGemini(  654): apply : mShowSimIndicator = false mSimIndicatorResource = 0 mShowSimIndicatorGemini = false mSimIndicatorResourceGemini = 0
D/SignalClusterViewGemini(  654): apply, mMobileVisibleGemini=true mMobileActivityIdGemini=0 mMobileTypeIdGemini=2130837912 mMobileStrengthIdGemini[0] = 2130837961 mMobileStrengthIdGemini[1] = 0
D/SignalClusterViewGemini(  654): isSimInserted(1), SimInserted=true
D/SignalClusterViewGemini(  654): mDataNetTypeGemini =Type_G resId= 2130837554 simColorId = 3
D/SignalClusterViewGemini(  654): apply, mMobileVisible=false, mWifiVisible=true, mIsAirplaneMode=false
D/SignalClusterViewGemini(  654): isSimInserted(0), SimInserted=false
D/SignalClusterViewGemini(  654): isSimInserted(1), SimInserted=true
D/SignalClusterViewGemini(  654): isSimInserted(1), SimInserted=true
W/Trace   (  654): Unexpected value from nativeGetEnabledTags: 0
W/Trace   (  654): Unexpected value from nativeGetEnabledTags: 0
W/Trace   (  654): Unexpected value from nativeGetEnabledTags: 0
W/Trace   (  654): Unexpected value from nativeGetEnabledTags: 0
W/Trace   (  654): Unexpected value from nativeGetEnabledTags: 0
W/Trace   (  654): Unexpected value from nativeGetEnabledTags: 0
W/Trace   (  654): Unexpected value from nativeGetEnabledTags: 0
W/Trace   (  654): Unexpected value from nativeGetEnabledTags: 0
W/Trace   (  654): Unexpected value from nativeGetEnabledTags: 0
W/Trace   (  654): Unexpected value from nativeGetEnabledTags: 0
W/Trace   (  654): Unexpected value from nativeGetEnabledTags: 0
W/Trace   (  654): Unexpected value from nativeGetEnabledTags: 0
I/SurfaceTextureClient(  654): [STC::queueBuffer] (this:0x5e2f6d10) fps:0.98, dur:1015.80, max:1015.80, min:1015.80
I/BufferQueue(  131): [StatusBar](this:0x41bff9e0,api:1) [queue] fps:0.98, dur:1015.87, max:1015.87, min:1015.87
W/Trace   (  654): Unexpected value from nativeGetEnabledTags: 0
W/Trace   (  654): Unexpected value from nativeGetEnabledTags: 0
I/BufferQueue(  131): [StatusBar](this:0x41bff9e0,api:1) [release] fps:0.97, dur:1025.67, max:1025.67, min:1025.67
I/SurfaceFlinger(  131): [SurfaceFlinger] fps:2.924918,dur:1025.67,max:497.59,min:236.63
D/Settings/BW( 1190): ReadCodeTask:file size: 4096
W/Trace   ( 3365): Unexpected value from nativeGetEnabledTags: 0
W/Trace   ( 3365): Unexpected value from nativeGetEnabledTags: 0
W/Trace   ( 3365): Unexpected value from nativeGetEnabledTags: 0
W/Trace   ( 3365): Unexpected value from nativeGetEnabledTags: 0
W/Trace   ( 3365): Unexpected value from nativeGetEnabledTags: 0
W/Trace   ( 3365): Unexpected value from nativeGetEnabledTags: 0
W/Trace   ( 3365): Unexpected value from nativeGetEnabledTags: 0
W/Trace   ( 3365): Unexpected value from nativeGetEnabledTags: 0
W/Trace   ( 3365): Unexpected value from nativeGetEnabledTags: 0
W/Trace   ( 3365): Unexpected value from nativeGetEnabledTags: 0
V/ActivityManager(  560): getTasks: max=1, flags=0, receiver=null
V/ActivityManager(  560): com.joey.expresscall/.login.JVLoginActivity: task=TaskRecord{42b95890 #5 A com.joey.expresscall U 0}
V/ActivityManager(  560): We have pending thumbnails: null
V/ActivityManager(  560): getTasks: max=1, flags=0, receiver=null
V/ActivityManager(  560): com.joey.expresscall/.login.JVLoginActivity: task=TaskRecord{42b95890 #5 A com.joey.expresscall U 0}
V/ActivityManager(  560): We have pending thumbnails: null
W/Trace   ( 3365): Unexpected value from nativeGetEnabledTags: 0
W/Trace   ( 3365): Unexpected value from nativeGetEnabledTags: 0
W/Trace   ( 3365): Unexpected value from nativeGetEnabledTags: 0
W/Trace   ( 3365): Unexpected value from nativeGetEnabledTags: 0
W/Trace   ( 3365): Unexpected value from nativeGetEnabledTags: 0
W/Trace   ( 3365): Unexpected value from nativeGetEnabledTags: 0
W/Trace   ( 3365): Unexpected value from nativeGetEnabledTags: 0
W/Trace   ( 3365): Unexpected value from nativeGetEnabledTags: 0
I/SurfaceTextureClient( 3365): [STC::queueBuffer] (this:0x5d8e0410) fps:2.01, dur:1489.84, max:498.32, min:493.95
I/BufferQueue(  131): [com.joey.expresscall/com.joey.expresscall.login.JVLoginActivity](this:0x41c0d2b0,api:1) [queue] fps:2.01, dur:1489.80, max:498.57, min:493.52
W/Trace   ( 3365): Unexpected value from nativeGetEnabledTags: 0
W/Trace   ( 3365): Unexpected value from nativeGetEnabledTags: 0
I/BufferQueue(  131): [com.joey.expresscall/com.joey.expresscall.login.JVLoginActivity](this:0x41c0d2b0,api:1) [release] fps:2.01, dur:1489.03, max:497.92, min:493.47
D/NetworkControllerGemini(  654): refreshViews(0), DataConnected=false simColorId = -1
D/NetworkControllerGemini(  654): refreshViews(0), set parameters to signal cluster view.
D/NetworkControllerGemini(  654): refreshViews(0), tempPhoneSignalIconId.0 = 2130837558  tempPhoneSignalIconId.1 = 0  tempMobileActivityIconId= 0  tempDataTypeIconId= 0
D/SignalClusterViewGemini(  654): setMobileDataIndicators(0), visible=true, strengthIcon[0] ~ [1] 2130837558 ~ 0
D/SignalClusterViewGemini(  654): setShowSimIndicator(0), showSimIndicator=false simIndicatorResource = 0
D/SignalClusterViewGemini(  654): setDataConnected(0), dataConnected=false
D/SignalClusterViewGemini(  654): setDataNetType3G(0), dataNetType=null
D/SignalClusterViewGemini(  654): apply : mShowSimIndicator = false mSimIndicatorResource = 0 mShowSimIndicatorGemini = false mSimIndicatorResourceGemini = 0
D/SignalClusterViewGemini(  654): apply, mMobileVisible=true mMobileActivityId=0 mMobileTypeId=0 mMobileStrengthId[0] = 2130837558 mMobileStrengthId[1] = 0
D/SignalClusterViewGemini(  654): isSimInserted(0), SimInserted=false
D/SignalClusterViewGemini(  654): apply, mMobileVisibleGemini=true mMobileActivityIdGemini=0 mMobileTypeIdGemini=2130837912 mMobileStrengthIdGemini[0] = 2130837961 mMobileStrengthIdGemini[1] = 0
D/SignalClusterViewGemini(  654): isSimInserted(1), SimInserted=true
D/SignalClusterViewGemini(  654): mDataNetTypeGemini =Type_G resId= 2130837554 simColorId = 3
D/SignalClusterViewGemini(  654): apply, mMobileVisible=true, mWifiVisible=true, mIsAirplaneMode=false
D/SignalClusterViewGemini(  654): isSimInserted(0), SimInserted=false
D/SignalClusterViewGemini(  654): isSimInserted(1), SimInserted=true
D/SignalClusterViewGemini(  654): isSimInserted(1), SimInserted=true
D/NetworkControllerGemini(  654): refreshViews(1), DataConnected=false simColorId = 3
D/SignalClusterViewGemini(  654): setShowSimIndicator(1), showSimIndicator=false simIndicatorResource = 0
D/SignalClusterViewGemini(  654): setDataConnected(1), dataConnected=false
D/SignalClusterViewGemini(  654): setDataNetType3G(1), dataNetType=Type_G
D/SignalClusterViewGemini(  654): apply : mShowSimIndicator = false mSimIndicatorResource = 0 mShowSimIndicatorGemini = false mSimIndicatorResourceGemini = 0
D/SignalClusterViewGemini(  654): apply, mMobileVisibleGemini=true mMobileActivityIdGemini=0 mMobileTypeIdGemini=2130837912 mMobileStrengthIdGemini[0] = 2130837961 mMobileStrengthIdGemini[1] = 0
D/SignalClusterViewGemini(  654): isSimInserted(1), SimInserted=true
D/SignalClusterViewGemini(  654): mDataNetTypeGemini =Type_G resId= 2130837554 simColorId = 3
D/SignalClusterViewGemini(  654): apply, mMobileVisible=false, mWifiVisible=true, mIsAirplaneMode=false
D/SignalClusterViewGemini(  654): isSimInserted(0), SimInserted=false
D/SignalClusterViewGemini(  654): isSimInserted(1), SimInserted=true
D/SignalClusterViewGemini(  654): isSimInserted(1), SimInserted=true
W/Trace   (  654): Unexpected value from nativeGetEnabledTags: 0
W/Trace   (  654): Unexpected value from nativeGetEnabledTags: 0
W/Trace   (  654): Unexpected value from nativeGetEnabledTags: 0
W/Trace   (  654): Unexpected value from nativeGetEnabledTags: 0
W/Trace   (  654): Unexpected value from nativeGetEnabledTags: 0
W/Trace   (  654): Unexpected value from nativeGetEnabledTags: 0
W/Trace   (  654): Unexpected value from nativeGetEnabledTags: 0
W/Trace   (  654): Unexpected value from nativeGetEnabledTags: 0
W/Trace   (  654): Unexpected value from nativeGetEnabledTags: 0
W/Trace   (  654): Unexpected value from nativeGetEnabledTags: 0
W/Trace   (  654): Unexpected value from nativeGetEnabledTags: 0
W/Trace   (  654): Unexpected value from nativeGetEnabledTags: 0
I/SurfaceTextureClient(  654): [STC::queueBuffer] (this:0x5e2f6d10) fps:0.99, dur:1006.67, max:1006.67, min:1006.67
I/BufferQueue(  131): [StatusBar](this:0x41bff9e0,api:1) [queue] fps:0.99, dur:1006.35, max:1006.35, min:1006.35
W/Trace   (  654): Unexpected value from nativeGetEnabledTags: 0
W/Trace   (  654): Unexpected value from nativeGetEnabledTags: 0
I/BufferQueue(  131): [StatusBar](this:0x41bff9e0,api:1) [release] fps:0.99, dur:1008.71, max:1008.71, min:1008.71
I/SurfaceFlinger(  131): [SurfaceFlinger] fps:2.974109,dur:1008.71,max:498.00,min:253.88
W/Trace   ( 3365): Unexpected value from nativeGetEnabledTags: 0
W/Trace   ( 3365): Unexpected value from nativeGetEnabledTags: 0
W/Trace   ( 3365): Unexpected value from nativeGetEnabledTags: 0
W/Trace   ( 3365): Unexpected value from nativeGetEnabledTags: 0
W/Trace   ( 3365): Unexpected value from nativeGetEnabledTags: 0
W/Trace   ( 3365): Unexpected value from nativeGetEnabledTags: 0
W/Trace   ( 3365): Unexpected value from nativeGetEnabledTags: 0
W/Trace   ( 3365): Unexpected value from nativeGetEnabledTags: 0
W/Trace   ( 3365): Unexpected value from nativeGetEnabledTags: 0
W/Trace   ( 3365): Unexpected value from nativeGetEnabledTags: 0
V/ActivityManager(  560): getTasks: max=1, flags=0, receiver=null
V/ActivityManager(  560): com.joey.expresscall/.login.JVLoginActivity: task=TaskRecord{42b95890 #5 A com.joey.expresscall U 0}
V/ActivityManager(  560): We have pending thumbnails: null
W/Trace   ( 3365): Unexpected value from nativeGetEnabledTags: 0
W/Trace   ( 3365): Unexpected value from nativeGetEnabledTags: 0
W/Trace   ( 3365): Unexpected value from nativeGetEnabledTags: 0
W/Trace   ( 3365): Unexpected value from nativeGetEnabledTags: 0
W/Trace   ( 3365): Unexpected value from nativeGetEnabledTags: 0
W/Trace   ( 3365): Unexpected value from nativeGetEnabledTags: 0
W/Trace   ( 3365): Unexpected value from nativeGetEnabledTags: 0
W/Trace   ( 3365): Unexpected value from nativeGetEnabledTags: 0
I/SurfaceTextureClient( 3365): [STC::queueBuffer] (this:0x5d8e0410) fps:1.98, dur:1007.81, max:509.23, min:498.58
I/BufferQueue(  131): [com.joey.expresscall/com.joey.expresscall.login.JVLoginActivity](this:0x41c0d2b0,api:1) [queue] fps:1.98, dur:1007.82, max:509.43, min:498.39
W/Trace   ( 3365): Unexpected value from nativeGetEnabledTags: 0
W/Trace   ( 3365): Unexpected value from nativeGetEnabledTags: 0
V/ActivityManager(  560): getTasks: max=1, flags=0, receiver=null
V/ActivityManager(  560): com.joey.expresscall/.login.JVLoginActivity: task=TaskRecord{42b95890 #5 A com.joey.expresscall U 0}
V/ActivityManager(  560): We have pending thumbnails: null
I/BufferQueue(  131): [com.joey.expresscall/com.joey.expresscall.login.JVLoginActivity](this:0x41c0d2b0,api:1) [release] fps:1.98, dur:1008.54, max:510.56, min:497.98
W/Trace   ( 3365): Unexpected value from nativeGetEnabledTags: 0
W/Trace   ( 3365): Unexpected value from nativeGetEnabledTags: 0
W/Trace   ( 3365): Unexpected value from nativeGetEnabledTags: 0
W/Trace   ( 3365): Unexpected value from nativeGetEnabledTags: 0
W/Trace   ( 3365): Unexpected value from nativeGetEnabledTags: 0
W/Trace   ( 3365): Unexpected value from nativeGetEnabledTags: 0
W/Trace   ( 3365): Unexpected value from nativeGetEnabledTags: 0
W/Trace   ( 3365): Unexpected value from nativeGetEnabledTags: 0
W/Trace   ( 3365): Unexpected value from nativeGetEnabledTags: 0
W/Trace   ( 3365): Unexpected value from nativeGetEnabledTags: 0
I/SurfaceFlinger(  131): [SurfaceFlinger] fps:2.399848,dur:1250.08,max:498.07,min:256.61
D/StateMachine(  560): handleMessage: E msg.what=131155
D/StateMachine(  560): processMsg: ConnectedState
D/WifiStateMachine(  560): ConnectedState{ what=131155 when=-4ms arg1=1 target=Handler (com.android.internal.util.StateMachine$SmHandler) {423de070} }
D/StateMachine(  560): processMsg: L2ConnectedState
D/WifiStateMachine(  560): L2ConnectedState{ what=131155 when=-5ms arg1=1 target=Handler (com.android.internal.util.StateMachine$SmHandler) {423de070} }
D/WifiNative-wlan0(  560): doString: SIGNAL_POLL
D/WifiCommon(  560): [wlan0] SET "SIGNAL_POLL"
D/wpa_supplicant(  819): RX ctrl_iface - hexdump(len=11): 53 49 47 4e 41 4c 5f 50 4f 4c 4c
D/wpa_supplicant(  819): wlan0: Control interface command 'SIGNAL_POLL'
D/wpa_supplicant(  819): nl80211: survey data missing!
I/WifiStateMachine(  560): fetchRssiAndLinkSpeedNative, newRssi:-33, newLinkSpeed:135
D/StateMachine(  560): handleMessage: X
V/ActivityManager(  560): getTasks: max=1, flags=0, receiver=null
V/ActivityManager(  560): com.joey.expresscall/.login.JVLoginActivity: task=TaskRecord{42b95890 #5 A com.joey.expresscall U 0}
D/ADB_SERVICES(  171): adb fdevent_process list (17) (16) 
D/ADB_SERVICES(  171): adb socket read list (16) 
D/ADB_SERVICES(  171): read_data=30032
D/ADB_SERVICES(  171): max_read_time=0.000067 max_send_time=0.000140 
V/ActivityManager(  560): We have pending thumbnails: null
D/ADB_SERVICES(  171): adb local_socket_ready list (16) 
D/ConnectivityService(  560): getActiveNetworkInfo:NetworkInfo: type: WIFI[], state: CONNECTED/CONNECTED, reason: (unspecified), extra: "XFZDDD", roaming: false, failover: false, isAvailable: true, simId: 0/10076
V/Provider/Settings( 1091):  from settings cache , name = gprs_connection_sim_setting , value = 0
V/ActivityManager(  560): Broadcast: Intent { act=action_traffic_refresh flg=0x10 (has extras) } ordered=false userid=0
W/Trace   ( 1091): Unexpected value from nativeGetEnabledTags: 0
W/Trace   ( 1091): Unexpected value from nativeGetEnabledTags: 0
V/ActivityManager(  560): getTasks: max=1, flags=0, receiver=null
V/ActivityManager(  560): com.joey.expresscall/.login.JVLoginActivity: task=TaskRecord{42b95890 #5 A com.joey.expresscall U 0}
V/ActivityManager(  560): We have pending thumbnails: null
D/ConnectivityService(  560): getActiveNetworkInfo:NetworkInfo: type: WIFI[], state: CONNECTED/CONNECTED, reason: (unspecified), extra: "XFZDDD", roaming: false, failover: false, isAvailable: true, simId: 0/10076
V/Provider/Settings( 1091):  from settings cache , name = gprs_connection_sim_setting , value = 0
W/Trace   ( 3365): Unexpected value from nativeGetEnabledTags: 0
W/Trace   ( 3365): Unexpected value from nativeGetEnabledTags: 0
W/Trace   ( 3365): Unexpected value from nativeGetEnabledTags: 0
W/Trace   ( 3365): Unexpected value from nativeGetEnabledTags: 0
W/Trace   ( 3365): Unexpected value from nativeGetEnabledTags: 0
W/Trace   ( 3365): Unexpected value from nativeGetEnabledTags: 0
W/Trace   ( 3365): Unexpected value from nativeGetEnabledTags: 0
W/Trace   ( 3365): Unexpected value from nativeGetEnabledTags: 0
I/SurfaceTextureClient( 3365): [STC::queueBuffer] (this:0x5d8e0410) fps:1.99, dur:1005.72, max:509.29, min:496.43
I/BufferQueue(  131): [com.joey.expresscall/com.joey.expresscall.login.JVLoginActivity](this:0x41c0d2b0,api:1) [queue] fps:1.99, dur:1005.72, max:509.53, min:496.19
W/Trace   ( 3365): Unexpected value from nativeGetEnabledTags: 0
W/Trace   ( 3365): Unexpected value from nativeGetEnabledTags: 0
D/ConnectivityService(  560): getActiveNetworkInfo:NetworkInfo: type: WIFI[], state: CONNECTED/CONNECTED, reason: (unspecified), extra: "XFZDDD", roaming: false, failover: false, isAvailable: true, simId: 0/10076
V/Provider/Settings( 1091):  from settings cache , name = gprs_connection_sim_setting , value = 0
D/ConnectivityService(  560): getActiveNetworkInfo:NetworkInfo: type: WIFI[], state: CONNECTED/CONNECTED, reason: (unspecified), extra: "XFZDDD", roaming: false, failover: false, isAvailable: true, simId: 0/10076
V/Provider/Settings( 1091):  from settings cache , name = gprs_connection_sim_setting , value = 0
D/ConnectivityService(  560): getActiveNetworkInfo:NetworkInfo: type: WIFI[], state: CONNECTED/CONNECTED, reason: (unspecified), extra: "XFZDDD", roaming: false, failover: false, isAvailable: true, simId: 0/10076
V/Provider/Settings( 1091):  from settings cache , name = gprs_connection_sim_setting , value = 0
I/BufferQueue(  131): [com.joey.expresscall/com.joey.expresscall.login.JVLoginActivity](this:0x41c0d2b0,api:1) [release] fps:1.98, dur:1008.11, max:512.62, min:495.49
V/Provider/Settings(  560):  from settings cache , name = sys_free_storage_log_interval , value = null
V/Provider/Settings(  560):  from settings cache , name = disk_free_change_reporting_threshold , value = null
W/Trace   ( 3365): Unexpected value from nativeGetEnabledTags: 0
W/Trace   ( 3365): Unexpected value from nativeGetEnabledTags: 0
W/Trace   ( 3365): Unexpected value from nativeGetEnabledTags: 0
W/Trace   ( 3365): Unexpected value from nativeGetEnabledTags: 0
W/Trace   ( 3365): Unexpected value from nativeGetEnabledTags: 0
W/Trace   ( 3365): Unexpected value from nativeGetEnabledTags: 0
W/Trace   ( 3365): Unexpected value from nativeGetEnabledTags: 0
W/Trace   ( 3365): Unexpected value from nativeGetEnabledTags: 0
W/Trace   ( 3365): Unexpected value from nativeGetEnabledTags: 0
W/Trace   ( 3365): Unexpected value from nativeGetEnabledTags: 0
V/ActivityManager(  560): getTasks: max=1, flags=0, receiver=null
V/ActivityManager(  560): com.joey.expresscall/.login.JVLoginActivity: task=TaskRecord{42b95890 #5 A com.joey.expresscall U 0}
V/ActivityManager(  560): We have pending thumbnails: null
I/SurfaceFlinger(  131): [SurfaceFlinger] fps:1.984681,dur:1007.72,max:512.50,min:495.21
W/ADB_SERVICES(  171): create_local_service_socket() name=shell:cat /proc/meminfo
W/ADB_SERVICES( 3574): adb: unable to open /proc/3574/oom_adj
D/ADB_SERVICES(  171):  closing because is_eof=1 r=1 s->fde.force_eof=0
W/ADB_SERVICES(  171): create_local_service_socket() name=shell:ps
W/ADB_SERVICES( 3575): adb: unable to open /proc/3575/oom_adj
D/ADB_SERVICES(  171):  closing because is_eof=1 r=-1 s->fde.force_eof=0
V/ActivityManager(  560): getTasks: max=1, flags=0, receiver=null
V/ActivityManager(  560): com.joey.expresscall/.login.JVLoginActivity: task=TaskRecord{42b95890 #5 A com.joey.expresscall U 0}
V/ActivityManager(  560): We have pending thumbnails: null
W/Trace   ( 3365): Unexpected value from nativeGetEnabledTags: 0
W/Trace   ( 3365): Unexpected value from nativeGetEnabledTags: 0
W/Trace   ( 3365): Unexpected value from nativeGetEnabledTags: 0
W/Trace   ( 3365): Unexpected value from nativeGetEnabledTags: 0
W/Trace   ( 3365): Unexpected value from nativeGetEnabledTags: 0
W/Trace   ( 3365): Unexpected value from nativeGetEnabledTags: 0
W/Trace   ( 3365): Unexpected value from nativeGetEnabledTags: 0
W/Trace   ( 3365): Unexpected value from nativeGetEnabledTags: 0
W/Trace   ( 3365): Unexpected value from nativeGetEnabledTags: 0
W/Trace   ( 3365): Unexpected value from nativeGetEnabledTags: 0
D/NetworkControllerGemini(  654): refreshViews(0), DataConnected=false simColorId = -1
D/NetworkControllerGemini(  654): refreshViews(0), set parameters to signal cluster view.
D/NetworkControllerGemini(  654): refreshViews(0), tempPhoneSignalIconId.0 = 2130837558  tempPhoneSignalIconId.1 = 0  tempMobileActivityIconId= 0  tempDataTypeIconId= 0
D/SignalClusterViewGemini(  654): setMobileDataIndicators(0), visible=true, strengthIcon[0] ~ [1] 2130837558 ~ 0
D/SignalClusterViewGemini(  654): setShowSimIndicator(0), showSimIndicator=false simIndicatorResource = 0
D/SignalClusterViewGemini(  654): setDataConnected(0), dataConnected=false
D/SignalClusterViewGemini(  654): setDataNetType3G(0), dataNetType=null
D/SignalClusterViewGemini(  654): apply : mShowSimIndicator = false mSimIndicatorResource = 0 mShowSimIndicatorGemini = false mSimIndicatorResourceGemini = 0
D/SignalClusterViewGemini(  654): apply, mMobileVisible=true mMobileActivityId=0 mMobileTypeId=0 mMobileStrengthId[0] = 2130837558 mMobileStrengthId[1] = 0
D/SignalClusterViewGemini(  654): isSimInserted(0), SimInserted=false
D/SignalClusterViewGemini(  654): apply, mMobileVisibleGemini=true mMobileActivityIdGemini=0 mMobileTypeIdGemini=2130837912 mMobileStrengthIdGemini[0] = 2130837961 mMobileStrengthIdGemini[1] = 0
D/SignalClusterViewGemini(  654): isSimInserted(1), SimInserted=true
D/SignalClusterViewGemini(  654): mDataNetTypeGemini =Type_G resId= 2130837554 simColorId = 3
D/SignalClusterViewGemini(  654): apply, mMobileVisible=true, mWifiVisible=true, mIsAirplaneMode=false
D/SignalClusterViewGemini(  654): isSimInserted(0), SimInserted=false
D/SignalClusterViewGemini(  654): isSimInserted(1), SimInserted=true
D/SignalClusterViewGemini(  654): isSimInserted(1), SimInserted=true
D/NetworkControllerGemini(  654): refreshViews(1), DataConnected=false simColorId = 3
D/SignalClusterViewGemini(  654): setShowSimIndicator(1), showSimIndicator=false simIndicatorResource = 0
D/SignalClusterViewGemini(  654): setDataConnected(1), dataConnected=false
D/SignalClusterViewGemini(  654): setDataNetType3G(1), dataNetType=Type_G
D/SignalClusterViewGemini(  654): apply : mShowSimIndicator = false mSimIndicatorResource = 0 mShowSimIndicatorGemini = false mSimIndicatorResourceGemini = 0
D/SignalClusterViewGemini(  654): apply, mMobileVisibleGemini=true mMobileActivityIdGemini=0 mMobileTypeIdGemini=2130837912 mMobileStrengthIdGemini[0] = 2130837961 mMobileStrengthIdGemini[1] = 0
D/SignalClusterViewGemini(  654): isSimInserted(1), SimInserted=true
D/SignalClusterViewGemini(  654): mDataNetTypeGemini =Type_G resId= 2130837554 simColorId = 3
D/SignalClusterViewGemini(  654): apply, mMobileVisible=false, mWifiVisible=true, mIsAirplaneMode=false
D/SignalClusterViewGemini(  654): isSimInserted(0), SimInserted=false
D/SignalClusterViewGemini(  654): isSimInserted(1), SimInserted=true
D/SignalClusterViewGemini(  654): isSimInserted(1), SimInserted=true
W/Trace   (  654): Unexpected value from nativeGetEnabledTags: 0
W/Trace   (  654): Unexpected value from nativeGetEnabledTags: 0
W/Trace   (  654): Unexpected value from nativeGetEnabledTags: 0
W/Trace   (  654): Unexpected value from nativeGetEnabledTags: 0
W/Trace   (  654): Unexpected value from nativeGetEnabledTags: 0
W/Trace   (  654): Unexpected value from nativeGetEnabledTags: 0
W/Trace   (  654): Unexpected value from nativeGetEnabledTags: 0
W/Trace   (  654): Unexpected value from nativeGetEnabledTags: 0
W/Trace   (  654): Unexpected value from nativeGetEnabledTags: 0
W/Trace   (  654): Unexpected value from nativeGetEnabledTags: 0
W/Trace   (  654): Unexpected value from nativeGetEnabledTags: 0
W/Trace   (  654): Unexpected value from nativeGetEnabledTags: 0
I/SurfaceTextureClient(  654): [STC::queueBuffer] (this:0x5e2f6d10) fps:0.33, dur:3018.74, max:3018.74, min:3018.74
I/BufferQueue(  131): [StatusBar](this:0x41bff9e0,api:1) [queue] fps:0.33, dur:3018.75, max:3018.75, min:3018.75
W/Trace   (  654): Unexpected value from nativeGetEnabledTags: 0
W/Trace   (  654): Unexpected value from nativeGetEnabledTags: 0
I/BufferQueue(  131): [StatusBar](this:0x41bff9e0,api:1) [release] fps:0.33, dur:3007.91, max:3007.91, min:3007.91
W/Trace   ( 3365): Unexpected value from nativeGetEnabledTags: 0
W/Trace   ( 3365): Unexpected value from nativeGetEnabledTags: 0
W/Trace   ( 3365): Unexpected value from nativeGetEnabledTags: 0
W/Trace   ( 3365): Unexpected value from nativeGetEnabledTags: 0
W/Trace   ( 3365): Unexpected value from nativeGetEnabledTags: 0
W/Trace   ( 3365): Unexpected value from nativeGetEnabledTags: 0
W/Trace   ( 3365): Unexpected value from nativeGetEnabledTags: 0
W/Trace   ( 3365): Unexpected value from nativeGetEnabledTags: 0
I/SurfaceTextureClient( 3365): [STC::queueBuffer] (this:0x5d8e0410) fps:1.99, dur:1509.48, max:515.48, min:495.94
I/BufferQueue(  131): [com.joey.expresscall/com.joey.expresscall.login.JVLoginActivity](this:0x41c0d2b0,api:1) [queue] fps:1.99, dur:1511.24, max:517.05, min:496.37
W/Trace   ( 3365): Unexpected value from nativeGetEnabledTags: 0
W/Trace   ( 3365): Unexpected value from nativeGetEnabledTags: 0
I/BufferQueue(  131): [com.joey.expresscall/com.joey.expresscall.login.JVLoginActivity](this:0x41c0d2b0,api:1) [release] fps:2.00, dur:1501.86, max:510.24, min:495.07
I/SurfaceFlinger(  131): [SurfaceFlinger] fps:2.979568,dur:1006.86,max:496.53,min:253.58
D/dalvikvm( 3365): GC_CONCURRENT freed 413K, 69% free 3717K/11892K, paused 7ms+4ms, total 41ms
I/System.out( 3215): [CDS]EAGAIN or EWOULDBLOCK in Recvfrom
I/System.out( 3215): [CDS]read byte is 0
I/System.out( 3215): [CDS]rx timeout:10000
I/System.out( 3215): [CDS]rx timeout:30000
D/InputReader(  560): InputReader::monitor: lock
D/InputReader(  560): InputReader::monitor: wait 
D/InputReader(  560): InputReader::monitor: unlock
D/InputReader(  560): InputReader::monitor: done
V/ActivityManager(  560): getTasks: max=1, flags=0, receiver=null
V/ActivityManager(  560): com.joey.expresscall/.login.JVLoginActivity: task=TaskRecord{42b95890 #5 A com.joey.expresscall U 0}
V/ActivityManager(  560): We have pending thumbnails: null
W/Trace   ( 3365): Unexpected value from nativeGetEnabledTags: 0
W/Trace   ( 3365): Unexpected value from nativeGetEnabledTags: 0
W/Trace   ( 3365): Unexpected value from nativeGetEnabledTags: 0
W/Trace   ( 3365): Unexpected value from nativeGetEnabledTags: 0
W/Trace   ( 3365): Unexpected value from nativeGetEnabledTags: 0
W/Trace   ( 3365): Unexpected value from nativeGetEnabledTags: 0
W/Trace   ( 3365): Unexpected value from nativeGetEnabledTags: 0
W/Trace   ( 3365): Unexpected value from nativeGetEnabledTags: 0
V/ActivityManager(  560): getTasks: max=1, flags=0, receiver=null
W/Trace   ( 3365): Unexpected value from nativeGetEnabledTags: 0
V/ActivityManager(  560): com.joey.expresscall/.login.JVLoginActivity: task=TaskRecord{42b95890 #5 A com.joey.expresscall U 0}
W/Trace   ( 3365): Unexpected value from nativeGetEnabledTags: 0
V/ActivityManager(  560): We have pending thumbnails: null
W/Trace   ( 3365): Unexpected value from nativeGetEnabledTags: 0
W/Trace   ( 3365): Unexpected value from nativeGetEnabledTags: 0
W/Trace   ( 3365): Unexpected value from nativeGetEnabledTags: 0
W/Trace   ( 3365): Unexpected value from nativeGetEnabledTags: 0
W/Trace   ( 3365): Unexpected value from nativeGetEnabledTags: 0
W/Trace   ( 3365): Unexpected value from nativeGetEnabledTags: 0
W/Trace   ( 3365): Unexpected value from nativeGetEnabledTags: 0
W/Trace   ( 3365): Unexpected value from nativeGetEnabledTags: 0
W/Trace   ( 3365): Unexpected value from nativeGetEnabledTags: 0
W/Trace   ( 3365): Unexpected value from nativeGetEnabledTags: 0
D/StateMachine(  560): handleMessage: E msg.what=131155
D/StateMachine(  560): processMsg: ConnectedState
D/WifiStateMachine(  560): ConnectedState{ what=131155 when=-4ms arg1=1 target=Handler (com.android.internal.util.StateMachine$SmHandler) {423de070} }
D/StateMachine(  560): processMsg: L2ConnectedState
D/WifiStateMachine(  560): L2ConnectedState{ what=131155 when=-5ms arg1=1 target=Handler (com.android.internal.util.StateMachine$SmHandler) {423de070} }
D/WifiNative-wlan0(  560): doString: SIGNAL_POLL
D/WifiCommon(  560): [wlan0] SET "SIGNAL_POLL"
D/wpa_supplicant(  819): RX ctrl_iface - hexdump(len=11): 53 49 47 4e 41 4c 5f 50 4f 4c 4c
D/wpa_supplicant(  819): wlan0: Control interface command 'SIGNAL_POLL'
D/wpa_supplicant(  819): nl80211: survey data missing!
I/WifiStateMachine(  560): fetchRssiAndLinkSpeedNative, newRssi:-33, newLinkSpeed:135
D/StateMachine(  560): handleMessage: X
V/ActivityManager(  560): getTasks: max=1, flags=0, receiver=null
V/ActivityManager(  560): com.joey.expresscall/.login.JVLoginActivity: task=TaskRecord{42b95890 #5 A com.joey.expresscall U 0}
V/ActivityManager(  560): We have pending thumbnails: null
W/Trace   ( 3365): Unexpected value from nativeGetEnabledTags: 0
W/Trace   ( 3365): Unexpected value from nativeGetEnabledTags: 0
W/Trace   ( 3365): Unexpected value from nativeGetEnabledTags: 0
W/Trace   ( 3365): Unexpected value from nativeGetEnabledTags: 0
W/Trace   ( 3365): Unexpected value from nativeGetEnabledTags: 0
W/Trace   ( 3365): Unexpected value from nativeGetEnabledTags: 0
W/Trace   ( 3365): Unexpected value from nativeGetEnabledTags: 0
W/Trace   ( 3365): Unexpected value from nativeGetEnabledTags: 0
I/SurfaceTextureClient( 3365): [STC::queueBuffer] (this:0x5d8e0410) fps:2.00, dur:1500.84, max:511.83, min:494.43
I/BufferQueue(  131): [com.joey.expresscall/com.joey.expresscall.login.JVLoginActivity](this:0x41c0d2b0,api:1) [queue] fps:2.00, dur:1499.49, max:512.45, min:492.58
W/Trace   ( 3365): Unexpected value from nativeGetEnabledTags: 0
W/Trace   ( 3365): Unexpected value from nativeGetEnabledTags: 0
I/BufferQueue(  131): [com.joey.expresscall/com.joey.expresscall.login.JVLoginActivity](this:0x41c0d2b0,api:1) [release] fps:1.99, dur:1506.27, max:512.85, min:495.65
I/SurfaceFlinger(  131): [SurfaceFlinger] fps:1.991703,dur:1506.25,max:512.92,min:495.58
D/NetworkControllerGemini(  654): refreshViews(0), DataConnected=false simColorId = -1
D/NetworkControllerGemini(  654): refreshViews(0), set parameters to signal cluster view.
D/NetworkControllerGemini(  654): refreshViews(0), tempPhoneSignalIconId.0 = 2130837558  tempPhoneSignalIconId.1 = 0  tempMobileActivityIconId= 0  tempDataTypeIconId= 0
D/SignalClusterViewGemini(  654): setMobileDataIndicators(0), visible=true, strengthIcon[0] ~ [1] 2130837558 ~ 0
D/SignalClusterViewGemini(  654): setShowSimIndicator(0), showSimIndicator=false simIndicatorResource = 0
D/SignalClusterViewGemini(  654): setDataConnected(0), dataConnected=false
D/SignalClusterViewGemini(  654): setDataNetType3G(0), dataNetType=null
D/SignalClusterViewGemini(  654): apply : mShowSimIndicator = false mSimIndicatorResource = 0 mShowSimIndicatorGemini = false mSimIndicatorResourceGemini = 0
D/SignalClusterViewGemini(  654): apply, mMobileVisible=true mMobileActivityId=0 mMobileTypeId=0 mMobileStrengthId[0] = 2130837558 mMobileStrengthId[1] = 0
D/SignalClusterViewGemini(  654): isSimInserted(0), SimInserted=false
D/SignalClusterViewGemini(  654): apply, mMobileVisibleGemini=true mMobileActivityIdGemini=0 mMobileTypeIdGemini=2130837912 mMobileStrengthIdGemini[0] = 2130837961 mMobileStrengthIdGemini[1] = 0
D/SignalClusterViewGemini(  654): isSimInserted(1), SimInserted=true
D/SignalClusterViewGemini(  654): mDataNetTypeGemini =Type_G resId= 2130837554 simColorId = 3
D/SignalClusterViewGemini(  654): apply, mMobileVisible=true, mWifiVisible=true, mIsAirplaneMode=false
D/SignalClusterViewGemini(  654): isSimInserted(0), SimInserted=false
D/SignalClusterViewGemini(  654): isSimInserted(1), SimInserted=true
D/SignalClusterViewGemini(  654): isSimInserted(1), SimInserted=true
D/NetworkControllerGemini(  654): refreshViews(1), DataConnected=false simColorId = 3
D/SignalClusterViewGemini(  654): setShowSimIndicator(1), showSimIndicator=false simIndicatorResource = 0
D/SignalClusterViewGemini(  654): setDataConnected(1), dataConnected=false
D/SignalClusterViewGemini(  654): setDataNetType3G(1), dataNetType=Type_G
D/SignalClusterViewGemini(  654): apply : mShowSimIndicator = false mSimIndicatorResource = 0 mShowSimIndicatorGemini = false mSimIndicatorResourceGemini = 0
D/SignalClusterViewGemini(  654): apply, mMobileVisibleGemini=true mMobileActivityIdGemini=0 mMobileTypeIdGemini=2130837912 mMobileStrengthIdGemini[0] = 2130837961 mMobileStrengthIdGemini[1] = 0
D/SignalClusterViewGemini(  654): isSimInserted(1), SimInserted=true
D/SignalClusterViewGemini(  654): mDataNetTypeGemini =Type_G resId= 2130837554 simColorId = 3
D/SignalClusterViewGemini(  654): apply, mMobileVisible=false, mWifiVisible=true, mIsAirplaneMode=false
D/SignalClusterViewGemini(  654): isSimInserted(0), SimInserted=false
D/SignalClusterViewGemini(  654): isSimInserted(1), SimInserted=true
D/SignalClusterViewGemini(  654): isSimInserted(1), SimInserted=true
W/Trace   (  654): Unexpected value from nativeGetEnabledTags: 0
W/Trace   (  654): Unexpected value from nativeGetEnabledTags: 0
W/Trace   (  654): Unexpected value from nativeGetEnabledTags: 0
W/Trace   (  654): Unexpected value from nativeGetEnabledTags: 0
W/Trace   (  654): Unexpected value from nativeGetEnabledTags: 0
W/Trace   (  654): Unexpected value from nativeGetEnabledTags: 0
W/Trace   (  654): Unexpected value from nativeGetEnabledTags: 0
W/Trace   (  654): Unexpected value from nativeGetEnabledTags: 0
W/Trace   (  654): Unexpected value from nativeGetEnabledTags: 0
W/Trace   (  654): Unexpected value from nativeGetEnabledTags: 0
W/Trace   (  654): Unexpected value from nativeGetEnabledTags: 0
W/Trace   (  654): Unexpected value from nativeGetEnabledTags: 0
I/SurfaceTextureClient(  654): [STC::queueBuffer] (this:0x5e2f6d10) fps:0.50, dur:2019.85, max:2019.85, min:2019.85
I/BufferQueue(  131): [StatusBar](this:0x41bff9e0,api:1) [queue] fps:0.50, dur:2019.85, max:2019.85, min:2019.85
W/Trace   (  654): Unexpected value from nativeGetEnabledTags: 0
W/Trace   (  654): Unexpected value from nativeGetEnabledTags: 0
I/BufferQueue(  131): [StatusBar](this:0x41bff9e0,api:1) [release] fps:0.50, dur:2016.75, max:2016.75, min:2016.75
W/Trace   ( 3365): Unexpected value from nativeGetEnabledTags: 0
W/Trace   ( 3365): Unexpected value from nativeGetEnabledTags: 0
W/Trace   ( 3365): Unexpected value from nativeGetEnabledTags: 0
W/Trace   ( 3365): Unexpected value from nativeGetEnabledTags: 0
W/Trace   ( 3365): Unexpected value from nativeGetEnabledTags: 0
W/Trace   ( 3365): Unexpected value from nativeGetEnabledTags: 0
W/Trace   ( 3365): Unexpected value from nativeGetEnabledTags: 0
W/Trace   ( 3365): Unexpected value from nativeGetEnabledTags: 0
W/Trace   ( 3365): Unexpected value from nativeGetEnabledTags: 0
V/ActivityManager(  560): getTasks: max=1, flags=0, receiver=null
V/ActivityManager(  560): com.joey.expresscall/.login.JVLoginActivity: task=TaskRecord{42b95890 #5 A com.joey.expresscall U 0}
W/Trace   ( 3365): Unexpected value from nativeGetEnabledTags: 0
V/ActivityManager(  560): We have pending thumbnails: null
V/ActivityManager(  560): getTasks: max=1, flags=0, receiver=null
V/ActivityManager(  560): com.joey.expresscall/.login.JVLoginActivity: task=TaskRecord{42b95890 #5 A com.joey.expresscall U 0}
V/ActivityManager(  560): We have pending thumbnails: null
W/Trace   ( 3365): Unexpected value from nativeGetEnabledTags: 0
W/Trace   ( 3365): Unexpected value from nativeGetEnabledTags: 0
W/Trace   ( 3365): Unexpected value from nativeGetEnabledTags: 0
W/Trace   ( 3365): Unexpected value from nativeGetEnabledTags: 0
W/Trace   ( 3365): Unexpected value from nativeGetEnabledTags: 0
W/Trace   ( 3365): Unexpected value from nativeGetEnabledTags: 0
W/Trace   ( 3365): Unexpected value from nativeGetEnabledTags: 0
W/Trace   ( 3365): Unexpected value from nativeGetEnabledTags: 0
W/Trace   ( 3365): Unexpected value from nativeGetEnabledTags: 0
W/Trace   ( 3365): Unexpected value from nativeGetEnabledTags: 0
V/AlarmManager(  560): Native set alarm :Alarm{4260ca20 type 1 com.qihoo360.home}
I/AlarmManager(  560): reset poweroff alarm none
W/Trace   ( 3365): Unexpected value from nativeGetEnabledTags: 0
W/Trace   ( 3365): Unexpected value from nativeGetEnabledTags: 0
W/Trace   ( 3365): Unexpected value from nativeGetEnabledTags: 0
W/Trace   ( 3365): Unexpected value from nativeGetEnabledTags: 0
W/Trace   ( 3365): Unexpected value from nativeGetEnabledTags: 0
W/Trace   ( 3365): Unexpected value from nativeGetEnabledTags: 0
W/Trace   ( 3365): Unexpected value from nativeGetEnabledTags: 0
W/Trace   ( 3365): Unexpected value from nativeGetEnabledTags: 0
I/SurfaceTextureClient( 3365): [STC::queueBuffer] (this:0x5d8e0410) fps:1.99, dur:1504.10, max:512.77, min:494.59
I/BufferQueue(  131): [com.joey.expresscall/com.joey.expresscall.login.JVLoginActivity](this:0x41c0d2b0,api:1) [queue] fps:1.99, dur:1504.10, max:513.44, min:494.09
W/Trace   ( 3365): Unexpected value from nativeGetEnabledTags: 0
W/Trace   ( 3365): Unexpected value from nativeGetEnabledTags: 0
I/BufferQueue(  131): [com.joey.expresscall/com.joey.expresscall.login.JVLoginActivity](this:0x41c0d2b0,api:1) [release] fps:1.99, dur:1504.13, max:512.76, min:493.28
I/SurfaceFlinger(  131): [SurfaceFlinger] fps:2.659250,dur:1504.18,max:512.90,min:239.45
V/ActivityManager(  560): getTasks: max=1, flags=0, receiver=null
V/ActivityManager(  560): com.joey.expresscall/.login.JVLoginActivity: task=TaskRecord{42b95890 #5 A com.joey.expresscall U 0}
D/ADB_SERVICES(  171): adb fdevent_process list (17) (16) (19) 
D/ADB_SERVICES(  171): adb socket read list (16) (19) 
D/ADB_SERVICES(  171): read_data=41539
D/ADB_SERVICES(  171): max_read_time=0.000069 max_send_time=0.000110 
V/ActivityManager(  560): We have pending thumbnails: null
D/ADB_SERVICES(  171): adb local_socket_ready list (16) (19) 
V/ActivityManager(  560): getTasks: max=1, flags=0, receiver=null
V/ActivityManager(  560): com.joey.expresscall/.login.JVLoginActivity: task=TaskRecord{42b95890 #5 A com.joey.expresscall U 0}
V/ActivityManager(  560): We have pending thumbnails: null
W/Trace   ( 3365): Unexpected value from nativeGetEnabledTags: 0
W/Trace   ( 3365): Unexpected value from nativeGetEnabledTags: 0
W/Trace   ( 3365): Unexpected value from nativeGetEnabledTags: 0
W/Trace   ( 3365): Unexpected value from nativeGetEnabledTags: 0
W/Trace   ( 3365): Unexpected value from nativeGetEnabledTags: 0
W/Trace   ( 3365): Unexpected value from nativeGetEnabledTags: 0
W/Trace   ( 3365): Unexpected value from nativeGetEnabledTags: 0
W/Trace   ( 3365): Unexpected value from nativeGetEnabledTags: 0
W/Trace   ( 3365): Unexpected value from nativeGetEnabledTags: 0
W/Trace   ( 3365): Unexpected value from nativeGetEnabledTags: 0
D/NetworkControllerGemini(  654): refreshViews(0), DataConnected=false simColorId = -1
D/NetworkControllerGemini(  654): refreshViews(0), set parameters to signal cluster view.
D/NetworkControllerGemini(  654): refreshViews(0), tempPhoneSignalIconId.0 = 2130837558  tempPhoneSignalIconId.1 = 0  tempMobileActivityIconId= 0  tempDataTypeIconId= 0
D/SignalClusterViewGemini(  654): setMobileDataIndicators(0), visible=true, strengthIcon[0] ~ [1] 2130837558 ~ 0
D/SignalClusterViewGemini(  654): setShowSimIndicator(0), showSimIndicator=false simIndicatorResource = 0
D/SignalClusterViewGemini(  654): setDataConnected(0), dataConnected=false
D/SignalClusterViewGemini(  654): setDataNetType3G(0), dataNetType=null
D/SignalClusterViewGemini(  654): apply : mShowSimIndicator = false mSimIndicatorResource = 0 mShowSimIndicatorGemini = false mSimIndicatorResourceGemini = 0
D/SignalClusterViewGemini(  654): apply, mMobileVisible=true mMobileActivityId=0 mMobileTypeId=0 mMobileStrengthId[0] = 2130837558 mMobileStrengthId[1] = 0
D/SignalClusterViewGemini(  654): isSimInserted(0), SimInserted=false
D/SignalClusterViewGemini(  654): apply, mMobileVisibleGemini=true mMobileActivityIdGemini=0 mMobileTypeIdGemini=2130837912 mMobileStrengthIdGemini[0] = 2130837961 mMobileStrengthIdGemini[1] = 0
D/SignalClusterViewGemini(  654): isSimInserted(1), SimInserted=true
D/SignalClusterViewGemini(  654): mDataNetTypeGemini =Type_G resId= 2130837554 simColorId = 3
D/SignalClusterViewGemini(  654): apply, mMobileVisible=true, mWifiVisible=true, mIsAirplaneMode=false
D/SignalClusterViewGemini(  654): isSimInserted(0), SimInserted=false
D/SignalClusterViewGemini(  654): isSimInserted(1), SimInserted=true
D/SignalClusterViewGemini(  654): isSimInserted(1), SimInserted=true
D/NetworkControllerGemini(  654): refreshViews(1), DataConnected=false simColorId = 3
D/SignalClusterViewGemini(  654): setShowSimIndicator(1), showSimIndicator=false simIndicatorResource = 0
D/SignalClusterViewGemini(  654): setDataConnected(1), dataConnected=false
D/SignalClusterViewGemini(  654): setDataNetType3G(1), dataNetType=Type_G
D/SignalClusterViewGemini(  654): apply : mShowSimIndicator = false mSimIndicatorResource = 0 mShowSimIndicatorGemini = false mSimIndicatorResourceGemini = 0
D/SignalClusterViewGemini(  654): apply, mMobileVisibleGemini=true mMobileActivityIdGemini=0 mMobileTypeIdGemini=2130837912 mMobileStrengthIdGemini[0] = 2130837961 mMobileStrengthIdGemini[1] = 0
D/SignalClusterViewGemini(  654): isSimInserted(1), SimInserted=true
D/SignalClusterViewGemini(  654): mDataNetTypeGemini =Type_G resId= 2130837554 simColorId = 3
D/SignalClusterViewGemini(  654): apply, mMobileVisible=false, mWifiVisible=true, mIsAirplaneMode=false
D/SignalClusterViewGemini(  654): isSimInserted(0), SimInserted=false
D/SignalClusterViewGemini(  654): isSimInserted(1), SimInserted=true
D/SignalClusterViewGemini(  654): isSimInserted(1), SimInserted=true
W/Trace   (  654): Unexpected value from nativeGetEnabledTags: 0
W/Trace   (  654): Unexpected value from nativeGetEnabledTags: 0
W/Trace   (  654): Unexpected value from nativeGetEnabledTags: 0
W/Trace   (  654): Unexpected value from nativeGetEnabledTags: 0
W/Trace   (  654): Unexpected value from nativeGetEnabledTags: 0
W/Trace   (  654): Unexpected value from nativeGetEnabledTags: 0
W/Trace   (  654): Unexpected value from nativeGetEnabledTags: 0
W/Trace   (  654): Unexpected value from nativeGetEnabledTags: 0
W/Trace   (  654): Unexpected value from nativeGetEnabledTags: 0
W/Trace   (  654): Unexpected value from nativeGetEnabledTags: 0
W/Trace   (  654): Unexpected value from nativeGetEnabledTags: 0
W/Trace   (  654): Unexpected value from nativeGetEnabledTags: 0
I/SurfaceTextureClient(  654): [STC::queueBuffer] (this:0x5e2f6d10) fps:0.49, dur:2023.32, max:2023.32, min:2023.32
I/BufferQueue(  131): [StatusBar](this:0x41bff9e0,api:1) [queue] fps:0.49, dur:2024.11, max:2024.11, min:2024.11
W/Trace   (  654): Unexpected value from nativeGetEnabledTags: 0
W/Trace   (  654): Unexpected value from nativeGetEnabledTags: 0
I/BufferQueue(  131): [StatusBar](this:0x41bff9e0,api:1) [release] fps:0.49, dur:2034.41, max:2034.41, min:2034.41
W/Trace   ( 3365): Unexpected value from nativeGetEnabledTags: 0
W/Trace   ( 3365): Unexpected value from nativeGetEnabledTags: 0
W/Trace   ( 3365): Unexpected value from nativeGetEnabledTags: 0
W/Trace   ( 3365): Unexpected value from nativeGetEnabledTags: 0
W/Trace   ( 3365): Unexpected value from nativeGetEnabledTags: 0
W/Trace   ( 3365): Unexpected value from nativeGetEnabledTags: 0
W/Trace   ( 3365): Unexpected value from nativeGetEnabledTags: 0
W/Trace   ( 3365): Unexpected value from nativeGetEnabledTags: 0
W/Trace   ( 3365): Unexpected value from nativeGetEnabledTags: 0
W/Trace   ( 3365): Unexpected value from nativeGetEnabledTags: 0
D/StateMachine(  560): handleMessage: E msg.what=131155
D/StateMachine(  560): processMsg: ConnectedState
D/WifiStateMachine(  560): ConnectedState{ what=131155 when=-5ms arg1=1 target=Handler (com.android.internal.util.StateMachine$SmHandler) {423de070} }
D/StateMachine(  560): processMsg: L2ConnectedState
D/WifiStateMachine(  560): L2ConnectedState{ what=131155 when=-5ms arg1=1 target=Handler (com.android.internal.util.StateMachine$SmHandler) {423de070} }
D/WifiNative-wlan0(  560): doString: SIGNAL_POLL
D/WifiCommon(  560): [wlan0] SET "SIGNAL_POLL"
D/wpa_supplicant(  819): RX ctrl_iface - hexdump(len=11): 53 49 47 4e 41 4c 5f 50 4f 4c 4c
